 dc_motor_encoder_hardware_simulated_slrt

 Timestamp is 5ad77f59 (Wed Apr 18 13:24:41 2018)

 Preferred load address is 10000000

 Start         Length     Name                   Class
 0001:00000000 00064048H .text$mn                CODE
 0002:00000000 00000104H .CRT$XCA                DATA
 0002:00000104 00000104H .CRT$XCZ                DATA
 0002:00000208 00000104H .CRT$XIA                DATA
 0002:0000030c 00000110H .CRT$XIC                DATA
 0002:0000041c 00000104H .CRT$XIZ                DATA
 0002:00000520 00000104H .CRT$XPA                DATA
 0002:00000624 0000010cH .CRT$XPX                DATA
 0002:00000730 00000104H .CRT$XPXA               DATA
 0002:00000834 00000104H .CRT$XPZ                DATA
 0002:00000938 00000104H .CRT$XTA                DATA
 0002:00000a3c 00000104H .CRT$XTZ                DATA
 0002:00000b40 0000e72cH .rdata                  DATA
 0002:0000f26c 00000394H .rdata$r                DATA
 0002:0000f600 00000110H .rdata$sxdata           DATA
 0002:0000f710 000001dcH .rdata$zzzdbg           DATA
 0002:0000f8ec 00000104H .rtc$IAA                DATA
 0002:0000f9f0 00000104H .rtc$IZZ                DATA
 0002:0000faf4 00000104H .rtc$TAA                DATA
 0002:0000fbf8 00000108H .rtc$TZZ                DATA
 0002:0000fd00 00000ac0H .xdata$x                DATA
 0002:000107c0 00000202H .edata                  DATA
 0003:00000000 00001584H .data                   DATA
 0003:00001584 000001dcH .data$r                 DATA
 0003:00001760 000149f8H .bss                    DATA
 0004:00000000 000001d4H .idata$5                DATA
 0004:000001d4 00000014H .idata$2                DATA
 0004:000001e8 00000014H .idata$3                DATA
 0004:000001fc 000001d4H .idata$4                DATA
 0004:000003d0 00000843H .idata$6                DATA
 0005:00000000 00000224H .gfids$x                DATA
 0005:00000224 000001a5H .gfids$y                DATA
 0006:00000000 00000104H .00cfg                  DATA

  Address         Publics by Value              Rva+Base       Lib:Object

 0000:00000000       ___guard_fids_table        00000000     <absolute>
 0000:00000000       ___dynamic_value_reloc_table 00000000     <absolute>
 0000:00000000       ___guard_fids_count        00000000     <absolute>
 0000:00000000       __except_list              00000000     <absolute>
 0000:00000000       ___guard_longjmp_table     00000000     <absolute>
 0000:00000000       ___guard_iat_table         00000000     <absolute>
 0000:00000000       ___guard_iat_count         00000000     <absolute>
 0000:00000000       ___guard_longjmp_count     00000000     <absolute>
 0000:00000003       ___safe_se_handler_count   00000003     <absolute>
 0000:00000100       ___guard_flags             00000100     <absolute>
 0000:00000000       ___ImageBase               10000000     <linker-defined>
 0001:00005f20       _MdlInitialize             10006f20 f   dc_motor_encoder_hardware_simulated.obj
 0001:00005f30       _MdlInitializeSampleTimes  10006f30 f   dc_motor_encoder_hardware_simulated.obj
 0001:00005f40       _MdlInitializeSizes        10006f40 f   dc_motor_encoder_hardware_simulated.obj
 0001:00005f50       _MdlOutputs                10006f50 f   dc_motor_encoder_hardware_simulated.obj
 0001:00005f60       _MdlStart                  10006f60 f   dc_motor_encoder_hardware_simulated.obj
 0001:00005f70       _MdlTerminate              10006f70 f   dc_motor_encoder_hardware_simulated.obj
 0001:00005fc0       _MdlUpdate                 10006fc0 f   dc_motor_encoder_hardware_simulated.obj
 0001:00005fd0       ___local_stdio_printf_options 10006fd0 f i dc_motor_encoder_hardware_simulated.obj
 0001:00005fe0       __vfprintf_l               10006fe0 f i dc_motor_encoder_hardware_simulated.obj
 0001:00006010       _dc_motor_encoder_hardware_simulated 10007010 f   dc_motor_encoder_hardware_simulated.obj
 0001:00006f20       _dc_motor_encoder_hardware_simulated_derivatives 10007f20 f   dc_motor_encoder_hardware_simulated.obj
 0001:00006f70       _dc_motor_encoder_hardware_simulated_initialize 10007f70 f   dc_motor_encoder_hardware_simulated.obj
 0001:00007be0       _dc_motor_encoder_hardware_simulated_output 10008be0 f   dc_motor_encoder_hardware_simulated.obj
 0001:000081f0       _dc_motor_encoder_hardware_simulated_terminate 100091f0 f   dc_motor_encoder_hardware_simulated.obj
 0001:00008240       _dc_motor_encoder_hardware_simulated_update 10009240 f   dc_motor_encoder_hardware_simulated.obj
 0001:00008390       _printf                    10009390 f i dc_motor_encoder_hardware_simulated.obj
 0001:000083d0       _rt_ODECreateIntegrationData 100093d0 f   dc_motor_encoder_hardware_simulated.obj
 0001:000083e0       _rt_ODEDestroyIntegrationData 100093e0 f   dc_motor_encoder_hardware_simulated.obj
 0001:000083f0       _rt_ODEUpdateContinuousStates 100093f0 f   dc_motor_encoder_hardware_simulated.obj
 0001:00008810       _rt_mxCreateCharMatrixFromStrings 10009810 f   rt_matrx.obj
 0001:00008970       _rt_mxCreateDoubleMatrix   10009970 f   rt_matrx.obj
 0001:000089d0       _rt_mxCreateNumericArray   100099d0 f   rt_matrx.obj
 0001:00008a50       _rt_mxCreateString         10009a50 f   rt_matrx.obj
 0001:00008ae0       _rt_mxDuplicateArray       10009ae0 f   rt_matrx.obj
 0001:00008b40       _rt_mxGetDimensions        10009b40 f   rt_matrx.obj
 0001:00008b80       _rt_mxGetEps               10009b80 f   rt_matrx.obj
 0001:00008b90       _rt_mxGetString            10009b90 f   rt_matrx.obj
 0001:00008c10       _rtPrintfNoOp              10009c10 f   rt_printf.obj
 0001:00008c20       _dc_motor_encoder_hardware_simulated_GetCAPIStaticMap 10009c20 f   dc_motor_encoder_hardware_simulated_capi.obj
 0001:00008c30       _dc_motor_encoder_hardware_simulated_InitializeDataMapInfo 10009c30 f   dc_motor_encoder_hardware_simulated_capi.obj
 0001:00008cc0       _rtGetInf                  10009cc0 f   rtGetInf.obj
 0001:00008cf0       _rtGetInfF                 10009cf0 f   rtGetInf.obj
 0001:00008d10       _rtGetMinusInf             10009d10 f   rtGetInf.obj
 0001:00008d40       _rtGetMinusInfF            10009d40 f   rtGetInf.obj
 0001:00008d60       _rtGetNaN                  10009d60 f   rtGetNaN.obj
 0001:00008d90       _rtGetNaNF                 10009d90 f   rtGetNaN.obj
 0001:00008db0       _rtIsInf                   10009db0 f   rt_nonfinite.obj
 0001:00008df0       _rtIsInfF                  10009df0 f   rt_nonfinite.obj
 0001:00008e30       _rtIsNaN                   10009e30 f   rt_nonfinite.obj
 0001:00008e50       _rtIsNaNF                  10009e50 f   rt_nonfinite.obj
 0001:00008e70       _rt_InitInfAndNaN          10009e70 f   rt_nonfinite.obj
 0001:00008ed0       _rt_CleanUpForStateLogWithMMI 10009ed0 f   rt_logging_mmi.obj
 0001:00008fe0       _rt_FillStateSigInfoFromMMI 10009fe0 f   rt_logging_mmi.obj
 0001:00009380       _rtwCAPI_CountSysRan       1000a380 f   rtw_modelmap_utils.obj
 0001:00009420       _rtwCAPI_EncodePath        1000a420 f   rtw_modelmap_utils.obj
 0001:00009520       _rtwCAPI_FillSysRan        1000a520 f   rtw_modelmap_utils.obj
 0001:00009610       _rtwCAPI_FreeFullPaths     1000a610 f   rtw_modelmap_utils.obj
 0001:000096a0       _rtwCAPI_GetFullStateBlockPath 1000a6a0 f   rtw_modelmap_utils.obj
 0001:00009850       _rtwCAPI_GetNumContStateRecords 1000a850 f   rtw_modelmap_utils.obj
 0001:00009910       _rtwCAPI_GetNumSigLogRecords 1000a910 f   rtw_modelmap_utils.obj
 0001:00009960       _rtwCAPI_GetNumSigLogRecordsForRTWLogging 1000a960 f   rtw_modelmap_utils.obj
 0001:00009a00       _rtwCAPI_GetNumStateRecords 1000aa00 f   rtw_modelmap_utils.obj
 0001:00009a50       _rtwCAPI_GetNumStateRecordsForRTWLogging 1000aa50 f   rtw_modelmap_utils.obj
 0001:00009af0       _rtwCAPI_GetSigAddrFromMap 1000aaf0 f   rtw_modelmap_utils.obj
 0001:00009bb0       _rtwCAPI_GetSigLogRecordInfo 1000abb0 f   rtw_modelmap_utils.obj
 0001:00009fe0       _rtwCAPI_GetStateRecordInfo 1000afe0 f   rtw_modelmap_utils.obj
 0001:0000a490       _rtwCAPI_GetStateWidth     1000b490 f   rtw_modelmap_utils.obj
 0001:0000a4f0       _rtwCAPI_HasStates         1000b4f0 f   rtw_modelmap_utils.obj
 0001:0000a560       _rtwCAPI_UpdateFullPaths   1000b560 f   rtw_modelmap_utils.obj
 0001:0000a740       __vsnprintf_l              1000b740 f i rt_logging.obj
 0001:0000a780       __vsprintf_l               1000b780 f i rt_logging.obj
 0001:0000a7c0       _fprintf                   1000b7c0 f i rt_logging.obj
 0001:0000b0d0       _rt_CreateLogVar           1000c0d0 f   rt_logging.obj
 0001:0000b160       _rt_CreateLogVarWithConvert 1000c160 f   rt_logging.obj
 0001:0000bae0       _rt_CreateStructLogVar     1000cae0 f   rt_logging.obj
 0001:0000c840       _rt_GetMxIdFromDTypeId     1000d840 f   rt_logging.obj
 0001:0000c870       _rt_GetMxIdFromDTypeIdForRSim 1000d870 f   rt_logging.obj
 0001:0000f140       _rt_StartDataLogging       10010140 f   rt_logging.obj
 0001:0000f600       _rt_StartDataLoggingWithStartTime 10010600 f   rt_logging.obj
 0001:0000ff60       _rt_StopDataLogging        10010f60 f   rt_logging.obj
 0001:0000ff80       _rt_StopDataLoggingImpl    10010f80 f   rt_logging.obj
 0001:000102b0       _rt_UpdateLogVar           100112b0 f   rt_logging.obj
 0001:000113d0       _rt_UpdateStructLogVar     100123d0 f   rt_logging.obj
 0001:00011460       _rt_UpdateTXXFYLogVars     10012460 f   rt_logging.obj
 0001:00011790       _rt_UpdateTXYLogVars       10012790 f   rt_logging.obj
 0001:000119e0       _sprintf                   100129e0 f i rt_logging.obj
 0001:00011a20       _DllMain@12                10012a20 f   xpctarget.obj
 0001:00011a30       _SLRTSetErrorStatus        10012a30 f   xpctarget.obj
 0001:00011a50       _changeStepSize            10012a50 f   xpctarget.obj
 0001:00011ac0       _dc_motor_encoder_hardware_simulated_ChangeStepSize 10012ac0 f   xpctarget.obj
 0001:00011b30       _getDLMVersion             10012b30 f   xpctarget.obj
 0001:00011b40       _getRefMdlPath             10012b40 f   xpctarget.obj
 0001:00011bc0       _getRefMdlSignalNumber     10012bc0 f   xpctarget.obj
 0001:00011c70       _getrlmdlinfo              10012c70 f   xpctarget.obj
 0001:00011e50       _updateDiscreteEvents      10012e50 f   xpctarget.obj
 0001:00011e60       _getNumRef                 10012e60 f   appmappingData.obj
 0001:00011e70       _vprintf                   10012e70 f i legacy_stdio.obj
 0001:00011eb0       _adquanserq8               10012eb0 f   adquanserq8.obj
 0001:000125d0       _daquanserq8               100135d0 f   daquanserq8.obj
 0001:00012f40       _encquanserq8              10013f40 f   encquanserq8.obj
 0001:00013a80       _GetPCIDeviceFull          10014a80 f   xpcruntime:xpcimports.obj
 0001:00013ac0       _ShowPCIDevice             10014ac0 f   xpcruntime:xpcimports.obj
 0001:00014280       _xpcGetPciConfigAtSlot     10015280 f   xpcruntime:xpcimports.obj
 0001:00014590       _xpcInitProcs              10015590 f   xpcruntime:xpcimports.obj
 0001:000158f0       _xpceuploadevent           100168f0 f   xpcruntime:xpcimports.obj
 0001:00015900       __ftoui3                   10016900 f   LIBCMT:_ftol3_.obj
 0001:0001590f       __ftoul3                   1001690f f   LIBCMT:_ftol3_.obj
 0001:0001591e       __ftol3                    1001691e f   LIBCMT:_ftol3_.obj
 0001:0001592b       __ftol3_NaN                1001692b f   LIBCMT:_ftol3_.obj
 0001:00015943       __ftol3_work               10016943 f   LIBCMT:_ftol3_.obj
 0001:000159c9       __ftol3_common             100169c9 f   LIBCMT:_ftol3_.obj
 0001:00015a8b       __ftol3_arg_error          10016a8b f   LIBCMT:_ftol3_.obj
 0001:00015a9d       __ftol3_except             10016a9d f   LIBCMT:_ftol3_.obj
 0001:00015ae1       __dtoui3                   10016ae1 f   LIBCMT:_ftol3_.obj
 0001:00015af0       __dtoul3                   10016af0 f   LIBCMT:_ftol3_.obj
 0001:00015aff       __dtol3                    10016aff f   LIBCMT:_ftol3_.obj
 0001:00015b0c       __dtol3_NaN                10016b0c f   LIBCMT:_ftol3_.obj
 0001:00015b29       __dtol3_work               10016b29 f   LIBCMT:_ftol3_.obj
 0001:00015c10       __ultod3                   10016c10 f   LIBCMT:_ftol3_.obj
 0001:00015c50       __ltod3                    10016c50 f   LIBCMT:_ftol3_.obj
 0001:00015d54       ___raise_securityfailure   10016d54 f   LIBCMT:gs_report.obj
 0001:00015d86       ___report_gsfailure        10016d86 f   LIBCMT:gs_report.obj
 0001:00015ebf       ___report_rangecheckfailure 10016ebf f   LIBCMT:gs_report.obj
 0001:00015ece       ___report_securityfailure  10016ece f   LIBCMT:gs_report.obj
 0001:00015fd2       ___report_securityfailureEx 10016fd2 f   LIBCMT:gs_report.obj
 0001:0001612d       @__security_check_cookie@4 1001712d f   LIBCMT:_secchk_.obj
 0001:00016142       ___isa_available_init      10017142 f   LIBCMT:_cpu_disp_.obj
 0001:0001670a       __CRT_INIT@12              1001770a f   LIBCMT:dll_dllmain.obj
 0001:00016715       __DllMainCRTStartup@12     10017715 f   LIBCMT:dll_dllmain.obj
 0001:00016740       ??$__crt_fast_decode_pointer@PAP6AXXZ@@YAPAP6AXXZQAP6AXXZ@Z 10017740 f i LIBCMT:utility.obj
 0001:00016759       ??$__crt_fast_encode_pointer@PAP6AXXZ@@YAPAP6AXXZQAP6AXXZ@Z 10017759 f i LIBCMT:utility.obj
 0001:0001677d       ?__crt_rotate_pointer_value@@YAIIH@Z 1001777d f i LIBCMT:utility.obj
 0001:0001678d       ?configure_argv@__scrt_narrow_argv_policy@@SAHXZ 1001778d f i LIBCMT:utility.obj
 0001:00016831       _NtCurrentTeb              10017831 f i LIBCMT:utility.obj
 0001:00016838       ___scrt_acquire_startup_lock 10017838 f   LIBCMT:utility.obj
 0001:0001687a       ___scrt_dllmain_after_initialize_c 1001787a f   LIBCMT:utility.obj
 0001:000168af       ___scrt_dllmain_before_initialize_c 100178af f   LIBCMT:utility.obj
 0001:000168c0       ___scrt_dllmain_crt_thread_attach 100178c0 f   LIBCMT:utility.obj
 0001:000168e6       ___scrt_dllmain_crt_thread_detach 100178e6 f   LIBCMT:utility.obj
 0001:000168f6       ___scrt_dllmain_exception_filter 100178f6 f   LIBCMT:utility.obj
 0001:00016935       ___scrt_dllmain_uninitialize_c 10017935 f   LIBCMT:utility.obj
 0001:00016960       ___scrt_dllmain_uninitialize_critical 10017960 f   LIBCMT:utility.obj
 0001:00016970       ___scrt_initialize_crt     10017970 f   LIBCMT:utility.obj
 0001:000169b7       ___scrt_initialize_onexit_tables 100179b7 f   LIBCMT:utility.obj
 0001:00016a73       ___scrt_is_nonwritable_in_current_image 10017a73 f   LIBCMT:utility.obj
 0001:00016b1f       ___scrt_release_startup_lock 10017b1f f   LIBCMT:utility.obj
 0001:00016b43       ___scrt_uninitialize_crt   10017b43 f   LIBCMT:utility.obj
 0001:00016b75       __onexit                   10017b75 f   LIBCMT:utility.obj
 0001:00016bbe       _at_quick_exit             10017bbe f   LIBCMT:utility.obj
 0001:00016bfb       _atexit                    10017bfb f   LIBCMT:utility.obj
 0001:00016c15       ___security_init_cookie    10017c15 f   LIBCMT:gs_support.obj
 0001:00016cd8       ?__scrt_initialize_type_info@@YAXXZ 10017cd8 f   LIBCMT:tncleanup.obj
 0001:00016ce7       ?__scrt_uninitialize_type_info@@YAXXZ 10017ce7 f   LIBCMT:tncleanup.obj
 0001:00016cf6       ___local_stdio_scanf_options 10017cf6 f i LIBCMT:default_local_stdio_options.obj
 0001:00016cfc       ___scrt_initialize_default_local_stdio_options 10017cfc f   LIBCMT:default_local_stdio_options.obj
 0001:00016d20       ___scrt_get_dyn_tls_init_callback 10017d20 f   LIBCMT:dyn_tls_init.obj
 0001:00016d26       ___scrt_fastfail           10017d26 f   LIBCMT:utility_desktop.obj
 0001:00016e87       ___scrt_get_show_window_mode 10017e87 f   LIBCMT:utility_desktop.obj
 0001:00016ec6       ___scrt_initialize_winrt   10017ec6 f   LIBCMT:utility_desktop.obj
 0001:00016ec9       ___scrt_is_managed_app     10017ec9 f   LIBCMT:utility_desktop.obj
 0001:00016f1e       ___scrt_set_unhandled_exception_filter 10017f1e f   LIBCMT:utility_desktop.obj
 0001:00016f2d       ___scrt_unhandled_exception_filter@4 10017f2d f   LIBCMT:utility_desktop.obj
 0001:00016f7e       __crt_debugger_hook        10017f7e f   LIBCMT:utility_desktop.obj
 0001:00016f88       __RTC_Initialize           10017f88 f   LIBCMT:_initsect_.obj
 0001:00016fbd       __RTC_Terminate            10017fbd f   LIBCMT:_initsect_.obj
 0001:00016ff2       @_guard_check_icall@4      10017ff2 f i LIBCMT:checkcfg.obj
 0001:00017000       __SEH_prolog4              10018000 f   LIBCMT:_sehprolg4_.obj
 0001:00017046       __SEH_epilog4              10018046 f   LIBCMT:_sehprolg4_.obj
 0001:00017071       __get_startup_argv_mode    10018071 f   LIBCMT:argv_mode.obj
 0001:00017075       ___scrt_is_ucrt_dll_in_use 10018075 f   LIBCMT:ucrt_detection.obj
 0001:00017084       @_guard_check_icall_nop@4  10018084 f i LIBCMT:guard_support.obj
 0001:00017085       __guard_icall_checks_enforced 10018085 f i LIBCMT:guard_support.obj
 0001:0001709c       _GetModuleHandleA@4        1001809c f   kernel32:KERNEL32.dll
 0001:000170a2       _GetProcAddress@8          100180a2 f   kernel32:KERNEL32.dll
 0001:000170a8       _UnhandledExceptionFilter@4 100180a8 f   kernel32:KERNEL32.dll
 0001:000170ae       _SetUnhandledExceptionFilter@4 100180ae f   kernel32:KERNEL32.dll
 0001:000170b4       _GetCurrentProcess@0       100180b4 f   kernel32:KERNEL32.dll
 0001:000170ba       _TerminateProcess@8        100180ba f   kernel32:KERNEL32.dll
 0001:000170c0       _IsProcessorFeaturePresent@4 100180c0 f   kernel32:KERNEL32.dll
 0001:000170c6       _QueryPerformanceCounter@4 100180c6 f   kernel32:KERNEL32.dll
 0001:000170cc       _GetCurrentProcessId@0     100180cc f   kernel32:KERNEL32.dll
 0001:000170d2       _GetCurrentThreadId@0      100180d2 f   kernel32:KERNEL32.dll
 0001:000170d8       _GetSystemTimeAsFileTime@4 100180d8 f   kernel32:KERNEL32.dll
 0001:000170de       _InitializeSListHead@4     100180de f   kernel32:KERNEL32.dll
 0001:000170e4       _IsDebuggerPresent@0       100180e4 f   kernel32:KERNEL32.dll
 0001:000170ea       _GetStartupInfoW@4         100180ea f   kernel32:KERNEL32.dll
 0001:000170f0       _GetModuleHandleW@4        100180f0 f   kernel32:KERNEL32.dll
 0001:00017100       _memcpy                    10018100 f   libvcruntime:memcpy.obj
 0001:000177e0       _memset                    100187e0 f   libvcruntime:memset.obj
 0001:00017990       _memmove                   10018990 f   libvcruntime:memmove.obj
 0001:00018070       _strchr                    10019070 f   libvcruntime:strchr.obj
 0001:000180de       ___from_strstr_to_strchr   100190de     libvcruntime:strchr.obj
 0001:00018230       __except_handler4          10019230 f   libvcruntime:_chandler4_.obj
 0001:000183ef       ___vcrt_initialize         100193ef f   libvcruntime:initialization.obj
 0001:00018422       ___vcrt_thread_attach      10019422 f   libvcruntime:initialization.obj
 0001:0001842f       ___vcrt_thread_detach      1001942f f   libvcruntime:initialization.obj
 0001:0001843c       ___vcrt_uninitialize       1001943c f   libvcruntime:initialization.obj
 0001:00018462       ___vcrt_uninitialize_critical 10019462 f   libvcruntime:initialization.obj
 0001:0001847d       ??$?RD@__crt_internal_free_policy@@QBEXQBD@Z 1001947d f i libvcruntime:std_type_info.obj
 0001:00018491       ??$?RX@__crt_internal_free_policy@@QBEXQBX@Z 10019491 f i libvcruntime:std_type_info.obj
 0001:000184a5       ??$__crt_interlocked_compare_exchange_pointer@$$CBD$$T$$T@@YAPBDPDSBD$$T1@Z 100194a5 f i libvcruntime:std_type_info.obj
 0001:000184bb       ??$__crt_interlocked_compare_exchange_pointer@$$CBDPAD$$T@@YAPBDPDSBDQAD$$T@Z 100194bb f i libvcruntime:std_type_info.obj
 0001:000184d1       ??$__crt_interlocked_read_pointer@$$CBD@@YAPBDPDSBD@Z 100194d1 f i libvcruntime:std_type_info.obj
 0001:000184e5       ??0?$__crt_unique_heap_ptr@DU__crt_internal_free_policy@@@@QAE@QAD@Z 100194e5 f i libvcruntime:std_type_info.obj
 0001:000184f6       ??0?$__crt_unique_heap_ptr@XU__crt_internal_free_policy@@@@QAE@QAX@Z 100194f6 f i libvcruntime:std_type_info.obj
 0001:00018507       ??1?$__crt_unique_heap_ptr@DU__crt_internal_free_policy@@@@QAE@XZ 10019507 f i libvcruntime:std_type_info.obj
 0001:0001851b       ??1?$__crt_unique_heap_ptr@XU__crt_internal_free_policy@@@@QAE@XZ 1001951b f i libvcruntime:std_type_info.obj
 0001:0001853b       ??B?$__crt_unique_heap_ptr@DU__crt_internal_free_policy@@@@QBE_NXZ 1001953b f i libvcruntime:std_type_info.obj
 0001:00018542       ??B?$__crt_unique_heap_ptr@XU__crt_internal_free_policy@@@@QBE_NXZ 10019542 f i libvcruntime:std_type_info.obj
 0001:00018571       ?detach@?$__crt_unique_heap_ptr@XU__crt_internal_free_policy@@@@QAEPAXXZ 10019571 f i libvcruntime:std_type_info.obj
 0001:00018577       ?get@?$__crt_unique_heap_ptr@DU__crt_internal_free_policy@@@@QBEPADXZ 10019577 f i libvcruntime:std_type_info.obj
 0001:0001857a       ?get@?$__crt_unique_heap_ptr@XU__crt_internal_free_policy@@@@QBEPAXXZ 1001957a f i libvcruntime:std_type_info.obj
 0001:0001857d       ?is_valid@?$__crt_unique_heap_ptr@DU__crt_internal_free_policy@@@@QBE_NXZ 1001957d f i libvcruntime:std_type_info.obj
 0001:00018584       ?is_valid@?$__crt_unique_heap_ptr@XU__crt_internal_free_policy@@@@QBE_NXZ 10019584 f i libvcruntime:std_type_info.obj
 0001:0001858b       ?release@?$__crt_unique_heap_ptr@DU__crt_internal_free_policy@@@@QAEXXZ 1001958b f i libvcruntime:std_type_info.obj
 0001:0001859f       ?release@?$__crt_unique_heap_ptr@XU__crt_internal_free_policy@@@@QAEXXZ 1001959f f i libvcruntime:std_type_info.obj
 0001:000185b3       ___std_type_info_compare   100195b3 f   libvcruntime:std_type_info.obj
 0001:000185fe       ___std_type_info_destroy_list 100195fe f   libvcruntime:std_type_info.obj
 0001:00018629       ___std_type_info_hash      10019629 f   libvcruntime:std_type_info.obj
 0001:00018658       ___std_type_info_name      10019658 f   libvcruntime:std_type_info.obj
 0001:00018760       __local_unwind4            10019760 f   libvcruntime:_exsup4_.obj
 0001:00018836       __seh_longjmp_unwind4@4    10019836 f   libvcruntime:_exsup4_.obj
 0001:0001885e       @_EH4_CallFilterFunc@8     1001985e f   libvcruntime:_exsup4_.obj
 0001:00018875       @_EH4_TransferToHandler@8  10019875 f   libvcruntime:_exsup4_.obj
 0001:0001888e       @_EH4_GlobalUnwind2@8      1001988e f   libvcruntime:_exsup4_.obj
 0001:000188a7       @_EH4_LocalUnwind@16       100198a7 f   libvcruntime:_exsup4_.obj
 0001:00018915       ___except_validate_context_record 10019915 f   libvcruntime:jbcxrval.obj
 0001:00018916       ___except_validate_jump_buffer 10019916 f   libvcruntime:jbcxrval.obj
 0001:00018917       ??$?RU__vcrt_ptd@@@__crt_internal_free_policy@@QBEXQBU__vcrt_ptd@@@Z 10019917 f i libvcruntime:per_thread_data.obj
 0001:0001892b       ??0?$__crt_unique_heap_ptr@U__vcrt_ptd@@U__crt_internal_free_policy@@@@QAE@QAU__vcrt_ptd@@@Z 1001992b f i libvcruntime:per_thread_data.obj
 0001:0001894e       ??1?$__crt_unique_heap_ptr@U__vcrt_ptd@@U__crt_internal_free_policy@@@@QAE@XZ 1001994e f i libvcruntime:per_thread_data.obj
 0001:0001896d       ??B?$__crt_unique_heap_ptr@U__vcrt_ptd@@U__crt_internal_free_policy@@@@QBE_NXZ 1001996d f i libvcruntime:per_thread_data.obj
 0001:00018974       ?detach@?$__crt_unique_heap_ptr@U__vcrt_ptd@@U__crt_internal_free_policy@@@@QAEPAU__vcrt_ptd@@XZ 10019974 f i libvcruntime:per_thread_data.obj
 0001:0001897a       ?get@?$__crt_unique_heap_ptr@U__vcrt_ptd@@U__crt_internal_free_policy@@@@QBEPAU__vcrt_ptd@@XZ 1001997a f i libvcruntime:per_thread_data.obj
 0001:0001897d       ?is_valid@?$__crt_unique_heap_ptr@U__vcrt_ptd@@U__crt_internal_free_policy@@@@QBE_NXZ 1001997d f i libvcruntime:per_thread_data.obj
 0001:00018984       ?release@?$__crt_unique_heap_ptr@U__vcrt_ptd@@U__crt_internal_free_policy@@@@QAEXXZ 10019984 f i libvcruntime:per_thread_data.obj
 0001:000189b8       ___vcrt_freefls@4          100199b8 f   libvcruntime:per_thread_data.obj
 0001:000189db       ___vcrt_freeptd            100199db f   libvcruntime:per_thread_data.obj
 0001:00018a1e       ___vcrt_getptd             10019a1e f   libvcruntime:per_thread_data.obj
 0001:00018a2f       ___vcrt_getptd_noexit      10019a2f f   libvcruntime:per_thread_data.obj
 0001:00018ae5       ___vcrt_initialize_ptd     10019ae5 f   libvcruntime:per_thread_data.obj
 0001:00018b24       ___vcrt_uninitialize_ptd   10019b24 f   libvcruntime:per_thread_data.obj
 0001:00018b45       ___vcrt_initialize_locks   10019b45 f   libvcruntime:locks.obj
 0001:00018b90       ___vcrt_lock               10019b90 f   libvcruntime:locks.obj
 0001:00018baa       ___vcrt_uninitialize_locks 10019baa f   libvcruntime:locks.obj
 0001:00018be4       ___vcrt_unlock             10019be4 f   libvcruntime:locks.obj
 0001:00018bfe       ??$?BX@__crt_fast_encoded_nullptr_t@@QBEPAXXZ 10019bfe f i libvcruntime:winapi_downlevel.obj
 0001:00018c1c       ??$__crt_fast_decode_pointer@PAX@@YAPAXQAX@Z 10019c1c f i libvcruntime:winapi_downlevel.obj
 0001:00018c35       ??$__crt_fast_encode_pointer@PAX@@YAPAXQAX@Z 10019c35 f i libvcruntime:winapi_downlevel.obj
 0001:00018c59       ??$__crt_interlocked_compare_exchange_pointer@UHINSTANCE__@@$$T$$T@@YAPAUHINSTANCE__@@PDSAU0@$$T1@Z 10019c59 f i libvcruntime:winapi_downlevel.obj
 0001:00018c6f       ??$__crt_interlocked_compare_exchange_pointer@X$$T$$T@@YAPAXPDSAX$$T1@Z 10019c6f f i libvcruntime:winapi_downlevel.obj
 0001:00018c85       ??$__crt_interlocked_exchange_pointer@UHINSTANCE__@@PAU1@@@YAPAUHINSTANCE__@@PDSAU0@QAU0@@Z 10019c85 f i libvcruntime:winapi_downlevel.obj
 0001:00018c95       ??$__crt_interlocked_exchange_pointer@UHINSTANCE__@@PAX@@YAPAUHINSTANCE__@@PDSAU0@QAX@Z 10019c95 f i libvcruntime:winapi_downlevel.obj
 0001:00018ca5       ??$__crt_interlocked_exchange_pointer@XPAX@@YAPAXPDSAXQAX@Z 10019ca5 f i libvcruntime:winapi_downlevel.obj
 0001:00018cb5       ??$__crt_interlocked_read_pointer@UHINSTANCE__@@@@YAPAUHINSTANCE__@@PDSAU0@@Z 10019cb5 f i libvcruntime:winapi_downlevel.obj
 0001:00018cc9       ??$__crt_interlocked_read_pointer@X@@YAPAXPDSAX@Z 10019cc9 f i libvcruntime:winapi_downlevel.obj
 0001:00018cdd       ?__crt_fast_encode_pointer@@YA?AU__crt_fast_encoded_nullptr_t@@$$T@Z 10019cdd f i libvcruntime:winapi_downlevel.obj
 0001:00019021       ___vcrt_EventRegister      1001a021 f   libvcruntime:winapi_downlevel.obj
 0001:00019071       ___vcrt_EventSetInformation 1001a071 f   libvcruntime:winapi_downlevel.obj
 0001:000190c4       ___vcrt_EventUnregister    1001a0c4 f   libvcruntime:winapi_downlevel.obj
 0001:0001910c       ___vcrt_EventWriteTransfer 1001a10c f   libvcruntime:winapi_downlevel.obj
 0001:00019167       ___vcrt_FlsAlloc           1001a167 f   libvcruntime:winapi_downlevel.obj
 0001:000191af       ___vcrt_FlsFree            1001a1af f   libvcruntime:winapi_downlevel.obj
 0001:000191f7       ___vcrt_FlsGetValue        1001a1f7 f   libvcruntime:winapi_downlevel.obj
 0001:0001923f       ___vcrt_FlsSetValue        1001a23f f   libvcruntime:winapi_downlevel.obj
 0001:0001928b       ___vcrt_InitializeCriticalSectionEx 1001a28b f   libvcruntime:winapi_downlevel.obj
 0001:000192e2       ___vcrt_initialize_winapi_thunks 1001a2e2 f   libvcruntime:winapi_downlevel.obj
 0001:0001932a       ___vcrt_uninitialize_winapi_thunks 1001a32a f   libvcruntime:winapi_downlevel.obj
 0001:00019368       ??$?B$$A6AXXZ@__crt_fast_encoded_nullptr_t@@QBEP6AXXZXZ 1001a368 f i libvcruntime:purevirt_data.obj
 0001:00019386       ??$__crt_fast_encode_pointer@P6AXXZ@@YAP6AXXZQ6AXXZ@Z 1001a386 f i libvcruntime:purevirt_data.obj
 0001:000193aa       ___vcrt_initialize_pure_virtual_call_handler 1001a3aa f   libvcruntime:purevirt_data.obj
 0001:000193ce       ??$__vcrt_va_start_verify_argument_type@QBD@@YAXXZ 1001a3ce f i libvcruntime:undname.obj
 0001:000193cf       ??0Block@_HeapManager@@QAE@XZ 1001a3cf f i libvcruntime:undname.obj
 0001:000193d5       ??0DName@@QAE@AAPBDD@Z     1001a3d5 f   libvcruntime:undname.obj
 0001:000194bc       ??0DName@@QAE@ABV0@@Z      1001a4bc f i libvcruntime:undname.obj
 0001:000194d7       ??0DName@@QAE@D@Z          1001a4d7 f   libvcruntime:undname.obj
 0001:0001950e       ??0DName@@QAE@PAV0@@Z      1001a50e f   libvcruntime:undname.obj
 0001:0001956e       ??0DName@@QAE@PBD@Z        1001a56e f   libvcruntime:undname.obj
 0001:000195b6       ??0DName@@QAE@W4DNameStatus@@@Z 1001a5b6 f   libvcruntime:undname.obj
 0001:00019609       ??0DName@@QAE@XZ           1001a609 f i libvcruntime:undname.obj
 0001:0001961e       ??0DName@@QAE@_J@Z         1001a61e f   libvcruntime:undname.obj
 0001:000196d8       ??0DName@@QAE@_K@Z         1001a6d8 f   libvcruntime:undname.obj
 0001:00019762       ??0DNameNode@@IAE@XZ       1001a762 f   libvcruntime:undname.obj
 0001:0001976d       ??0DNameStatusNode@@AAE@W4DNameStatus@@@Z 1001a76d f   libvcruntime:undname.obj
 0001:00019798       ??0Replicator@@QAE@XZ      1001a798 f i libvcruntime:undname.obj
 0001:0001979e       ??0UnDecorator@@QAE@PADPBDHP6APADJ@ZK@Z 1001a79e f i libvcruntime:undname.obj
 0001:00019821       ??0charNode@@QAE@D@Z       1001a821 f   libvcruntime:undname.obj
 0001:0001983b       ??0pDNameNode@@QAE@PAVDName@@@Z 1001a83b f   libvcruntime:undname.obj
 0001:0001986d       ??0pairNode@@QAE@PAVDNameNode@@0@Z 1001a86d f   libvcruntime:undname.obj
 0001:00019893       ??0pcharNode@@QAE@PBDH@Z   1001a893 f   libvcruntime:undname.obj
 0001:00019902       ??2@YAPAXIAAV_HeapManager@@H@Z 1001a902 f i libvcruntime:undname.obj
 0001:0001991c       ??4DName@@QAEAAV0@ABV0@@Z  1001a91c f   libvcruntime:undname.obj
 0001:00019937       ??4DName@@QAEAAV0@D@Z      1001a937 f i libvcruntime:undname.obj
 0001:0001996e       ??4DName@@QAEAAV0@PAV0@@Z  1001a96e f   libvcruntime:undname.obj
 0001:000199c9       ??4DName@@QAEAAV0@PBD@Z    1001a9c9 f   libvcruntime:undname.obj
 0001:00019a07       ??4DName@@QAEAAV0@W4DNameStatus@@@Z 1001aa07 f   libvcruntime:undname.obj
 0001:00019a49       ??AReplicator@@QBE?AVDName@@H@Z 1001aa49 f   libvcruntime:undname.obj
 0001:00019a94       ??BUnDecorator@@QAEPADXZ   1001aa94 f i libvcruntime:undname.obj
 0001:00019c6b       ??H@YA?AVDName@@DABV0@@Z   1001ac6b f i libvcruntime:undname.obj
 0001:00019c98       ??H@YA?AVDName@@PBDABV0@@Z 1001ac98 f i libvcruntime:undname.obj
 0001:00019cc5       ??H@YA?AVDName@@W4DNameStatus@@ABV0@@Z 1001acc5 f i libvcruntime:undname.obj
 0001:00019cf2       ??HDName@@QBE?AV0@ABV0@@Z  1001acf2 f   libvcruntime:undname.obj
 0001:00019d1c       ??HDName@@QBE?AV0@D@Z      1001ad1c f   libvcruntime:undname.obj
 0001:00019d46       ??HDName@@QBE?AV0@PAV0@@Z  1001ad46 f   libvcruntime:undname.obj
 0001:00019d70       ??HDName@@QBE?AV0@PBD@Z    1001ad70 f   libvcruntime:undname.obj
 0001:00019d9a       ??HDName@@QBE?AV0@W4DNameStatus@@@Z 1001ad9a f   libvcruntime:undname.obj
 0001:00019dc4       ??YDName@@QAEAAV0@ABV0@@Z  1001adc4 f   libvcruntime:undname.obj
 0001:00019e17       ??YDName@@QAEAAV0@D@Z      1001ae17 f   libvcruntime:undname.obj
 0001:00019e7b       ??YDName@@QAEAAV0@PAV0@@Z  1001ae7b f   libvcruntime:undname.obj
 0001:00019ef9       ??YDName@@QAEAAV0@PBD@Z    1001aef9 f   libvcruntime:undname.obj
 0001:00019f72       ??YDName@@QAEAAV0@W4DNameStatus@@@Z 1001af72 f   libvcruntime:undname.obj
 0001:00019fc2       ??YReplicator@@QAEAAV0@ABVDName@@@Z 1001afc2 f   libvcruntime:undname.obj
 0001:0001a01e       ??_5DName@@QAEAAV0@ABV0@@Z 1001b01e f   libvcruntime:undname.obj
 0001:0001a041       ?Constructor@_HeapManager@@QAEXP6APAXI@ZP6AXPAX@Z@Z 1001b041 f i libvcruntime:undname.obj
 0001:0001a065       ?Destructor@_HeapManager@@QAEXXZ 1001b065 f i libvcruntime:undname.obj
 0001:0001a0ac       ?UScore@UnDecorator@@SAPBDW4Tokens@@@Z 1001b0ac f   libvcruntime:undname.obj
 0001:0001a0d0       ?append@DName@@AAEXPAVDNameNode@@@Z 1001b0d0 f   libvcruntime:undname.obj
 0001:0001a127       ?composeDeclaration@UnDecorator@@CA?AVDName@@ABV2@@Z 1001b127 f i libvcruntime:undname.obj
 0001:0001b162       ?doAccessSpecifiers@UnDecorator@@SAHXZ 1001c162 f i libvcruntime:undname.obj
 0001:0001b173       ?doAllocationLanguage@UnDecorator@@SAHXZ 1001c173 f i libvcruntime:undname.obj
 0001:0001b184       ?doAllocationModel@UnDecorator@@SAHXZ 1001c184 f i libvcruntime:undname.obj
 0001:0001b195       ?doEcsu@UnDecorator@@SAHXZ 1001c195 f i libvcruntime:undname.obj
 0001:0001b1a6       ?doEllipsis@UnDecorator@@SAHXZ 1001c1a6 f i libvcruntime:undname.obj
 0001:0001b1b7       ?doFunctionReturns@UnDecorator@@SAHXZ 1001c1b7 f i libvcruntime:undname.obj
 0001:0001b1c8       ?doMSKeywords@UnDecorator@@SAHXZ 1001c1c8 f i libvcruntime:undname.obj
 0001:0001b1d8       ?doMemberTypes@UnDecorator@@SAHXZ 1001c1d8 f i libvcruntime:undname.obj
 0001:0001b1e9       ?doNameOnly@UnDecorator@@SAHXZ 1001c1e9 f i libvcruntime:undname.obj
 0001:0001b1f6       ?doNoIdentCharCheck@UnDecorator@@SAHXZ 1001c1f6 f i libvcruntime:undname.obj
 0001:0001b203       ?doPchar@DName@@AAEXPBDH@Z 1001c203 f   libvcruntime:undname.obj
 0001:0001b2af       ?doPtr64@UnDecorator@@SAHXZ 1001c2af f i libvcruntime:undname.obj
 0001:0001b2c0       ?doRestrictionSpec@UnDecorator@@SAHXZ 1001c2c0 f i libvcruntime:undname.obj
 0001:0001b2d1       ?doThisTypes@UnDecorator@@SAHXZ 1001c2d1 f i libvcruntime:undname.obj
 0001:0001b2e7       ?doThrowTypes@UnDecorator@@SAHXZ 1001c2e7 f i libvcruntime:undname.obj
 0001:0001b2f8       ?doTypeOnly@UnDecorator@@SAHXZ 1001c2f8 f i libvcruntime:undname.obj
 0001:0001b305       ?doUnderScore@UnDecorator@@SAHXZ 1001c305 f i libvcruntime:undname.obj
 0001:0001b312       ?getArgumentList@UnDecorator@@CA?AVDName@@XZ 1001c312 f   libvcruntime:undname.obj
 0001:0001b461       ?getArgumentTypes@UnDecorator@@CA?AVDName@@XZ 1001c461 f   libvcruntime:undname.obj
 0001:0001b579       ?getArrayType@UnDecorator@@CA?AVDName@@ABV2@@Z 1001c579 f i libvcruntime:undname.obj
 0001:0001b7fb       ?getBasedType@UnDecorator@@CA?AVDName@@XZ 1001c7fb f   libvcruntime:undname.obj
 0001:0001b8ba       ?getBasicDataType@UnDecorator@@CA?AVDName@@ABV2@@Z 1001c8ba f   libvcruntime:undname.obj
 0001:0001bda4       ?getCallIndex@UnDecorator@@CA?AVDName@@XZ 1001cda4 f i libvcruntime:undname.obj
 0001:0001bdbd       ?getCallingConvention@UnDecorator@@CA?AVDName@@XZ 1001cdbd f   libvcruntime:undname.obj
 0001:0001beab       ?getDataIndirectType@UnDecorator@@CA?AVDName@@ABV2@PBD0H@Z 1001ceab f   libvcruntime:undname.obj
 0001:0001c656       ?getDataIndirectType@UnDecorator@@CA?AVDName@@XZ 1001d656 f i libvcruntime:undname.obj
 0001:0001c69d       ?getDataType@UnDecorator@@CA?AVDName@@PAV2@@Z 1001d69d f   libvcruntime:undname.obj
 0001:0001c7a3       ?getDecoratedName@UnDecorator@@CA?AVDName@@XZ 1001d7a3 f   libvcruntime:undname.obj
 0001:0001ca82       ?getDimension@UnDecorator@@CA?AVDName@@_N@Z 1001da82 f   libvcruntime:undname.obj
 0001:0001cc06       ?getDispatchTarget@UnDecorator@@CA?AVDName@@XZ 1001dc06 f   libvcruntime:undname.obj
 0001:0001cc77       ?getDisplacement@UnDecorator@@CA?AVDName@@XZ 1001dc77 f i libvcruntime:undname.obj
 0001:0001cc90       ?getECSUDataType@UnDecorator@@CA?AVDName@@XZ 1001dc90 f   libvcruntime:undname.obj
 0001:0001cdf4       ?getECSUName@UnDecorator@@CA?AVDName@@XZ 1001ddf4 f i libvcruntime:undname.obj
 0001:0001ce09       ?getEnumType@UnDecorator@@CA?AVDName@@XZ 1001de09 f i libvcruntime:undname.obj
 0001:0001cf30       ?getExtendedDataIndirectType@UnDecorator@@CA?AVDName@@AAPBDAA_NH@Z 1001df30 f   libvcruntime:undname.obj
 0001:0001d143       ?getExternalDataType@UnDecorator@@CA?AVDName@@ABV2@@Z 1001e143 f i libvcruntime:undname.obj
 0001:0001d1da       ?getFunctionIndirectType@UnDecorator@@CA?AVDName@@ABV2@@Z 1001e1da f   libvcruntime:undname.obj
 0001:0001d6e5       ?getGuardNumber@UnDecorator@@CA?AVDName@@XZ 1001e6e5 f i libvcruntime:undname.obj
 0001:0001d6fe       ?getLastChar@DName@@QBEDXZ 1001e6fe f i libvcruntime:undname.obj
 0001:0001d724       ?getLastChar@DNameStatusNode@@UBEDXZ 1001e724 f i libvcruntime:undname.obj
 0001:0001d733       ?getLastChar@charNode@@UBEDXZ 1001e733 f i libvcruntime:undname.obj
 0001:0001d737       ?getLastChar@pDNameNode@@UBEDXZ 1001e737 f i libvcruntime:undname.obj
 0001:0001d748       ?getLastChar@pairNode@@UBEDXZ 1001e748 f i libvcruntime:undname.obj
 0001:0001d787       ?getLastChar@pcharNode@@UBEDXZ 1001e787 f i libvcruntime:undname.obj
 0001:0001d79d       ?getLexicalFrame@UnDecorator@@CA?AVDName@@XZ 1001e79d f i libvcruntime:undname.obj
 0001:0001d7e9       ?getMemory@_HeapManager@@QAEPAXIH@Z 1001e7e9 f   libvcruntime:undname.obj
 0001:0001d89a       ?getNumberOfDimensions@UnDecorator@@CAHXZ 1001e89a f   libvcruntime:undname.obj
 0001:0001d913       ?getOperatorName@UnDecorator@@CA?AVDName@@_NPA_N@Z 1001e913 f i libvcruntime:undname.obj
 0001:0001e0c3       ?getPointerType@UnDecorator@@CA?AVDName@@ABV2@0@Z 1001f0c3 f i libvcruntime:undname.obj
 0001:0001e0e8       ?getPointerTypeArray@UnDecorator@@CA?AVDName@@ABV2@0@Z 1001f0e8 f i libvcruntime:undname.obj
 0001:0001e10d       ?getPrimaryDataType@UnDecorator@@CA?AVDName@@ABV2@@Z 1001f10d f   libvcruntime:undname.obj
 0001:0001e37e       ?getPtrRefDataType@UnDecorator@@CA?AVDName@@ABV2@H@Z 1001f37e f   libvcruntime:undname.obj
 0001:0001e4c0       ?getPtrRefType@UnDecorator@@CA?AVDName@@ABV2@0PBD@Z 1001f4c0 f   libvcruntime:undname.obj
 0001:0001e5fb       ?getReferenceType@UnDecorator@@CA?AVDName@@ABV2@0PBD@Z 1001f5fb f i libvcruntime:undname.obj
 0001:0001e61e       ?getRestrictionSpec@UnDecorator@@CA?AVDName@@XZ 1001f61e f   libvcruntime:undname.obj
 0001:0001e74c       ?getReturnType@UnDecorator@@CA?AVDName@@PAV2@@Z 1001f74c f   libvcruntime:undname.obj
 0001:0001e786       ?getScope@UnDecorator@@CA?AVDName@@XZ 1001f786 f   libvcruntime:undname.obj
 0001:0001ec5b       ?getScopedName@UnDecorator@@CA?AVDName@@XZ 1001fc5b f   libvcruntime:undname.obj
 0001:0001ed94       ?getSignedDimension@UnDecorator@@CA?AVDName@@XZ 1001fd94 f   libvcruntime:undname.obj
 0001:0001edfb       ?getStorageConvention@UnDecorator@@CA?AVDName@@XZ 1001fdfb f i libvcruntime:undname.obj
 0001:0001ee10       ?getString@DName@@QBEPADPAD0@Z 1001fe10 f i libvcruntime:undname.obj
 0001:0001ee47       ?getString@DName@@QBEPADPADH@Z 1001fe47 f i libvcruntime:undname.obj
 0001:0001eeb2       ?getString@DNameStatusNode@@UBEPADPAD0@Z 1001feb2 f i libvcruntime:undname.obj
 0001:0001eee2       ?getString@charNode@@UBEPADPAD0@Z 1001fee2 f i libvcruntime:undname.obj
 0001:0001eefc       ?getString@pDNameNode@@UBEPADPAD0@Z 1001fefc f i libvcruntime:undname.obj
 0001:0001ef18       ?getString@pairNode@@UBEPADPAD0@Z 1001ff18 f i libvcruntime:undname.obj
 0001:0001ef6d       ?getString@pcharNode@@UBEPADPAD0@Z 1001ff6d f i libvcruntime:undname.obj
 0001:0001ef8e       ?getStringEncoding@UnDecorator@@CA?AVDName@@PADH@Z 1001ff8e f   libvcruntime:undname.obj
 0001:0001f059       ?getStringHelper@@YAPADPAD00H@Z 10020059 f i libvcruntime:undname.obj
 0001:0001f09d       ?getSymbolName@UnDecorator@@CA?AVDName@@XZ 1002009d f i libvcruntime:undname.obj
 0001:0001f0f7       ?getTemplateArgumentList@UnDecorator@@CA?AVDName@@XZ 100200f7 f   libvcruntime:undname.obj
 0001:0001f444       ?getTemplateConstant@UnDecorator@@CA?AVDName@@XZ 10020444 f   libvcruntime:undname.obj
 0001:0001f859       ?getTemplateName@UnDecorator@@CA?AVDName@@_N@Z 10020859 f   libvcruntime:undname.obj
 0001:0001fa04       ?getThisType@UnDecorator@@CA?AVDName@@XZ 10020a04 f i libvcruntime:undname.obj
 0001:0001fa4c       ?getThrowTypes@UnDecorator@@CA?AVDName@@XZ 10020a4c f   libvcruntime:undname.obj
 0001:0001faf8       ?getTypeEncoding@UnDecorator@@CAHXZ 10020af8 f i libvcruntime:undname.obj
 0001:0001fef4       ?getVCallThunkType@UnDecorator@@CA?AVDName@@XZ 10020ef4 f i libvcruntime:undname.obj
 0001:0001ff3d       ?getVbTableType@UnDecorator@@CA?AVDName@@ABV2@@Z 10020f3d f i libvcruntime:undname.obj
 0001:0001ff57       ?getVdispMapType@UnDecorator@@CA?AVDName@@ABV2@@Z 10020f57 f i libvcruntime:undname.obj
 0001:0001ffc2       ?getVfTableType@UnDecorator@@CA?AVDName@@ABV2@@Z 10020fc2 f i libvcruntime:undname.obj
 0001:00020180       ?getZName@UnDecorator@@CA?AVDName@@_N0@Z 10021180 f   libvcruntime:undname.obj
 0001:00020450       ?haveTemplateParameters@UnDecorator@@SAHXZ 10021450 f i libvcruntime:undname.obj
 0001:0002045d       ?isArray@DName@@QBEHXZ     1002145d f i libvcruntime:undname.obj
 0001:00020469       ?isComArray@DName@@QBEHXZ  10021469 f i libvcruntime:undname.obj
 0001:00020475       ?isEmpty@DName@@QBEHXZ     10021475 f i libvcruntime:undname.obj
 0001:0002047f       ?isFull@Replicator@@QBEHXZ 1002147f f i libvcruntime:undname.obj
 0001:0002048a       ?isNoTE@DName@@QBEHXZ      1002148a f i libvcruntime:undname.obj
 0001:00020496       ?isPinPtr@DName@@QBEHXZ    10021496 f i libvcruntime:undname.obj
 0001:000204a2       ?isPtrRef@DName@@QBEHXZ    100214a2 f i libvcruntime:undname.obj
 0001:000204ae       ?isUDC@DName@@QBEHXZ       100214ae f i libvcruntime:undname.obj
 0001:000204c3       ?isUDTThunk@DName@@QBEHXZ  100214c3 f i libvcruntime:undname.obj
 0001:000204d8       ?isVCallThunk@DName@@QBEHXZ 100214d8 f i libvcruntime:undname.obj
 0001:000204e4       ?isValid@DName@@QBEHXZ     100214e4 f i libvcruntime:undname.obj
 0001:000204f0       ?length@DName@@QBEHXZ      100214f0 f i libvcruntime:undname.obj
 0001:00020515       ?length@DNameStatusNode@@UBEHXZ 10021515 f i libvcruntime:undname.obj
 0001:00020519       ?length@charNode@@UBEHXZ   10021519 f i libvcruntime:undname.obj
 0001:0002051d       ?length@pDNameNode@@UBEHXZ 1002151d f i libvcruntime:undname.obj
 0001:0002052e       ?length@pairNode@@UBEHXZ   1002152e f i libvcruntime:undname.obj
 0001:0002058a       ?length@pcharNode@@UBEHXZ  1002158a f i libvcruntime:undname.obj
 0001:0002058e       ?make@DNameStatusNode@@SAPAV1@W4DNameStatus@@@Z 1002158e f i libvcruntime:undname.obj
 0001:00020635       ?setIsArray@DName@@QAEXXZ  10021635 f i libvcruntime:undname.obj
 0001:0002063f       ?setIsComArray@DName@@QAEXXZ 1002163f f i libvcruntime:undname.obj
 0001:00020649       ?setIsNoTE@DName@@QAEXXZ   10021649 f i libvcruntime:undname.obj
 0001:00020653       ?setIsPinPtr@DName@@QAEXXZ 10021653 f i libvcruntime:undname.obj
 0001:0002065d       ?setIsUDC@DName@@QAEXXZ    1002165d f i libvcruntime:undname.obj
 0001:0002066d       ?setIsVCallThunk@DName@@QAEXXZ 1002166d f i libvcruntime:undname.obj
 0001:00020677       ?setPtrRef@DName@@QAEAAV1@XZ 10021677 f i libvcruntime:undname.obj
 0001:00020683       ?status@DName@@QBE?AW4DNameStatus@@XZ 10021683 f i libvcruntime:undname.obj
 0001:00020708       ___unDName                 10021708 f   libvcruntime:undname.obj
 0001:000207c2       ___unDNameEx               100217c2 f   libvcruntime:undname.obj
 0001:0002087c       __vsprintf_s_l             1002187c f i libvcruntime:undname.obj
 0001:000208b4       _sprintf_s                 100218b4 f i libvcruntime:undname.obj
 0001:000208e0       __global_unwind2           100218e0 f   libvcruntime:_exsup_.obj
 0001:00020945       __local_unwind2            10021945 f   libvcruntime:_exsup_.obj
 0001:000209c9       __abnormal_termination     100219c9 f   libvcruntime:_exsup_.obj
 0001:000209ec       __NLG_Notify1              100219ec f   libvcruntime:_exsup_.obj
 0001:000209f5       __NLG_Notify               100219f5 f   libvcruntime:_exsup_.obj
 0001:00020a0c       __NLG_Dispatch2            10021a0c     libvcruntime:_exsup_.obj
 0001:00020a0c       __NLG_Dispatch             10021a0c     libvcruntime:_exsup_.obj
 0001:00020a14       __NLG_Call                 10021a14 f   libvcruntime:_exsup_.obj
 0001:00020a16       __NLG_Return2              10021a16     libvcruntime:_exsup_.obj
 0001:00020a64       ??$__crt_fast_decode_pointer@P6AXXZ@@YAP6AXXZQ6AXXZ@Z 10021a64 f i libvcruntime:purevirt.obj
 0001:00020a7d       ??$__crt_interlocked_compare_exchange_pointer@$$A6AXXZ$$T$$T@@YAP6AXXZPDS6AXXZ$$T1@Z 10021a7d f i libvcruntime:purevirt.obj
 0001:00020a93       ??$__crt_interlocked_exchange_pointer@$$A6AXXZP6AXXZ@@YAP6AXXZPDS6AXXZQ6AXXZ@Z 10021a93 f i libvcruntime:purevirt.obj
 0001:00020aa3       ??$__crt_interlocked_read_pointer@$$A6AXXZ@@YAP6AXXZPDS6AXXZ@Z 10021aa3 f i libvcruntime:purevirt.obj
 0001:00020ab7       __get_purecall_handler     10021ab7 f   libvcruntime:purevirt.obj
 0001:00020add       __purecall                 10021add f   libvcruntime:purevirt.obj
 0001:00020afe       __set_purecall_handler     10021afe f   libvcruntime:purevirt.obj
 0001:00020b2c       _malloc                    10021b2c f   libucrt:malloc.obj
 0001:00020b39       ??$?RPAU__crt_stdio_stream_data@@@__crt_internal_free_policy@@QBEXQBQAU__crt_stdio_stream_data@@@Z 10021b39 f i libucrt:_file.obj
 0001:00020b4f       ??0?$__crt_unique_heap_ptr@PAU__crt_stdio_stream_data@@U__crt_internal_free_policy@@@@QAE@QAPAU__crt_stdio_stream_data@@@Z 10021b4f f i libucrt:_file.obj
 0001:00020b63       ??0__crt_stdio_stream@@QAE@QAU_iobuf@@@Z 10021b63 f i libucrt:_file.obj
 0001:00020b77       ??1?$__crt_unique_heap_ptr@PAU__crt_stdio_stream_data@@U__crt_internal_free_policy@@@@QAE@XZ 10021b77 f i libucrt:_file.obj
 0001:00020b8d       ??C__crt_stdio_stream@@QBEPAU__crt_stdio_stream_data@@XZ 10021b8d f i libucrt:_file.obj
 0001:00020b90       ?detach@?$__crt_unique_heap_ptr@PAU__crt_stdio_stream_data@@U__crt_internal_free_policy@@@@QAEPAPAU__crt_stdio_stream_data@@XZ 10021b90 f i libucrt:_file.obj
 0001:00020b96       ?release@?$__crt_unique_heap_ptr@PAU__crt_stdio_stream_data@@U__crt_internal_free_policy@@@@QAEXXZ 10021b96 f i libucrt:_file.obj
 0001:00020bac       ___acrt_initialize_stdio   10021bac f   libucrt:_file.obj
 0001:00020ca6       ___acrt_iob_func           10021ca6 f   libucrt:_file.obj
 0001:00020cba       ___acrt_uninitialize_stdio 10021cba f   libucrt:_file.obj
 0001:00020d19       __get_stream_buffer_pointers 10021d19 f   libucrt:_file.obj
 0001:00020d70       __lock_file                10021d70 f   libucrt:_file.obj
 0001:00020d89       __unlock_file              10021d89 f   libucrt:_file.obj
 0001:00020da2       ??$?0ABV?$stream_output_adapter@D@__crt_stdio_output@@AB_KABQBDABQAU__crt_locale_pointers@@ABQAD@?$format_validation_base@DV?$stream_output_adapter@D@__crt_stdio_output@@@__crt_stdio_output@@IAE@ABV?$stream_output_adapter@D@1@AB_KABQBDABQAU__crt_locale_pointers@@ABQAD@Z 10021da2 f i libucrt:output.obj
 0001:00020dcd       ??$?0ABV?$stream_output_adapter@D@__crt_stdio_output@@AB_KABQBDABQAU__crt_locale_pointers@@ABQAD@?$positional_parameter_base@DV?$stream_output_adapter@D@__crt_stdio_output@@@__crt_stdio_output@@IAE@ABV?$stream_output_adapter@D@1@AB_KABQBDABQAU__crt_locale_pointers@@ABQAD@Z 10021dcd f i libucrt:output.obj
 0001:00020e27       ??$?0ABV?$stream_output_adapter@D@__crt_stdio_output@@AB_KABQBDABQAU__crt_locale_pointers@@ABQAD@?$standard_base@DV?$stream_output_adapter@D@__crt_stdio_output@@@__crt_stdio_output@@IAE@ABV?$stream_output_adapter@D@1@AB_KABQBDABQAU__crt_locale_pointers@@ABQAD@Z 10021e27 f i libucrt:output.obj
 0001:00020e69       ??$?0ABV?$stream_output_adapter@_W@__crt_stdio_output@@AB_KABQB_WABQAU__crt_locale_pointers@@ABQAD@?$format_validation_base@_WV?$stream_output_adapter@_W@__crt_stdio_output@@@__crt_stdio_output@@IAE@ABV?$stream_output_adapter@_W@1@AB_KABQB_WABQAU__crt_locale_pointers@@ABQAD@Z 10021e69 f i libucrt:output.obj
 0001:00020e94       ??$?0ABV?$stream_output_adapter@_W@__crt_stdio_output@@AB_KABQB_WABQAU__crt_locale_pointers@@ABQAD@?$positional_parameter_base@_WV?$stream_output_adapter@_W@__crt_stdio_output@@@__crt_stdio_output@@IAE@ABV?$stream_output_adapter@_W@1@AB_KABQB_WABQAU__crt_locale_pointers@@ABQAD@Z 10021e94 f i libucrt:output.obj
 0001:00020eee       ??$?0ABV?$stream_output_adapter@_W@__crt_stdio_output@@AB_KABQB_WABQAU__crt_locale_pointers@@ABQAD@?$standard_base@_WV?$stream_output_adapter@_W@__crt_stdio_output@@@__crt_stdio_output@@IAE@ABV?$stream_output_adapter@_W@1@AB_KABQB_WABQAU__crt_locale_pointers@@ABQAD@Z 10021eee f i libucrt:output.obj
 0001:00020f30       ??$?0ABV?$string_output_adapter@D@__crt_stdio_output@@AB_KABQBDABQAU__crt_locale_pointers@@ABQAD@?$format_validation_base@DV?$string_output_adapter@D@__crt_stdio_output@@@__crt_stdio_output@@IAE@ABV?$string_output_adapter@D@1@AB_KABQBDABQAU__crt_locale_pointers@@ABQAD@Z 10021f30 f i libucrt:output.obj
 0001:00020f5b       ??$?0ABV?$string_output_adapter@D@__crt_stdio_output@@AB_KABQBDABQAU__crt_locale_pointers@@ABQAD@?$positional_parameter_base@DV?$string_output_adapter@D@__crt_stdio_output@@@__crt_stdio_output@@IAE@ABV?$string_output_adapter@D@1@AB_KABQBDABQAU__crt_locale_pointers@@ABQAD@Z 10021f5b f i libucrt:output.obj
 0001:00020fb5       ??$?0ABV?$string_output_adapter@D@__crt_stdio_output@@AB_KABQBDABQAU__crt_locale_pointers@@ABQAD@?$standard_base@DV?$string_output_adapter@D@__crt_stdio_output@@@__crt_stdio_output@@IAE@ABV?$string_output_adapter@D@1@AB_KABQBDABQAU__crt_locale_pointers@@ABQAD@Z 10021fb5 f i libucrt:output.obj
 0001:00020ff7       ??$?0ABV?$string_output_adapter@_W@__crt_stdio_output@@AB_KABQB_WABQAU__crt_locale_pointers@@ABQAD@?$format_validation_base@_WV?$string_output_adapter@_W@__crt_stdio_output@@@__crt_stdio_output@@IAE@ABV?$string_output_adapter@_W@1@AB_KABQB_WABQAU__crt_locale_pointers@@ABQAD@Z 10021ff7 f i libucrt:output.obj
 0001:00021022       ??$?0ABV?$string_output_adapter@_W@__crt_stdio_output@@AB_KABQB_WABQAU__crt_locale_pointers@@ABQAD@?$positional_parameter_base@_WV?$string_output_adapter@_W@__crt_stdio_output@@@__crt_stdio_output@@IAE@ABV?$string_output_adapter@_W@1@AB_KABQB_WABQAU__crt_locale_pointers@@ABQAD@Z 10022022 f i libucrt:output.obj
 0001:0002107c       ??$?0ABV?$string_output_adapter@_W@__crt_stdio_output@@AB_KABQB_WABQAU__crt_locale_pointers@@ABQAD@?$standard_base@_WV?$string_output_adapter@_W@__crt_stdio_output@@@__crt_stdio_output@@IAE@ABV?$string_output_adapter@_W@1@AB_KABQB_WABQAU__crt_locale_pointers@@ABQAD@Z 1002207c f i libucrt:output.obj
 0001:000210be       ??$?RV<lambda_2293f24e3ce1ad6fe22ccfb9dec07671>@@AAV<lambda_2565fc715a641e539f44ad02d6823606>@@V<lambda_d3217f279b832965d9ca670dc2993570>@@@?$__crt_seh_guarded_call@H@@QAEH$$QAV<lambda_2293f24e3ce1ad6fe22ccfb9dec07671>@@AAV<lambda_2565fc715a641e539f44ad02d6823606>@@$$QAV<lambda_d3217f279b832965d9ca670dc2993570>@@@Z 100220be f i libucrt:output.obj
 0001:00021123       ??$?RV<lambda_4d4ac866be0fa3c441830420fabdd2cb>@@AAV<lambda_63a10c2dc8dbb9e4dd1890be52af7c93>@@V<lambda_002af9fa0f8fe472b648c51882d4fc32>@@@?$__crt_seh_guarded_call@H@@QAEH$$QAV<lambda_4d4ac866be0fa3c441830420fabdd2cb>@@AAV<lambda_63a10c2dc8dbb9e4dd1890be52af7c93>@@$$QAV<lambda_002af9fa0f8fe472b648c51882d4fc32>@@@Z 10022123 f i libucrt:output.obj
 0001:00021188       ??$?RV<lambda_5be909dfbae0a631386585770cd7b676>@@AAV<lambda_e516058a9c289d98c8ca9fea99247804>@@V<lambda_afe2e0cdc5e0ecf6f0d6f5e2f8985e38>@@@?$__crt_seh_guarded_call@H@@QAEH$$QAV<lambda_5be909dfbae0a631386585770cd7b676>@@AAV<lambda_e516058a9c289d98c8ca9fea99247804>@@$$QAV<lambda_afe2e0cdc5e0ecf6f0d6f5e2f8985e38>@@@Z 10022188 f i libucrt:output.obj
 0001:000211ed       ??$?RV<lambda_823d65812123d985753d53e2a8c25d20>@@AAV<lambda_0a97c9e57da7be065955385c79108ff2>@@V<lambda_4d2973f3ad2d226f00468307185dca1b>@@@?$__crt_seh_guarded_call@H@@QAEH$$QAV<lambda_823d65812123d985753d53e2a8c25d20>@@AAV<lambda_0a97c9e57da7be065955385c79108ff2>@@$$QAV<lambda_4d2973f3ad2d226f00468307185dca1b>@@@Z 100221ed f i libucrt:output.obj
 0001:00021252       ??$?RV<lambda_ab9923ffb5d694ec0d78876dd103e44f>@@AAV<lambda_481dd5778c961fbcd3b60b650e9b9dc4>@@V<lambda_7923d86c9e3f319b415918ec4b39749c>@@@?$__crt_seh_guarded_call@H@@QAEH$$QAV<lambda_ab9923ffb5d694ec0d78876dd103e44f>@@AAV<lambda_481dd5778c961fbcd3b60b650e9b9dc4>@@$$QAV<lambda_7923d86c9e3f319b415918ec4b39749c>@@@Z 10022252 f i libucrt:output.obj
 0001:000212b7       ??$?RV<lambda_db08b09ef7aa9d4f8620ce68402612bc>@@AAV<lambda_4f2c1eaeead2a5fc776db5b62ea0fb9b>@@V<lambda_3ae262bc35d4ba6a3825c4f6bcaaf95c>@@@?$__crt_seh_guarded_call@H@@QAEH$$QAV<lambda_db08b09ef7aa9d4f8620ce68402612bc>@@AAV<lambda_4f2c1eaeead2a5fc776db5b62ea0fb9b>@@$$QAV<lambda_3ae262bc35d4ba6a3825c4f6bcaaf95c>@@@Z 100222b7 f i libucrt:output.obj
 0001:0002131c       ??$__acrt_lock_stream_and_call@V<lambda_0a97c9e57da7be065955385c79108ff2>@@@@YAHQAU_iobuf@@$$QAV<lambda_0a97c9e57da7be065955385c79108ff2>@@@Z 1002231c f i libucrt:output.obj
 0001:0002134e       ??$__acrt_lock_stream_and_call@V<lambda_2565fc715a641e539f44ad02d6823606>@@@@YAHQAU_iobuf@@$$QAV<lambda_2565fc715a641e539f44ad02d6823606>@@@Z 1002234e f i libucrt:output.obj
 0001:00021380       ??$__acrt_lock_stream_and_call@V<lambda_481dd5778c961fbcd3b60b650e9b9dc4>@@@@YAHQAU_iobuf@@$$QAV<lambda_481dd5778c961fbcd3b60b650e9b9dc4>@@@Z 10022380 f i libucrt:output.obj
 0001:000213b2       ??$__acrt_lock_stream_and_call@V<lambda_4f2c1eaeead2a5fc776db5b62ea0fb9b>@@@@YAHQAU_iobuf@@$$QAV<lambda_4f2c1eaeead2a5fc776db5b62ea0fb9b>@@@Z 100223b2 f i libucrt:output.obj
 0001:000213e4       ??$__acrt_lock_stream_and_call@V<lambda_63a10c2dc8dbb9e4dd1890be52af7c93>@@@@YAHQAU_iobuf@@$$QAV<lambda_63a10c2dc8dbb9e4dd1890be52af7c93>@@@Z 100223e4 f i libucrt:output.obj
 0001:00021416       ??$__acrt_lock_stream_and_call@V<lambda_e516058a9c289d98c8ca9fea99247804>@@@@YAHQAU_iobuf@@$$QAV<lambda_e516058a9c289d98c8ca9fea99247804>@@@Z 10022416 f i libucrt:output.obj
 0001:00021448       ??$__crt_interlocked_read@J@@YAJPDJ@Z 10022448 f i libucrt:output.obj
 0001:00022693       ??$count@D@formatting_buffer@__crt_stdio_output@@QBEIXZ 10023693 f i libucrt:output.obj
 0001:000226b1       ??$data@D@formatting_buffer@__crt_stdio_output@@QAEPADXZ 100236b1 f i libucrt:output.obj
 0001:000226c1       ??$data@_W@formatting_buffer@__crt_stdio_output@@QAEPA_WXZ 100236c1 f i libucrt:output.obj
 0001:000226d1       ??$ensure_buffer_is_big_enough@D@formatting_buffer@__crt_stdio_output@@QAE_NI@Z 100236d1 f i libucrt:output.obj
 0001:00022778       ??$extract_argument_from_va_list@C_J@?$positional_parameter_base@DV?$stream_output_adapter@D@__crt_stdio_output@@@__crt_stdio_output@@IAE_NAA_J@Z 10023778 f i libucrt:output.obj
 0001:00022816       ??$extract_argument_from_va_list@C_J@?$positional_parameter_base@DV?$string_output_adapter@D@__crt_stdio_output@@@__crt_stdio_output@@IAE_NAA_J@Z 10023816 f i libucrt:output.obj
 0001:000228b4       ??$extract_argument_from_va_list@C_J@?$positional_parameter_base@_WV?$stream_output_adapter@_W@__crt_stdio_output@@@__crt_stdio_output@@IAE_NAA_J@Z 100238b4 f i libucrt:output.obj
 0001:00022952       ??$extract_argument_from_va_list@C_J@?$positional_parameter_base@_WV?$string_output_adapter@_W@__crt_stdio_output@@@__crt_stdio_output@@IAE_NAA_J@Z 10023952 f i libucrt:output.obj
 0001:000229f0       ??$extract_argument_from_va_list@C_J@?$standard_base@DV?$stream_output_adapter@D@__crt_stdio_output@@@__crt_stdio_output@@IAE_NAA_J@Z 100239f0 f i libucrt:output.obj
 0001:00022a16       ??$extract_argument_from_va_list@C_J@?$standard_base@DV?$string_output_adapter@D@__crt_stdio_output@@@__crt_stdio_output@@IAE_NAA_J@Z 10023a16 f i libucrt:output.obj
 0001:00022a3c       ??$extract_argument_from_va_list@C_J@?$standard_base@_WV?$stream_output_adapter@_W@__crt_stdio_output@@@__crt_stdio_output@@IAE_NAA_J@Z 10023a3c f i libucrt:output.obj
 0001:00022a62       ??$extract_argument_from_va_list@C_J@?$standard_base@_WV?$string_output_adapter@_W@__crt_stdio_output@@@__crt_stdio_output@@IAE_NAA_J@Z 10023a62 f i libucrt:output.obj
 0001:00022a88       ??$extract_argument_from_va_list@E_J@?$positional_parameter_base@DV?$stream_output_adapter@D@__crt_stdio_output@@@__crt_stdio_output@@IAE_NAA_J@Z 10023a88 f i libucrt:output.obj
 0001:00022b26       ??$extract_argument_from_va_list@E_J@?$positional_parameter_base@DV?$string_output_adapter@D@__crt_stdio_output@@@__crt_stdio_output@@IAE_NAA_J@Z 10023b26 f i libucrt:output.obj
 0001:00022bc4       ??$extract_argument_from_va_list@E_J@?$positional_parameter_base@_WV?$stream_output_adapter@_W@__crt_stdio_output@@@__crt_stdio_output@@IAE_NAA_J@Z 10023bc4 f i libucrt:output.obj
 0001:00022c62       ??$extract_argument_from_va_list@E_J@?$positional_parameter_base@_WV?$string_output_adapter@_W@__crt_stdio_output@@@__crt_stdio_output@@IAE_NAA_J@Z 10023c62 f i libucrt:output.obj
 0001:00022d00       ??$extract_argument_from_va_list@E_J@?$standard_base@DV?$stream_output_adapter@D@__crt_stdio_output@@@__crt_stdio_output@@IAE_NAA_J@Z 10023d00 f i libucrt:output.obj
 0001:00022d26       ??$extract_argument_from_va_list@E_J@?$standard_base@DV?$string_output_adapter@D@__crt_stdio_output@@@__crt_stdio_output@@IAE_NAA_J@Z 10023d26 f i libucrt:output.obj
 0001:00022d4c       ??$extract_argument_from_va_list@E_J@?$standard_base@_WV?$stream_output_adapter@_W@__crt_stdio_output@@@__crt_stdio_output@@IAE_NAA_J@Z 10023d4c f i libucrt:output.obj
 0001:00022d72       ??$extract_argument_from_va_list@E_J@?$standard_base@_WV?$string_output_adapter@_W@__crt_stdio_output@@@__crt_stdio_output@@IAE_NAA_J@Z 10023d72 f i libucrt:output.obj
 0001:00022d98       ??$extract_argument_from_va_list@F_J@?$positional_parameter_base@DV?$stream_output_adapter@D@__crt_stdio_output@@@__crt_stdio_output@@IAE_NAA_J@Z 10023d98 f i libucrt:output.obj
 0001:00022e36       ??$extract_argument_from_va_list@F_J@?$positional_parameter_base@DV?$string_output_adapter@D@__crt_stdio_output@@@__crt_stdio_output@@IAE_NAA_J@Z 10023e36 f i libucrt:output.obj
 0001:00022ed4       ??$extract_argument_from_va_list@F_J@?$positional_parameter_base@_WV?$stream_output_adapter@_W@__crt_stdio_output@@@__crt_stdio_output@@IAE_NAA_J@Z 10023ed4 f i libucrt:output.obj
 0001:00022f72       ??$extract_argument_from_va_list@F_J@?$positional_parameter_base@_WV?$string_output_adapter@_W@__crt_stdio_output@@@__crt_stdio_output@@IAE_NAA_J@Z 10023f72 f i libucrt:output.obj
 0001:00023010       ??$extract_argument_from_va_list@F_J@?$standard_base@DV?$stream_output_adapter@D@__crt_stdio_output@@@__crt_stdio_output@@IAE_NAA_J@Z 10024010 f i libucrt:output.obj
 0001:00023036       ??$extract_argument_from_va_list@F_J@?$standard_base@DV?$string_output_adapter@D@__crt_stdio_output@@@__crt_stdio_output@@IAE_NAA_J@Z 10024036 f i libucrt:output.obj
 0001:0002305c       ??$extract_argument_from_va_list@F_J@?$standard_base@_WV?$stream_output_adapter@_W@__crt_stdio_output@@@__crt_stdio_output@@IAE_NAA_J@Z 1002405c f i libucrt:output.obj
 0001:00023082       ??$extract_argument_from_va_list@F_J@?$standard_base@_WV?$string_output_adapter@_W@__crt_stdio_output@@@__crt_stdio_output@@IAE_NAA_J@Z 10024082 f i libucrt:output.obj
 0001:000230a8       ??$extract_argument_from_va_list@GD@?$positional_parameter_base@DV?$stream_output_adapter@D@__crt_stdio_output@@@__crt_stdio_output@@IAE_NAAD@Z 100240a8 f i libucrt:output.obj
 0001:00023145       ??$extract_argument_from_va_list@GD@?$positional_parameter_base@DV?$string_output_adapter@D@__crt_stdio_output@@@__crt_stdio_output@@IAE_NAAD@Z 10024145 f i libucrt:output.obj
 0001:000231e2       ??$extract_argument_from_va_list@GD@?$standard_base@DV?$stream_output_adapter@D@__crt_stdio_output@@@__crt_stdio_output@@IAE_NAAD@Z 100241e2 f i libucrt:output.obj
 0001:00023202       ??$extract_argument_from_va_list@GD@?$standard_base@DV?$string_output_adapter@D@__crt_stdio_output@@@__crt_stdio_output@@IAE_NAAD@Z 10024202 f i libucrt:output.obj
 0001:00023222       ??$extract_argument_from_va_list@G_J@?$positional_parameter_base@DV?$stream_output_adapter@D@__crt_stdio_output@@@__crt_stdio_output@@IAE_NAA_J@Z 10024222 f i libucrt:output.obj
 0001:000232c0       ??$extract_argument_from_va_list@G_J@?$positional_parameter_base@DV?$string_output_adapter@D@__crt_stdio_output@@@__crt_stdio_output@@IAE_NAA_J@Z 100242c0 f i libucrt:output.obj
 0001:0002335e       ??$extract_argument_from_va_list@G_J@?$positional_parameter_base@_WV?$stream_output_adapter@_W@__crt_stdio_output@@@__crt_stdio_output@@IAE_NAA_J@Z 1002435e f i libucrt:output.obj
 0001:000233fc       ??$extract_argument_from_va_list@G_J@?$positional_parameter_base@_WV?$string_output_adapter@_W@__crt_stdio_output@@@__crt_stdio_output@@IAE_NAA_J@Z 100243fc f i libucrt:output.obj
 0001:0002349a       ??$extract_argument_from_va_list@G_J@?$standard_base@DV?$stream_output_adapter@D@__crt_stdio_output@@@__crt_stdio_output@@IAE_NAA_J@Z 1002449a f i libucrt:output.obj
 0001:000234c0       ??$extract_argument_from_va_list@G_J@?$standard_base@DV?$string_output_adapter@D@__crt_stdio_output@@@__crt_stdio_output@@IAE_NAA_J@Z 100244c0 f i libucrt:output.obj
 0001:000234e6       ??$extract_argument_from_va_list@G_J@?$standard_base@_WV?$stream_output_adapter@_W@__crt_stdio_output@@@__crt_stdio_output@@IAE_NAA_J@Z 100244e6 f i libucrt:output.obj
 0001:0002350c       ??$extract_argument_from_va_list@G_J@?$standard_base@_WV?$string_output_adapter@_W@__crt_stdio_output@@@__crt_stdio_output@@IAE_NAA_J@Z 1002450c f i libucrt:output.obj
 0001:00023532       ??$extract_argument_from_va_list@H_J@?$positional_parameter_base@DV?$stream_output_adapter@D@__crt_stdio_output@@@__crt_stdio_output@@IAE_NAA_J@Z 10024532 f i libucrt:output.obj
 0001:000235ce       ??$extract_argument_from_va_list@H_J@?$positional_parameter_base@DV?$string_output_adapter@D@__crt_stdio_output@@@__crt_stdio_output@@IAE_NAA_J@Z 100245ce f i libucrt:output.obj
 0001:0002366a       ??$extract_argument_from_va_list@H_J@?$positional_parameter_base@_WV?$stream_output_adapter@_W@__crt_stdio_output@@@__crt_stdio_output@@IAE_NAA_J@Z 1002466a f i libucrt:output.obj
 0001:00023706       ??$extract_argument_from_va_list@H_J@?$positional_parameter_base@_WV?$string_output_adapter@_W@__crt_stdio_output@@@__crt_stdio_output@@IAE_NAA_J@Z 10024706 f i libucrt:output.obj
 0001:000237a2       ??$extract_argument_from_va_list@H_J@?$standard_base@DV?$stream_output_adapter@D@__crt_stdio_output@@@__crt_stdio_output@@IAE_NAA_J@Z 100247a2 f i libucrt:output.obj
 0001:000237c7       ??$extract_argument_from_va_list@H_J@?$standard_base@DV?$string_output_adapter@D@__crt_stdio_output@@@__crt_stdio_output@@IAE_NAA_J@Z 100247c7 f i libucrt:output.obj
 0001:000237ec       ??$extract_argument_from_va_list@H_J@?$standard_base@_WV?$stream_output_adapter@_W@__crt_stdio_output@@@__crt_stdio_output@@IAE_NAA_J@Z 100247ec f i libucrt:output.obj
 0001:00023811       ??$extract_argument_from_va_list@H_J@?$standard_base@_WV?$string_output_adapter@_W@__crt_stdio_output@@@__crt_stdio_output@@IAE_NAA_J@Z 10024811 f i libucrt:output.obj
 0001:00023836       ??$extract_argument_from_va_list@I_J@?$positional_parameter_base@DV?$stream_output_adapter@D@__crt_stdio_output@@@__crt_stdio_output@@IAE_NAA_J@Z 10024836 f i libucrt:output.obj
 0001:000238dd       ??$extract_argument_from_va_list@I_J@?$positional_parameter_base@DV?$string_output_adapter@D@__crt_stdio_output@@@__crt_stdio_output@@IAE_NAA_J@Z 100248dd f i libucrt:output.obj
 0001:00023984       ??$extract_argument_from_va_list@I_J@?$positional_parameter_base@_WV?$stream_output_adapter@_W@__crt_stdio_output@@@__crt_stdio_output@@IAE_NAA_J@Z 10024984 f i libucrt:output.obj
 0001:00023a2b       ??$extract_argument_from_va_list@I_J@?$positional_parameter_base@_WV?$string_output_adapter@_W@__crt_stdio_output@@@__crt_stdio_output@@IAE_NAA_J@Z 10024a2b f i libucrt:output.obj
 0001:00023ad2       ??$extract_argument_from_va_list@I_J@?$standard_base@DV?$stream_output_adapter@D@__crt_stdio_output@@@__crt_stdio_output@@IAE_NAA_J@Z 10024ad2 f i libucrt:output.obj
 0001:00023af7       ??$extract_argument_from_va_list@I_J@?$standard_base@DV?$string_output_adapter@D@__crt_stdio_output@@@__crt_stdio_output@@IAE_NAA_J@Z 10024af7 f i libucrt:output.obj
 0001:00023b1c       ??$extract_argument_from_va_list@I_J@?$standard_base@_WV?$stream_output_adapter@_W@__crt_stdio_output@@@__crt_stdio_output@@IAE_NAA_J@Z 10024b1c f i libucrt:output.obj
 0001:00023b41       ??$extract_argument_from_va_list@I_J@?$standard_base@_WV?$string_output_adapter@_W@__crt_stdio_output@@@__crt_stdio_output@@IAE_NAA_J@Z 10024b41 f i libucrt:output.obj
 0001:00023b66       ??$extract_argument_from_va_list@PADPAD@?$positional_parameter_base@DV?$stream_output_adapter@D@__crt_stdio_output@@@__crt_stdio_output@@IAE_NAAPAD@Z 10024b66 f i libucrt:output.obj
 0001:00023c03       ??$extract_argument_from_va_list@PADPAD@?$positional_parameter_base@DV?$string_output_adapter@D@__crt_stdio_output@@@__crt_stdio_output@@IAE_NAAPAD@Z 10024c03 f i libucrt:output.obj
 0001:00023ca0       ??$extract_argument_from_va_list@PADPAD@?$positional_parameter_base@_WV?$stream_output_adapter@_W@__crt_stdio_output@@@__crt_stdio_output@@IAE_NAAPAD@Z 10024ca0 f i libucrt:output.obj
 0001:00023d3d       ??$extract_argument_from_va_list@PADPAD@?$positional_parameter_base@_WV?$string_output_adapter@_W@__crt_stdio_output@@@__crt_stdio_output@@IAE_NAAPAD@Z 10024d3d f i libucrt:output.obj
 0001:00023dda       ??$extract_argument_from_va_list@PADPAD@?$standard_base@DV?$stream_output_adapter@D@__crt_stdio_output@@@__crt_stdio_output@@IAE_NAAPAD@Z 10024dda f i libucrt:output.obj
 0001:00023dfa       ??$extract_argument_from_va_list@PADPAD@?$standard_base@DV?$string_output_adapter@D@__crt_stdio_output@@@__crt_stdio_output@@IAE_NAAPAD@Z 10024dfa f i libucrt:output.obj
 0001:00023e1a       ??$extract_argument_from_va_list@PADPAD@?$standard_base@_WV?$stream_output_adapter@_W@__crt_stdio_output@@@__crt_stdio_output@@IAE_NAAPAD@Z 10024e1a f i libucrt:output.obj
 0001:00023e3a       ??$extract_argument_from_va_list@PADPAD@?$standard_base@_WV?$string_output_adapter@_W@__crt_stdio_output@@@__crt_stdio_output@@IAE_NAAPAD@Z 10024e3a f i libucrt:output.obj
 0001:00023e5a       ??$extract_argument_from_va_list@PAUansi_string@?1??type_case_Z@?$output_processor@DV?$stream_output_adapter@D@__crt_stdio_output@@V?$format_validation_base@DV?$stream_output_adapter@D@__crt_stdio_output@@@2@@__crt_stdio_output@@AAE_NXZ@PAU1?1??234@AAE_NXZ@@?$standard_base@DV?$stream_output_adapter@D@__crt_stdio_output@@@__crt_stdio_output@@IAE_NAAPAUansi_string@?1??type_case_Z@?$output_processor@DV?$stream_output_adapter@D@__crt_stdio_output@@V?$format_validation_base@DV?$stream_output_adapter@D@__crt_stdio_output@@@2@@1@AAE_NXZ@@Z 10024e5a f i libucrt:output.obj
 0001:00023e7a       ??$extract_argument_from_va_list@PAUansi_string@?1??type_case_Z@?$output_processor@DV?$stream_output_adapter@D@__crt_stdio_output@@V?$positional_parameter_base@DV?$stream_output_adapter@D@__crt_stdio_output@@@2@@__crt_stdio_output@@AAE_NXZ@PAU1?1??234@AAE_NXZ@@?$positional_parameter_base@DV?$stream_output_adapter@D@__crt_stdio_output@@@__crt_stdio_output@@IAE_NAAPAUansi_string@?1??type_case_Z@?$output_processor@DV?$stream_output_adapter@D@__crt_stdio_output@@V?$positional_parameter_base@DV?$stream_output_adapter@D@__crt_stdio_output@@@2@@1@AAE_NXZ@@Z 10024e7a f i libucrt:output.obj
 0001:00023f17       ??$extract_argument_from_va_list@PAUansi_string@?1??type_case_Z@?$output_processor@DV?$stream_output_adapter@D@__crt_stdio_output@@V?$positional_parameter_base@DV?$stream_output_adapter@D@__crt_stdio_output@@@2@@__crt_stdio_output@@AAE_NXZ@PAU1?1??234@AAE_NXZ@@?$standard_base@DV?$stream_output_adapter@D@__crt_stdio_output@@@__crt_stdio_output@@IAE_NAAPAUansi_string@?1??type_case_Z@?$output_processor@DV?$stream_output_adapter@D@__crt_stdio_output@@V?$positional_parameter_base@DV?$stream_output_adapter@D@__crt_stdio_output@@@2@@1@AAE_NXZ@@Z 10024f17 f i libucrt:output.obj
 0001:00023f37       ??$extract_argument_from_va_list@PAUansi_string@?1??type_case_Z@?$output_processor@DV?$stream_output_adapter@D@__crt_stdio_output@@V?$standard_base@DV?$stream_output_adapter@D@__crt_stdio_output@@@2@@__crt_stdio_output@@AAE_NXZ@PAU1?1??234@AAE_NXZ@@?$standard_base@DV?$stream_output_adapter@D@__crt_stdio_output@@@__crt_stdio_output@@IAE_NAAPAUansi_string@?1??type_case_Z@?$output_processor@DV?$stream_output_adapter@D@__crt_stdio_output@@V?$standard_base@DV?$stream_output_adapter@D@__crt_stdio_output@@@2@@1@AAE_NXZ@@Z 10024f37 f i libucrt:output.obj
 0001:00023f57       ??$extract_argument_from_va_list@PAUansi_string@?1??type_case_Z@?$output_processor@DV?$string_output_adapter@D@__crt_stdio_output@@V?$format_validation_base@DV?$string_output_adapter@D@__crt_stdio_output@@@2@@__crt_stdio_output@@AAE_NXZ@PAU1?1??234@AAE_NXZ@@?$standard_base@DV?$string_output_adapter@D@__crt_stdio_output@@@__crt_stdio_output@@IAE_NAAPAUansi_string@?1??type_case_Z@?$output_processor@DV?$string_output_adapter@D@__crt_stdio_output@@V?$format_validation_base@DV?$string_output_adapter@D@__crt_stdio_output@@@2@@1@AAE_NXZ@@Z 10024f57 f i libucrt:output.obj
 0001:00023f77       ??$extract_argument_from_va_list@PAUansi_string@?1??type_case_Z@?$output_processor@DV?$string_output_adapter@D@__crt_stdio_output@@V?$positional_parameter_base@DV?$string_output_adapter@D@__crt_stdio_output@@@2@@__crt_stdio_output@@AAE_NXZ@PAU1?1??234@AAE_NXZ@@?$positional_parameter_base@DV?$string_output_adapter@D@__crt_stdio_output@@@__crt_stdio_output@@IAE_NAAPAUansi_string@?1??type_case_Z@?$output_processor@DV?$string_output_adapter@D@__crt_stdio_output@@V?$positional_parameter_base@DV?$string_output_adapter@D@__crt_stdio_output@@@2@@1@AAE_NXZ@@Z 10024f77 f i libucrt:output.obj
 0001:00024014       ??$extract_argument_from_va_list@PAUansi_string@?1??type_case_Z@?$output_processor@DV?$string_output_adapter@D@__crt_stdio_output@@V?$positional_parameter_base@DV?$string_output_adapter@D@__crt_stdio_output@@@2@@__crt_stdio_output@@AAE_NXZ@PAU1?1??234@AAE_NXZ@@?$standard_base@DV?$string_output_adapter@D@__crt_stdio_output@@@__crt_stdio_output@@IAE_NAAPAUansi_string@?1??type_case_Z@?$output_processor@DV?$string_output_adapter@D@__crt_stdio_output@@V?$positional_parameter_base@DV?$string_output_adapter@D@__crt_stdio_output@@@2@@1@AAE_NXZ@@Z 10025014 f i libucrt:output.obj
 0001:00024034       ??$extract_argument_from_va_list@PAUansi_string@?1??type_case_Z@?$output_processor@DV?$string_output_adapter@D@__crt_stdio_output@@V?$standard_base@DV?$string_output_adapter@D@__crt_stdio_output@@@2@@__crt_stdio_output@@AAE_NXZ@PAU1?1??234@AAE_NXZ@@?$standard_base@DV?$string_output_adapter@D@__crt_stdio_output@@@__crt_stdio_output@@IAE_NAAPAUansi_string@?1??type_case_Z@?$output_processor@DV?$string_output_adapter@D@__crt_stdio_output@@V?$standard_base@DV?$string_output_adapter@D@__crt_stdio_output@@@2@@1@AAE_NXZ@@Z 10025034 f i libucrt:output.obj
 0001:00024054       ??$extract_argument_from_va_list@PAUansi_string@?1??type_case_Z@?$output_processor@_WV?$stream_output_adapter@_W@__crt_stdio_output@@V?$format_validation_base@_WV?$stream_output_adapter@_W@__crt_stdio_output@@@2@@__crt_stdio_output@@AAE_NXZ@PAU1?1??234@AAE_NXZ@@?$standard_base@_WV?$stream_output_adapter@_W@__crt_stdio_output@@@__crt_stdio_output@@IAE_NAAPAUansi_string@?1??type_case_Z@?$output_processor@_WV?$stream_output_adapter@_W@__crt_stdio_output@@V?$format_validation_base@_WV?$stream_output_adapter@_W@__crt_stdio_output@@@2@@1@AAE_NXZ@@Z 10025054 f i libucrt:output.obj
 0001:00024074       ??$extract_argument_from_va_list@PAUansi_string@?1??type_case_Z@?$output_processor@_WV?$stream_output_adapter@_W@__crt_stdio_output@@V?$positional_parameter_base@_WV?$stream_output_adapter@_W@__crt_stdio_output@@@2@@__crt_stdio_output@@AAE_NXZ@PAU1?1??234@AAE_NXZ@@?$positional_parameter_base@_WV?$stream_output_adapter@_W@__crt_stdio_output@@@__crt_stdio_output@@IAE_NAAPAUansi_string@?1??type_case_Z@?$output_processor@_WV?$stream_output_adapter@_W@__crt_stdio_output@@V?$positional_parameter_base@_WV?$stream_output_adapter@_W@__crt_stdio_output@@@2@@1@AAE_NXZ@@Z 10025074 f i libucrt:output.obj
 0001:00024111       ??$extract_argument_from_va_list@PAUansi_string@?1??type_case_Z@?$output_processor@_WV?$stream_output_adapter@_W@__crt_stdio_output@@V?$positional_parameter_base@_WV?$stream_output_adapter@_W@__crt_stdio_output@@@2@@__crt_stdio_output@@AAE_NXZ@PAU1?1??234@AAE_NXZ@@?$standard_base@_WV?$stream_output_adapter@_W@__crt_stdio_output@@@__crt_stdio_output@@IAE_NAAPAUansi_string@?1??type_case_Z@?$output_processor@_WV?$stream_output_adapter@_W@__crt_stdio_output@@V?$positional_parameter_base@_WV?$stream_output_adapter@_W@__crt_stdio_output@@@2@@1@AAE_NXZ@@Z 10025111 f i libucrt:output.obj
 0001:00024131       ??$extract_argument_from_va_list@PAUansi_string@?1??type_case_Z@?$output_processor@_WV?$stream_output_adapter@_W@__crt_stdio_output@@V?$standard_base@_WV?$stream_output_adapter@_W@__crt_stdio_output@@@2@@__crt_stdio_output@@AAE_NXZ@PAU1?1??234@AAE_NXZ@@?$standard_base@_WV?$stream_output_adapter@_W@__crt_stdio_output@@@__crt_stdio_output@@IAE_NAAPAUansi_string@?1??type_case_Z@?$output_processor@_WV?$stream_output_adapter@_W@__crt_stdio_output@@V?$standard_base@_WV?$stream_output_adapter@_W@__crt_stdio_output@@@2@@1@AAE_NXZ@@Z 10025131 f i libucrt:output.obj
 0001:00024151       ??$extract_argument_from_va_list@PAUansi_string@?1??type_case_Z@?$output_processor@_WV?$string_output_adapter@_W@__crt_stdio_output@@V?$format_validation_base@_WV?$string_output_adapter@_W@__crt_stdio_output@@@2@@__crt_stdio_output@@AAE_NXZ@PAU1?1??234@AAE_NXZ@@?$standard_base@_WV?$string_output_adapter@_W@__crt_stdio_output@@@__crt_stdio_output@@IAE_NAAPAUansi_string@?1??type_case_Z@?$output_processor@_WV?$string_output_adapter@_W@__crt_stdio_output@@V?$format_validation_base@_WV?$string_output_adapter@_W@__crt_stdio_output@@@2@@1@AAE_NXZ@@Z 10025151 f i libucrt:output.obj
 0001:00024171       ??$extract_argument_from_va_list@PAUansi_string@?1??type_case_Z@?$output_processor@_WV?$string_output_adapter@_W@__crt_stdio_output@@V?$positional_parameter_base@_WV?$string_output_adapter@_W@__crt_stdio_output@@@2@@__crt_stdio_output@@AAE_NXZ@PAU1?1??234@AAE_NXZ@@?$positional_parameter_base@_WV?$string_output_adapter@_W@__crt_stdio_output@@@__crt_stdio_output@@IAE_NAAPAUansi_string@?1??type_case_Z@?$output_processor@_WV?$string_output_adapter@_W@__crt_stdio_output@@V?$positional_parameter_base@_WV?$string_output_adapter@_W@__crt_stdio_output@@@2@@1@AAE_NXZ@@Z 10025171 f i libucrt:output.obj
 0001:0002420e       ??$extract_argument_from_va_list@PAUansi_string@?1??type_case_Z@?$output_processor@_WV?$string_output_adapter@_W@__crt_stdio_output@@V?$positional_parameter_base@_WV?$string_output_adapter@_W@__crt_stdio_output@@@2@@__crt_stdio_output@@AAE_NXZ@PAU1?1??234@AAE_NXZ@@?$standard_base@_WV?$string_output_adapter@_W@__crt_stdio_output@@@__crt_stdio_output@@IAE_NAAPAUansi_string@?1??type_case_Z@?$output_processor@_WV?$string_output_adapter@_W@__crt_stdio_output@@V?$positional_parameter_base@_WV?$string_output_adapter@_W@__crt_stdio_output@@@2@@1@AAE_NXZ@@Z 1002520e f i libucrt:output.obj
 0001:0002422e       ??$extract_argument_from_va_list@PAUansi_string@?1??type_case_Z@?$output_processor@_WV?$string_output_adapter@_W@__crt_stdio_output@@V?$standard_base@_WV?$string_output_adapter@_W@__crt_stdio_output@@@2@@__crt_stdio_output@@AAE_NXZ@PAU1?1??234@AAE_NXZ@@?$standard_base@_WV?$string_output_adapter@_W@__crt_stdio_output@@@__crt_stdio_output@@IAE_NAAPAUansi_string@?1??type_case_Z@?$output_processor@_WV?$string_output_adapter@_W@__crt_stdio_output@@V?$standard_base@_WV?$string_output_adapter@_W@__crt_stdio_output@@@2@@1@AAE_NXZ@@Z 1002522e f i libucrt:output.obj
 0001:0002424e       ??$extract_argument_from_va_list@PAXPAX@?$positional_parameter_base@DV?$stream_output_adapter@D@__crt_stdio_output@@@__crt_stdio_output@@IAE_NAAPAX@Z 1002524e f i libucrt:output.obj
 0001:000242eb       ??$extract_argument_from_va_list@PAXPAX@?$positional_parameter_base@DV?$string_output_adapter@D@__crt_stdio_output@@@__crt_stdio_output@@IAE_NAAPAX@Z 100252eb f i libucrt:output.obj
 0001:00024388       ??$extract_argument_from_va_list@PAXPAX@?$positional_parameter_base@_WV?$stream_output_adapter@_W@__crt_stdio_output@@@__crt_stdio_output@@IAE_NAAPAX@Z 10025388 f i libucrt:output.obj
 0001:00024425       ??$extract_argument_from_va_list@PAXPAX@?$positional_parameter_base@_WV?$string_output_adapter@_W@__crt_stdio_output@@@__crt_stdio_output@@IAE_NAAPAX@Z 10025425 f i libucrt:output.obj
 0001:000244c2       ??$extract_argument_from_va_list@PAXPAX@?$standard_base@DV?$stream_output_adapter@D@__crt_stdio_output@@@__crt_stdio_output@@IAE_NAAPAX@Z 100254c2 f i libucrt:output.obj
 0001:000244e2       ??$extract_argument_from_va_list@PAXPAX@?$standard_base@DV?$string_output_adapter@D@__crt_stdio_output@@@__crt_stdio_output@@IAE_NAAPAX@Z 100254e2 f i libucrt:output.obj
 0001:00024502       ??$extract_argument_from_va_list@PAXPAX@?$standard_base@_WV?$stream_output_adapter@_W@__crt_stdio_output@@@__crt_stdio_output@@IAE_NAAPAX@Z 10025502 f i libucrt:output.obj
 0001:00024522       ??$extract_argument_from_va_list@PAXPAX@?$standard_base@_WV?$string_output_adapter@_W@__crt_stdio_output@@@__crt_stdio_output@@IAE_NAAPAX@Z 10025522 f i libucrt:output.obj
 0001:00024542       ??$extract_argument_from_va_list@U_CRT_DOUBLE@@U1@@?$positional_parameter_base@DV?$stream_output_adapter@D@__crt_stdio_output@@@__crt_stdio_output@@IAE_NAAU_CRT_DOUBLE@@@Z 10025542 f i libucrt:output.obj
 0001:000245f3       ??$extract_argument_from_va_list@U_CRT_DOUBLE@@U1@@?$positional_parameter_base@DV?$string_output_adapter@D@__crt_stdio_output@@@__crt_stdio_output@@IAE_NAAU_CRT_DOUBLE@@@Z 100255f3 f i libucrt:output.obj
 0001:000246a4       ??$extract_argument_from_va_list@U_CRT_DOUBLE@@U1@@?$positional_parameter_base@_WV?$stream_output_adapter@_W@__crt_stdio_output@@@__crt_stdio_output@@IAE_NAAU_CRT_DOUBLE@@@Z 100256a4 f i libucrt:output.obj
 0001:00024755       ??$extract_argument_from_va_list@U_CRT_DOUBLE@@U1@@?$positional_parameter_base@_WV?$string_output_adapter@_W@__crt_stdio_output@@@__crt_stdio_output@@IAE_NAAU_CRT_DOUBLE@@@Z 10025755 f i libucrt:output.obj
 0001:00024806       ??$extract_argument_from_va_list@U_CRT_DOUBLE@@U1@@?$standard_base@DV?$stream_output_adapter@D@__crt_stdio_output@@@__crt_stdio_output@@IAE_NAAU_CRT_DOUBLE@@@Z 10025806 f i libucrt:output.obj
 0001:0002482e       ??$extract_argument_from_va_list@U_CRT_DOUBLE@@U1@@?$standard_base@DV?$string_output_adapter@D@__crt_stdio_output@@@__crt_stdio_output@@IAE_NAAU_CRT_DOUBLE@@@Z 1002582e f i libucrt:output.obj
 0001:00024856       ??$extract_argument_from_va_list@U_CRT_DOUBLE@@U1@@?$standard_base@_WV?$stream_output_adapter@_W@__crt_stdio_output@@@__crt_stdio_output@@IAE_NAAU_CRT_DOUBLE@@@Z 10025856 f i libucrt:output.obj
 0001:0002487e       ??$extract_argument_from_va_list@U_CRT_DOUBLE@@U1@@?$standard_base@_WV?$string_output_adapter@_W@__crt_stdio_output@@@__crt_stdio_output@@IAE_NAAU_CRT_DOUBLE@@@Z 1002587e f i libucrt:output.obj
 0001:000248a6       ??$extract_argument_from_va_list@_J_J@?$positional_parameter_base@DV?$stream_output_adapter@D@__crt_stdio_output@@@__crt_stdio_output@@IAE_NAA_J@Z 100258a6 f i libucrt:output.obj
 0001:00024957       ??$extract_argument_from_va_list@_J_J@?$positional_parameter_base@DV?$string_output_adapter@D@__crt_stdio_output@@@__crt_stdio_output@@IAE_NAA_J@Z 10025957 f i libucrt:output.obj
 0001:00024a08       ??$extract_argument_from_va_list@_J_J@?$positional_parameter_base@_WV?$stream_output_adapter@_W@__crt_stdio_output@@@__crt_stdio_output@@IAE_NAA_J@Z 10025a08 f i libucrt:output.obj
 0001:00024ab9       ??$extract_argument_from_va_list@_J_J@?$positional_parameter_base@_WV?$string_output_adapter@_W@__crt_stdio_output@@@__crt_stdio_output@@IAE_NAA_J@Z 10025ab9 f i libucrt:output.obj
 0001:00024b6a       ??$extract_argument_from_va_list@_J_J@?$standard_base@DV?$stream_output_adapter@D@__crt_stdio_output@@@__crt_stdio_output@@IAE_NAA_J@Z 10025b6a f i libucrt:output.obj
 0001:00024b92       ??$extract_argument_from_va_list@_J_J@?$standard_base@DV?$string_output_adapter@D@__crt_stdio_output@@@__crt_stdio_output@@IAE_NAA_J@Z 10025b92 f i libucrt:output.obj
 0001:00024bba       ??$extract_argument_from_va_list@_J_J@?$standard_base@_WV?$stream_output_adapter@_W@__crt_stdio_output@@@__crt_stdio_output@@IAE_NAA_J@Z 10025bba f i libucrt:output.obj
 0001:00024be2       ??$extract_argument_from_va_list@_J_J@?$standard_base@_WV?$string_output_adapter@_W@__crt_stdio_output@@@__crt_stdio_output@@IAE_NAA_J@Z 10025be2 f i libucrt:output.obj
[...]
 0003:00007980       _CANAC2_2_receiveindex_mb2 1007e980     <common>
 0003:00007ca0       _CANAC2_2_receivemaxindex_mb2 1007eca0     <common>
 0003:00007cc0       _CANAC2_2_sendindex_mb2    1007ecc0     <common>
 0003:00007fe0       _CANAC2_2_sendmaxindex_mb2 1007efe0     <common>
 0003:00008000       _CANAC2_1_receiveindex_mb2 1007f000     <common>
 0003:00008320       _CANAC2_1_receivemaxindex_mb2 1007f320     <common>
 0003:00008340       _CANAC2_1_sendindex_mb2    1007f340     <common>
 0003:00008660       _CANAC2_1_sendmaxindex_mb2 1007f660     <common>
 0003:00008680       _CANAC2_2_receive_mb2      1007f680     <common>
 0003:000089a0       _CANAC2_2_send_mb2         1007f9a0     <common>
 0003:00008cc0       _CANAC2_1_receive_mb2      1007fcc0     <common>
 0003:00008fe0       _CANAC2_1_send_mb2         1007ffe0     <common>
 0003:00009300       _CANAC2_2_receiveindex_mb1 10080300     <common>
 0003:00009620       _CANAC2_2_receivemaxindex_mb1 10080620     <common>
 0003:00009640       _CANAC2_2_sendindex_mb1    10080640     <common>
 0003:00009960       _CANAC2_2_sendmaxindex_mb1 10080960     <common>
 0003:00009980       _CANAC2_1_receiveindex_mb1 10080980     <common>
 0003:00009ca0       _CANAC2_1_receivemaxindex_mb1 10080ca0     <common>
 0003:00009cc0       _CANAC2_1_sendindex_mb1    10080cc0     <common>
 0003:00009fe0       _CANAC2_1_sendmaxindex_mb1 10080fe0     <common>
 0003:0000a000       _CANAC2_2_receive_mb1      10081000     <common>
 0003:0000a320       _CANAC2_2_send_mb1         10081320     <common>
 0003:0000a640       _CANAC2_1_receive_mb1      10081640     <common>
 0003:0000a960       _CANAC2_1_send_mb1         10081960     <common>
 0003:0000ac80       _CANAC2_2_receiveindex     10081c80     <common>
 0003:0000afa0       _CANAC2_2_receivemaxindex  10081fa0     <common>
 0003:0000afc0       _CANAC2_2_sendindex        10081fc0     <common>
 0003:0000b2e0       _CANAC2_2_sendmaxindex     100822e0     <common>
 0003:0000b300       _CANAC2_1_receiveindex     10082300     <common>
 0003:0000b620       _CANAC2_1_receivemaxindex  10082620     <common>
 0003:0000b640       _CANAC2_1_sendindex        10082640     <common>
 0003:0000b960       _CANAC2_1_sendmaxindex     10082960     <common>
 0003:0000b980       _CANAC2_2_receive          10082980     <common>
 0003:0000bca0       _CANAC2_2_send             10082ca0     <common>
 0003:0000bfc0       _CANAC2_1_receive          10082fc0     <common>
 0003:0000c2e0       _CANAC2_1_send             100832e0     <common>
 0003:0000c600       _siepowercan_can_object_buffer_port2 10083600     <common>
 0003:00010620       _siepowercan_can_object_buffer_port1 10087620     <common>
 0003:00014620       _rtNaNF                    1008b620     <common>
 0003:00014634       _rtMinusInfF               1008b634     <common>
 0003:00014638       _rtInfF                    1008b638     <common>
 0003:00014640       _rtNaN                     1008b640     <common>
 0003:00014648       _rtMinusInf                1008b648     <common>
 0003:00014650       _rtInf                     1008b650     <common>
 0003:00014658       ?_OptionsStorage@?1??__local_stdio_printf_options@@9@9 1008b658     <common>
 0003:00014a80       _dc_motor_encoder_hardware_simulated_M_ 1008ba80     <common>
 0003:00015ca0       _dc_motor_encoder_hardware_simulated_Y 1008cca0     <common>
 0003:00015cc0       _dc_motor_encoder_hardware_simulated_DW 1008ccc0     <common>
 0003:00015da0       _dc_motor_encoder_hardware_simulated_X 1008cda0     <common>
 0003:00015dc0       _dc_motor_encoder_hardware_simulated_B 1008cdc0     <common>
 0003:00015ee8       _CloseClientSocket         1008cee8     <common>
 0003:00015f50       _ConnectClientSocket       1008cf50     <common>
 0003:00015f54       _BindClientSocket          1008cf54     <common>
 0003:00015f58       _CreateClientSocket        1008cf58     <common>
 0003:00015f5c       _CloseServerSocket         1008cf5c     <common>
 0003:00015f60       _ConnectServerSocket       1008cf60     <common>
 0003:00015f64       _OpenServerListen          1008cf64     <common>
 0003:00015f68       _CreateServerSocket        1008cf68     <common>
 0003:00015f6c       _SocketReceive             1008cf6c     <common>
 0003:00015f70       _SocketSend                1008cf70     <common>
 0003:00015f74       _GetSocketState            1008cf74     <common>
 0003:00015f78       _GetSocket                 1008cf78     <common>
 0003:00015f7c       _socket                    1008cf7c     <common>
 0003:00015f80       _inet_addr                 1008cf80     <common>
 0003:00015f84       _sendto                    1008cf84     <common>
 0003:00015f88       _recvfrom                  1008cf88     <common>
 0003:00015f8c       _listen                    1008cf8c     <common>
 0003:00015f90       _ioctlsocket               1008cf90     <common>
 0003:00015f94       _connect                   1008cf94     <common>
 0003:00015f98       _closesocket               1008cf98     <common>
 0003:00015f9c       _setsockopt                1008cf9c     <common>
 0003:00015fa0       _bind                      1008cfa0     <common>
 0003:00015fa4       _accept                    1008cfa4     <common>
 0003:00015fa8       _GetHostTarIPAdd           1008cfa8     <common>
 0003:00015fac       _GetDCUUsage               1008cfac     <common>
 0003:00015fb0       _DeleteRoute               1008cfb0     <common>
 0003:00015fb4       _AddGatewayRoute           1008cfb4     <common>
 0003:00015fb8       _SetIP                     1008cfb8     <common>
 0003:00015fbc       _CloseInterface            1008cfbc     <common>
 0003:00015fc0       _OpenInterface             1008cfc0     <common>
 0003:00015fc4       _SetIPTASKPriority         1008cfc4     <common>
 0003:00015fc8       _isUsedByRTIP              1008cfc8     <common>
 0003:00015fcc       _slrtWarning               1008cfcc     <common>
 0003:00015fd0       _slrtGetCPUTCelsius        1008cfd0     <common>
 0003:00015fd4       _geterrorstring            1008cfd4     <common>
 0003:00015fd8       _getlasterror              1008cfd8     <common>
 0003:00015fdc       _slrtLogEvent              1008cfdc     <common>
 0003:00015fe0       _slrtGetDefaultDrive       1008cfe0     <common>
 0003:00015fe4       _slrtfsFread               1008cfe4     <common>
 0003:00015fe8       _slrtfsGetFileStatus       1008cfe8     <common>
 0003:00015fec       _slrtfsOpenFileAsync       1008cfec     <common>
 0003:00015ff0       _slrtfsCloseFileAsync      1008cff0     <common>
 0003:00015ff4       _slrtfsGetFileErrorMessage 1008cff4     <common>
 0003:00015ff8       _slrtfsGetFileError        1008cff8     <common>
 0003:00015ffc       _slrtfsWriteToFile         1008cffc     <common>
 0003:00016000       _slrtfsCloseFile           1008d000     <common>
 0003:00016004       _slrtfsOpenFile            1008d004     <common>
 0003:00016008       _slrtGetSgCRBSpace         1008d008     <common>
 0003:0001600c       _slrtGetCRBScratchSpace    1008d00c     <common>
 0003:00016010       _slrteSetupMSI             1008d010     <common>
 0003:00016014       _slTestRegAssessment       1008d014     <common>
 0003:00016018       _slTestTerminate           1008d018     <common>
 0003:0001601c       _slTestEvalOnFail          1008d01c     <common>
 0003:00016020       _slTestLogAssessments      1008d020     <common>
 0003:00016024       _slTestInitialize          1008d024     <common>
 0003:00016028       _unRegisterPTPTimeRead     1008d028     <common>
 0003:0001602c       _registerPTPTimeRead       1008d02c     <common>
 0003:00016030       _slrteGetCurrentStepSize   1008d030     <common>
 0003:00016034       _slrteSetStepSizeDelta     1008d034     <common>
 0003:00016038       _xpceGetIntTimerGranularityNS 1008d038     <common>
 0003:0001603c       _xpceDAQUpdateTimeStamp    1008d03c     <common>
 0003:00016040       _xpceDAQPostEvent          1008d040     <common>
 0003:00016044       _StreamVideo               1008d044     <common>
 0003:00016048       _StopVideoDisplay          1008d048     <common>
 0003:0001604c       _StartVideoDisplay         1008d04c     <common>
 0003:00016050       _DestroyVideoDisplay       1008d050     <common>
 0003:00016054       _CreateVideoDisplay        1008d054     <common>
 0003:00016058       _ConvertUImage             1008d058     <common>
 0003:0001605c       _StopVideo                 1008d05c     <common>
 0003:00016060       _ReadFrameBuffer           1008d060     <common>
 0003:00016064       _StartVideo                1008d064     <common>
 0003:00016068       _GetVideoConfigs           1008d068     <common>
 0003:0001606c       _FindUsbVideoDevice        1008d06c     <common>
 0003:00016070       _xpceDeleteSemaphore       1008d070     <common>
 0003:00016074       _xpceSignalSemaphore       1008d074     <common>
 0003:00016078       _xpceWaitSemaphore         1008d078     <common>
 0003:0001607c       _xpceCreateSemaphore       1008d07c     <common>
 0003:00016080       _TBGiveSpinFast            1008d080     <common>
 0003:00016084       _TBTakeSpinFast            1008d084     <common>
 0003:00016088       _TBDeleteSpin              1008d088     <common>
 0003:0001608c       _TBCreateSpin              1008d08c     <common>
 0003:00016090       _xpceScopeAcqOK            1008d090     <common>
 0003:00016094       _rl32eRestartAcquisition   1008d094     <common>
 0003:00016098       _rl32eSetTargetScopeSigFt  1008d098     <common>
 0003:0001609c       _rl32eSetTargetScope       1008d09c     <common>
 0003:000160a0       _xpceFSScopeSet            1008d0a0     <common>
 0003:000160a4       _rl32eSetScope             1008d0a4     <common>
 0003:000160a8       _rl32eAddSignal            1008d0a8     <common>
 0003:000160ac       _rl32eGetSignalNo          1008d0ac     <common>
 0003:000160b0       _rl32eDefScope             1008d0b0     <common>
 0003:000160b4       _rl32eScopeExists          1008d0b4     <common>
 0003:000160b8       _xpceGetParamDims          1008d0b8     <common>
 0003:000160bc       _xpceGetParameter          1008d0bc     <common>
 0003:000160c0       _xpceSetParameter          1008d0c0     <common>
 0003:000160c4       _xpceGetSignalValue        1008d0c4     <common>
 0003:000160c8       _xpceAssignPCIInterrupt    1008d0c8     <common>
 0003:000160cc       _rl32eGetPCIInfoAtSlot     1008d0cc     <common>
 0003:000160d0       _rl32eGetPCIInfo           1008d0d0     <common>
 0003:000160d4       _rl32eShowPCIInfo          1008d0d4     <common>
 0003:000160d8       _rl32eShowPCIDev           1008d0d8     <common>
 0003:000160dc       _xpceGetTET                1008d0dc     <common>
 0003:000160e0       _xpceaddEvent              1008d0e0     <common>
 0003:000160e4       _xpceDeRegisterISR         1008d0e4     <common>
 0003:000160e8       _xpceRegisterISR           1008d0e8     <common>
 0003:000160ec       _xpcIsModelInit            1008d0ec     <common>
 0003:000160f0       _xpcGetElapsedTime         1008d0f0     <common>
 0003:000160f4       _xpcBusyWait               1008d0f4     <common>
 0003:000160f8       _xpcFreePhysicalMemory     1008d0f8     <common>
 0003:000160fc       _xpcAllocPhysicalMemory    1008d0fc     <common>
 0003:00016100       _xpcReserveMemoryRegion    1008d100     <common>
 0003:00016104       _xpcOutpB                  1008d104     <common>
 0003:00016108       _xpcOutpW                  1008d108     <common>
 0003:0001610c       _xpcOutpDW                 1008d10c     <common>
 0003:00016110       _xpcInpB                   1008d110     <common>
 0003:00016114       _xpcInpW                   1008d114     <common>
 0003:00016118       _xpcInpDW                  1008d118     <common>
 0003:0001611c       ___scrt_ucrt_dll_is_in_use 1008d11c     <common>
 0003:00016128       ___dyn_tls_init_callback   1008d128     <common>
 0003:00016134       __pDestructExceptionObject 1008d134     <common>
 0003:00016140       __pmatherr                 1008d140     <common>
 0003:0001614c       ___use_sse2_mathfcns       1008d14c     <common>
 0004:00000000       __imp__GetModuleHandleA@4  1008e000     kernel32:KERNEL32.dll
 0004:00000004       __imp__GetProcAddress@8    1008e004     kernel32:KERNEL32.dll
 0004:00000008       __imp__UnhandledExceptionFilter@4 1008e008     kernel32:KERNEL32.dll
 0004:0000000c       __imp__SetUnhandledExceptionFilter@4 1008e00c     kernel32:KERNEL32.dll
 0004:00000010       __imp__GetCurrentProcess@0 1008e010     kernel32:KERNEL32.dll
 0004:00000014       __imp__TerminateProcess@8  1008e014     kernel32:KERNEL32.dll
 0004:00000018       __imp__IsProcessorFeaturePresent@4 1008e018     kernel32:KERNEL32.dll
 0004:0000001c       __imp__QueryPerformanceCounter@4 1008e01c     kernel32:KERNEL32.dll
 0004:00000020       __imp__GetCurrentProcessId@0 1008e020     kernel32:KERNEL32.dll
 0004:00000024       __imp__GetCurrentThreadId@0 1008e024     kernel32:KERNEL32.dll
 0004:00000028       __imp__GetSystemTimeAsFileTime@4 1008e028     kernel32:KERNEL32.dll
 0004:0000002c       __imp__InitializeSListHead@4 1008e02c     kernel32:KERNEL32.dll
 0004:00000030       __imp__IsDebuggerPresent@0 1008e030     kernel32:KERNEL32.dll
 0004:00000034       __imp__GetStartupInfoW@4   1008e034     kernel32:KERNEL32.dll
 0004:00000038       __imp__GetModuleHandleW@4  1008e038     kernel32:KERNEL32.dll
 0004:0000003c       __imp__InterlockedPushEntrySList@8 1008e03c     kernel32:KERNEL32.dll
 0004:00000040       __imp__InterlockedFlushSList@4 1008e040     kernel32:KERNEL32.dll
 0004:00000044       __imp__RtlUnwind@16        1008e044     kernel32:KERNEL32.dll
 0004:00000048       __imp__GetLastError@0      1008e048     kernel32:KERNEL32.dll
 0004:0000004c       __imp__SetLastError@4      1008e04c     kernel32:KERNEL32.dll
 0004:00000050       __imp__EnterCriticalSection@4 1008e050     kernel32:KERNEL32.dll
 0004:00000054       __imp__LeaveCriticalSection@4 1008e054     kernel32:KERNEL32.dll
 0004:00000058       __imp__DeleteCriticalSection@4 1008e058     kernel32:KERNEL32.dll
 0004:0000005c       __imp__InitializeCriticalSectionAndSpinCount@8 1008e05c     kernel32:KERNEL32.dll
 0004:00000060       __imp__TlsAlloc@0          1008e060     kernel32:KERNEL32.dll
 0004:00000064       __imp__TlsGetValue@4       1008e064     kernel32:KERNEL32.dll
 0004:00000068       __imp__TlsSetValue@8       1008e068     kernel32:KERNEL32.dll
 0004:0000006c       __imp__TlsFree@4           1008e06c     kernel32:KERNEL32.dll
 0004:00000070       __imp__FreeLibrary@4       1008e070     kernel32:KERNEL32.dll
 0004:00000074       __imp__LoadLibraryExW@12   1008e074     kernel32:KERNEL32.dll
 0004:00000078       __imp__GetStdHandle@4      1008e078     kernel32:KERNEL32.dll
 0004:0000007c       __imp__GetFileType@4       1008e07c     kernel32:KERNEL32.dll
 0004:00000080       __imp__GetModuleFileNameA@12 1008e080     kernel32:KERNEL32.dll
 0004:00000084       __imp__GetModuleFileNameW@12 1008e084     kernel32:KERNEL32.dll
 0004:00000088       __imp__GetModuleHandleExW@12 1008e088     kernel32:KERNEL32.dll
 0004:0000008c       __imp__WriteConsoleW@20    1008e08c     kernel32:KERNEL32.dll
 0004:00000090       __imp__ExitProcess@4       1008e090     kernel32:KERNEL32.dll
 0004:00000094       __imp__RaiseException@16   1008e094     kernel32:KERNEL32.dll
 0004:00000098       __imp__MultiByteToWideChar@24 1008e098     kernel32:KERNEL32.dll
 0004:0000009c       __imp__WideCharToMultiByte@32 1008e09c     kernel32:KERNEL32.dll
 0004:000000a0       __imp__HeapFree@12         1008e0a0     kernel32:KERNEL32.dll
 0004:000000a4       __imp__HeapAlloc@12        1008e0a4     kernel32:KERNEL32.dll
 0004:000000a8       __imp__GetDateFormatW@24   1008e0a8     kernel32:KERNEL32.dll
 0004:000000ac       __imp__GetTimeFormatW@24   1008e0ac     kernel32:KERNEL32.dll
 0004:000000b0       __imp__CompareStringW@24   1008e0b0     kernel32:KERNEL32.dll
 0004:000000b4       __imp__LCMapStringW@24     1008e0b4     kernel32:KERNEL32.dll
 0004:000000b8       __imp__GetLocaleInfoW@16   1008e0b8     kernel32:KERNEL32.dll
 0004:000000bc       __imp__IsValidLocale@8     1008e0bc     kernel32:KERNEL32.dll
 0004:000000c0       __imp__GetUserDefaultLCID@0 1008e0c0     kernel32:KERNEL32.dll
 0004:000000c4       __imp__EnumSystemLocalesW@8 1008e0c4     kernel32:KERNEL32.dll
 0004:000000c8       __imp__GetCurrentThread@0  1008e0c8     kernel32:KERNEL32.dll
 0004:000000cc       __imp__GetACP@0            1008e0cc     kernel32:KERNEL32.dll
 0004:000000d0       __imp__WriteFile@20        1008e0d0     kernel32:KERNEL32.dll
 0004:000000d4       __imp__OutputDebugStringA@4 1008e0d4     kernel32:KERNEL32.dll
 0004:000000d8       __imp__OutputDebugStringW@4 1008e0d8     kernel32:KERNEL32.dll
 0004:000000dc       __imp__CloseHandle@4       1008e0dc     kernel32:KERNEL32.dll
 0004:000000e0       __imp__WaitForSingleObjectEx@12 1008e0e0     kernel32:KERNEL32.dll
 0004:000000e4       __imp__CreateThread@24     1008e0e4     kernel32:KERNEL32.dll
 0004:000000e8       __imp__SetConsoleCtrlHandler@8 1008e0e8     kernel32:KERNEL32.dll
 0004:000000ec       __imp__HeapReAlloc@16      1008e0ec     kernel32:KERNEL32.dll
 0004:000000f0       __imp__ReadFile@20         1008e0f0     kernel32:KERNEL32.dll
 0004:000000f4       __imp__GetConsoleMode@8    1008e0f4     kernel32:KERNEL32.dll
 0004:000000f8       __imp__ReadConsoleW@20     1008e0f8     kernel32:KERNEL32.dll
 0004:000000fc       __imp__GetConsoleCP@0      1008e0fc     kernel32:KERNEL32.dll
 0004:00000100       __imp__DeleteFileW@4       1008e100     kernel32:KERNEL32.dll
 0004:00000104       __imp__SetFilePointerEx@20 1008e104     kernel32:KERNEL32.dll
 0004:00000108       __imp__FindClose@4         1008e108     kernel32:KERNEL32.dll
 0004:0000010c       __imp__FindFirstFileExA@24 1008e10c     kernel32:KERNEL32.dll
 0004:00000110       __imp__FindFirstFileExW@24 1008e110     kernel32:KERNEL32.dll
 0004:00000114       __imp__FindNextFileA@8     1008e114     kernel32:KERNEL32.dll
 0004:00000118       __imp__FindNextFileW@8     1008e118     kernel32:KERNEL32.dll
 0004:0000011c       __imp__IsValidCodePage@4   1008e11c     kernel32:KERNEL32.dll
 0004:00000120       __imp__GetOEMCP@0          1008e120     kernel32:KERNEL32.dll
 0004:00000124       __imp__GetCPInfo@8         1008e124     kernel32:KERNEL32.dll
 0004:00000128       __imp__GetCommandLineA@0   1008e128     kernel32:KERNEL32.dll
 0004:0000012c       __imp__GetCommandLineW@0   1008e12c     kernel32:KERNEL32.dll
 0004:00000130       __imp__GetEnvironmentStringsW@0 1008e130     kernel32:KERNEL32.dll
 0004:00000134       __imp__FreeEnvironmentStringsW@4 1008e134     kernel32:KERNEL32.dll
 0004:00000138       __imp__SetEnvironmentVariableA@8 1008e138     kernel32:KERNEL32.dll
 0004:0000013c       __imp__SetEnvironmentVariableW@8 1008e13c     kernel32:KERNEL32.dll
 0004:00000140       __imp__GetProcessHeap@0    1008e140     kernel32:KERNEL32.dll
 0004:00000144       __imp__GetStringTypeW@16   1008e144     kernel32:KERNEL32.dll
 0004:00000148       __imp__FlushFileBuffers@4  1008e148     kernel32:KERNEL32.dll
 0004:0000014c       __imp__SetStdHandle@8      1008e14c     kernel32:KERNEL32.dll
 0004:00000150       __imp__CreateFileW@28      1008e150     kernel32:KERNEL32.dll
 0004:00000154       __imp__HeapSize@12         1008e154     kernel32:KERNEL32.dll
 0004:00000158       __imp__SetEndOfFile@4      1008e158     kernel32:KERNEL32.dll
 0004:0000015c       __imp__EncodePointer@4     1008e15c     kernel32:KERNEL32.dll
 0004:00000160       __imp__DecodePointer@4     1008e160     kernel32:KERNEL32.dll
 0004:00000164       \177KERNEL32_NULL_THUNK_DATA 1008e164     kernel32:KERNEL32.dll
 0004:000001d4       __IMPORT_DESCRIPTOR_KERNEL32 1008e1d4     kernel32:KERNEL32.dll
 0004:000001e8       __NULL_IMPORT_DESCRIPTOR   1008e1e8     kernel32:KERNEL32.dll
 0006:00000000       ___guard_check_icall_fptr  10090000     LIBCMT:guard_support.obj
