 dc_motor_encoder_hardware_simulated_slrt

 Timestamp is 5ad2493f (Sat Apr 14 14:32:31 2018)

 Preferred load address is 10000000

 Start         Length     Name                   Class
 0001:00000000 00063fd8H .text$mn                CODE
 0002:00000000 00000104H .CRT$XCA                DATA
 0002:00000104 00000104H .CRT$XCZ                DATA
 0002:00000208 00000104H .CRT$XIA                DATA
 0002:0000030c 00000110H .CRT$XIC                DATA
 0002:0000041c 00000104H .CRT$XIZ                DATA
 0002:00000520 00000104H .CRT$XPA                DATA
 0002:00000624 0000010cH .CRT$XPX                DATA
 0002:00000730 00000104H .CRT$XPXA               DATA
 0002:00000834 00000104H .CRT$XPZ                DATA
 0002:00000938 00000104H .CRT$XTA                DATA
 0002:00000a3c 00000104H .CRT$XTZ                DATA
 0002:00000b40 0000e5b4H .rdata                  DATA
 0002:0000f0f4 0000038cH .rdata$r                DATA
 0002:0000f480 00000110H .rdata$sxdata           DATA
 0002:0000f590 000001dcH .rdata$zzzdbg           DATA
 0002:0000f76c 00000104H .rtc$IAA                DATA
 0002:0000f870 00000104H .rtc$IZZ                DATA
 0002:0000f974 00000104H .rtc$TAA                DATA
 0002:0000fa78 00000108H .rtc$TZZ                DATA
 0002:0000fb80 00000ac0H .xdata$x                DATA
 0002:00010640 00000202H .edata                  DATA
 0003:00000000 00001564H .data                   DATA
 0003:00001564 000001dcH .data$r                 DATA
 0003:00001740 000149d0H .bss                    DATA
 0004:00000000 000001d4H .idata$5                DATA
 0004:000001d4 00000014H .idata$2                DATA
 0004:000001e8 00000014H .idata$3                DATA
 0004:000001fc 000001d4H .idata$4                DATA
 0004:000003d0 00000843H .idata$6                DATA
 0005:00000000 00000224H .gfids$x                DATA
 0005:00000224 000001a5H .gfids$y                DATA
 0006:00000000 00000104H .00cfg                  DATA

  Address         Publics by Value              Rva+Base       Lib:Object

 0000:00000000       ___guard_fids_count        00000000     <absolute>
 0000:00000000       ___guard_longjmp_count     00000000     <absolute>
 0000:00000000       ___dynamic_value_reloc_table 00000000     <absolute>
 0000:00000000       ___guard_fids_table        00000000     <absolute>
 0000:00000000       ___guard_iat_count         00000000     <absolute>
 0000:00000000       __except_list              00000000     <absolute>
 0000:00000000       ___guard_iat_table         00000000     <absolute>
 0000:00000000       ___guard_longjmp_table     00000000     <absolute>
 0000:00000003       ___safe_se_handler_count   00000003     <absolute>
 0000:00000100       ___guard_flags             00000100     <absolute>
 0000:00000000       ___ImageBase               10000000     <linker-defined>
 0001:00005f20       _MdlInitialize             10006f20 f   dc_motor_encoder_hardware_simulated.obj
 0001:00005f30       _MdlInitializeSampleTimes  10006f30 f   dc_motor_encoder_hardware_simulated.obj
 0001:00005f40       _MdlInitializeSizes        10006f40 f   dc_motor_encoder_hardware_simulated.obj
 0001:00005f50       _MdlOutputs                10006f50 f   dc_motor_encoder_hardware_simulated.obj
 0001:00005f60       _MdlStart                  10006f60 f   dc_motor_encoder_hardware_simulated.obj
 0001:00005f70       _MdlTerminate              10006f70 f   dc_motor_encoder_hardware_simulated.obj
 0001:00005fc0       _MdlUpdate                 10006fc0 f   dc_motor_encoder_hardware_simulated.obj
 0001:00005fd0       ___local_stdio_printf_options 10006fd0 f i dc_motor_encoder_hardware_simulated.obj
 0001:00005fe0       __vfprintf_l               10006fe0 f i dc_motor_encoder_hardware_simulated.obj
 0001:00006010       _dc_motor_encoder_hardware_simulated 10007010 f   dc_motor_encoder_hardware_simulated.obj
 0001:00006ec0       _dc_motor_encoder_hardware_simulated_derivatives 10007ec0 f   dc_motor_encoder_hardware_simulated.obj
 0001:00006f10       _dc_motor_encoder_hardware_simulated_initialize 10007f10 f   dc_motor_encoder_hardware_simulated.obj
 0001:00007b90       _dc_motor_encoder_hardware_simulated_output 10008b90 f   dc_motor_encoder_hardware_simulated.obj
 0001:00008180       _dc_motor_encoder_hardware_simulated_terminate 10009180 f   dc_motor_encoder_hardware_simulated.obj
 0001:000081d0       _dc_motor_encoder_hardware_simulated_update 100091d0 f   dc_motor_encoder_hardware_simulated.obj
 0001:00008320       _printf                    10009320 f i dc_motor_encoder_hardware_simulated.obj
 0001:00008360       _rt_ODECreateIntegrationData 10009360 f   dc_motor_encoder_hardware_simulated.obj
 0001:00008370       _rt_ODEDestroyIntegrationData 10009370 f   dc_motor_encoder_hardware_simulated.obj
 0001:00008380       _rt_ODEUpdateContinuousStates 10009380 f   dc_motor_encoder_hardware_simulated.obj
 0001:000087a0       _rt_mxCreateCharMatrixFromStrings 100097a0 f   rt_matrx.obj
 0001:00008900       _rt_mxCreateDoubleMatrix   10009900 f   rt_matrx.obj
 0001:00008960       _rt_mxCreateNumericArray   10009960 f   rt_matrx.obj
 0001:000089e0       _rt_mxCreateString         100099e0 f   rt_matrx.obj
 0001:00008a70       _rt_mxDuplicateArray       10009a70 f   rt_matrx.obj
 0001:00008ad0       _rt_mxGetDimensions        10009ad0 f   rt_matrx.obj
 0001:00008b10       _rt_mxGetEps               10009b10 f   rt_matrx.obj
 0001:00008b20       _rt_mxGetString            10009b20 f   rt_matrx.obj
 0001:00008ba0       _rtPrintfNoOp              10009ba0 f   rt_printf.obj
 0001:00008bb0       _dc_motor_encoder_hardware_simulated_GetCAPIStaticMap 10009bb0 f   dc_motor_encoder_hardware_simulated_capi.obj
 0001:00008bc0       _dc_motor_encoder_hardware_simulated_InitializeDataMapInfo 10009bc0 f   dc_motor_encoder_hardware_simulated_capi.obj
 0001:00008c50       _rtGetInf                  10009c50 f   rtGetInf.obj
 0001:00008c80       _rtGetInfF                 10009c80 f   rtGetInf.obj
 0001:00008ca0       _rtGetMinusInf             10009ca0 f   rtGetInf.obj
 0001:00008cd0       _rtGetMinusInfF            10009cd0 f   rtGetInf.obj
 0001:00008cf0       _rtGetNaN                  10009cf0 f   rtGetNaN.obj
 0001:00008d20       _rtGetNaNF                 10009d20 f   rtGetNaN.obj
 0001:00008d40       _rtIsInf                   10009d40 f   rt_nonfinite.obj
 0001:00008d80       _rtIsInfF                  10009d80 f   rt_nonfinite.obj
 0001:00008dc0       _rtIsNaN                   10009dc0 f   rt_nonfinite.obj
 0001:00008de0       _rtIsNaNF                  10009de0 f   rt_nonfinite.obj
 0001:00008e00       _rt_InitInfAndNaN          10009e00 f   rt_nonfinite.obj
 0001:00008e60       _rt_CleanUpForStateLogWithMMI 10009e60 f   rt_logging_mmi.obj
 0001:00008f70       _rt_FillStateSigInfoFromMMI 10009f70 f   rt_logging_mmi.obj
 0001:00009310       _rtwCAPI_CountSysRan       1000a310 f   rtw_modelmap_utils.obj
 0001:000093b0       _rtwCAPI_EncodePath        1000a3b0 f   rtw_modelmap_utils.obj
 0001:000094b0       _rtwCAPI_FillSysRan        1000a4b0 f   rtw_modelmap_utils.obj
 0001:000095a0       _rtwCAPI_FreeFullPaths     1000a5a0 f   rtw_modelmap_utils.obj
 0001:00009630       _rtwCAPI_GetFullStateBlockPath 1000a630 f   rtw_modelmap_utils.obj
 0001:000097e0       _rtwCAPI_GetNumContStateRecords 1000a7e0 f   rtw_modelmap_utils.obj
 0001:000098a0       _rtwCAPI_GetNumSigLogRecords 1000a8a0 f   rtw_modelmap_utils.obj
 0001:000098f0       _rtwCAPI_GetNumSigLogRecordsForRTWLogging 1000a8f0 f   rtw_modelmap_utils.obj
 0001:00009990       _rtwCAPI_GetNumStateRecords 1000a990 f   rtw_modelmap_utils.obj
 0001:000099e0       _rtwCAPI_GetNumStateRecordsForRTWLogging 1000a9e0 f   rtw_modelmap_utils.obj
 0001:00009a80       _rtwCAPI_GetSigAddrFromMap 1000aa80 f   rtw_modelmap_utils.obj
 0001:00009b40       _rtwCAPI_GetSigLogRecordInfo 1000ab40 f   rtw_modelmap_utils.obj
 0001:00009f70       _rtwCAPI_GetStateRecordInfo 1000af70 f   rtw_modelmap_utils.obj
 0001:0000a420       _rtwCAPI_GetStateWidth     1000b420 f   rtw_modelmap_utils.obj
 0001:0000a480       _rtwCAPI_HasStates         1000b480 f   rtw_modelmap_utils.obj
 0001:0000a4f0       _rtwCAPI_UpdateFullPaths   1000b4f0 f   rtw_modelmap_utils.obj
 0001:0000a6d0       __vsnprintf_l              1000b6d0 f i rt_logging.obj
 0001:0000a710       __vsprintf_l               1000b710 f i rt_logging.obj
 0001:0000a750       _fprintf                   1000b750 f i rt_logging.obj
 0001:0000b060       _rt_CreateLogVar           1000c060 f   rt_logging.obj
 0001:0000b0f0       _rt_CreateLogVarWithConvert 1000c0f0 f   rt_logging.obj
 0001:0000ba70       _rt_CreateStructLogVar     1000ca70 f   rt_logging.obj
 0001:0000c7d0       _rt_GetMxIdFromDTypeId     1000d7d0 f   rt_logging.obj
 0001:0000c800       _rt_GetMxIdFromDTypeIdForRSim 1000d800 f   rt_logging.obj
 0001:0000f0d0       _rt_StartDataLogging       100100d0 f   rt_logging.obj
 0001:0000f590       _rt_StartDataLoggingWithStartTime 10010590 f   rt_logging.obj
 0001:0000fef0       _rt_StopDataLogging        10010ef0 f   rt_logging.obj
 0001:0000ff10       _rt_StopDataLoggingImpl    10010f10 f   rt_logging.obj
 0001:00010240       _rt_UpdateLogVar           10011240 f   rt_logging.obj
 0001:00011360       _rt_UpdateStructLogVar     10012360 f   rt_logging.obj
 0001:000113f0       _rt_UpdateTXXFYLogVars     100123f0 f   rt_logging.obj
 0001:00011720       _rt_UpdateTXYLogVars       10012720 f   rt_logging.obj
 0001:00011970       _sprintf                   10012970 f i rt_logging.obj
 0001:000119b0       _DllMain@12                100129b0 f   xpctarget.obj
 0001:000119c0       _SLRTSetErrorStatus        100129c0 f   xpctarget.obj
 0001:000119e0       _changeStepSize            100129e0 f   xpctarget.obj
 0001:00011a50       _dc_motor_encoder_hardware_simulated_ChangeStepSize 10012a50 f   xpctarget.obj
 0001:00011ac0       _getDLMVersion             10012ac0 f   xpctarget.obj
 0001:00011ad0       _getRefMdlPath             10012ad0 f   xpctarget.obj
 0001:00011b50       _getRefMdlSignalNumber     10012b50 f   xpctarget.obj
 0001:00011c00       _getrlmdlinfo              10012c00 f   xpctarget.obj
 0001:00011de0       _updateDiscreteEvents      10012de0 f   xpctarget.obj
 0001:00011df0       _getNumRef                 10012df0 f   appmappingData.obj
 0001:00011e00       _vprintf                   10012e00 f i legacy_stdio.obj
 0001:00011e40       _adquanserq8               10012e40 f   adquanserq8.obj
 0001:00012560       _daquanserq8               10013560 f   daquanserq8.obj
 0001:00012ed0       _encquanserq8              10013ed0 f   encquanserq8.obj
 0001:00013a10       _GetPCIDeviceFull          10014a10 f   xpcruntime:xpcimports.obj
 0001:00013a50       _ShowPCIDevice             10014a50 f   xpcruntime:xpcimports.obj
 0001:00014210       _xpcGetPciConfigAtSlot     10015210 f   xpcruntime:xpcimports.obj
 0001:00014520       _xpcInitProcs              10015520 f   xpcruntime:xpcimports.obj
 0001:00015880       _xpceuploadevent           10016880 f   xpcruntime:xpcimports.obj
 0001:00015890       __ftoui3                   10016890 f   LIBCMT:_ftol3_.obj
 0001:0001589f       __ftoul3                   1001689f f   LIBCMT:_ftol3_.obj
 0001:000158ae       __ftol3                    100168ae f   LIBCMT:_ftol3_.obj
 0001:000158bb       __ftol3_NaN                100168bb f   LIBCMT:_ftol3_.obj
 0001:000158d3       __ftol3_work               100168d3 f   LIBCMT:_ftol3_.obj
 0001:00015959       __ftol3_common             10016959 f   LIBCMT:_ftol3_.obj
 0001:00015a1b       __ftol3_arg_error          10016a1b f   LIBCMT:_ftol3_.obj
 0001:00015a2d       __ftol3_except             10016a2d f   LIBCMT:_ftol3_.obj
 0001:00015a71       __dtoui3                   10016a71 f   LIBCMT:_ftol3_.obj
 0001:00015a80       __dtoul3                   10016a80 f   LIBCMT:_ftol3_.obj
 0001:00015a8f       __dtol3                    10016a8f f   LIBCMT:_ftol3_.obj
 0001:00015a9c       __dtol3_NaN                10016a9c f   LIBCMT:_ftol3_.obj
 0001:00015ab9       __dtol3_work               10016ab9 f   LIBCMT:_ftol3_.obj
 0001:00015ba0       __ultod3                   10016ba0 f   LIBCMT:_ftol3_.obj
 0001:00015be0       __ltod3                    10016be0 f   LIBCMT:_ftol3_.obj
 0001:00015ce4       ___raise_securityfailure   10016ce4 f   LIBCMT:gs_report.obj
 0001:00015d16       ___report_gsfailure        10016d16 f   LIBCMT:gs_report.obj
 0001:00015e4f       ___report_rangecheckfailure 10016e4f f   LIBCMT:gs_report.obj
 0001:00015e5e       ___report_securityfailure  10016e5e f   LIBCMT:gs_report.obj
 0001:00015f62       ___report_securityfailureEx 10016f62 f   LIBCMT:gs_report.obj
 0001:000160bd       @__security_check_cookie@4 100170bd f   LIBCMT:_secchk_.obj
 0001:000160d2       ___isa_available_init      100170d2 f   LIBCMT:_cpu_disp_.obj
 0001:0001669a       __CRT_INIT@12              1001769a f   LIBCMT:dll_dllmain.obj
 0001:000166a5       __DllMainCRTStartup@12     100176a5 f   LIBCMT:dll_dllmain.obj
 0001:000166d0       ??$__crt_fast_decode_pointer@PAP6AXXZ@@YAPAP6AXXZQAP6AXXZ@Z 100176d0 f i LIBCMT:utility.obj
 0001:000166e9       ??$__crt_fast_encode_pointer@PAP6AXXZ@@YAPAP6AXXZQAP6AXXZ@Z 100176e9 f i LIBCMT:utility.obj
 0001:0001670d       ?__crt_rotate_pointer_value@@YAIIH@Z 1001770d f i LIBCMT:utility.obj
 0001:0001671d       ?configure_argv@__scrt_narrow_argv_policy@@SAHXZ 1001771d f i LIBCMT:utility.obj
 0001:000167c1       _NtCurrentTeb              100177c1 f i LIBCMT:utility.obj
 0001:000167c8       ___scrt_acquire_startup_lock 100177c8 f   LIBCMT:utility.obj
 0001:0001680a       ___scrt_dllmain_after_initialize_c 1001780a f   LIBCMT:utility.obj
 0001:0001683f       ___scrt_dllmain_before_initialize_c 1001783f f   LIBCMT:utility.obj
 0001:00016850       ___scrt_dllmain_crt_thread_attach 10017850 f   LIBCMT:utility.obj
 0001:00016876       ___scrt_dllmain_crt_thread_detach 10017876 f   LIBCMT:utility.obj
 0001:00016886       ___scrt_dllmain_exception_filter 10017886 f   LIBCMT:utility.obj
 0001:000168c5       ___scrt_dllmain_uninitialize_c 100178c5 f   LIBCMT:utility.obj
 0001:000168f0       ___scrt_dllmain_uninitialize_critical 100178f0 f   LIBCMT:utility.obj
 0001:00016900       ___scrt_initialize_crt     10017900 f   LIBCMT:utility.obj
 0001:00016947       ___scrt_initialize_onexit_tables 10017947 f   LIBCMT:utility.obj
 0001:00016a03       ___scrt_is_nonwritable_in_current_image 10017a03 f   LIBCMT:utility.obj
 0001:00016aaf       ___scrt_release_startup_lock 10017aaf f   LIBCMT:utility.obj
 0001:00016ad3       ___scrt_uninitialize_crt   10017ad3 f   LIBCMT:utility.obj
 0001:00016b05       __onexit                   10017b05 f   LIBCMT:utility.obj
 0001:00016b4e       _at_quick_exit             10017b4e f   LIBCMT:utility.obj
 0001:00016b8b       _atexit                    10017b8b f   LIBCMT:utility.obj
 0001:00016ba5       ___security_init_cookie    10017ba5 f   LIBCMT:gs_support.obj
 0001:00016c68       ?__scrt_initialize_type_info@@YAXXZ 10017c68 f   LIBCMT:tncleanup.obj
 0001:00016c77       ?__scrt_uninitialize_type_info@@YAXXZ 10017c77 f   LIBCMT:tncleanup.obj
 0001:00016c86       ___local_stdio_scanf_options 10017c86 f i LIBCMT:default_local_stdio_options.obj
 0001:00016c8c       ___scrt_initialize_default_local_stdio_options 10017c8c f   LIBCMT:default_local_stdio_options.obj
 0001:00016cb0       ___scrt_get_dyn_tls_init_callback 10017cb0 f   LIBCMT:dyn_tls_init.obj
 0001:00016cb6       ___scrt_fastfail           10017cb6 f   LIBCMT:utility_desktop.obj
 0001:00016e17       ___scrt_get_show_window_mode 10017e17 f   LIBCMT:utility_desktop.obj
 0001:00016e56       ___scrt_initialize_winrt   10017e56 f   LIBCMT:utility_desktop.obj
 0001:00016e59       ___scrt_is_managed_app     10017e59 f   LIBCMT:utility_desktop.obj
 0001:00016eae       ___scrt_set_unhandled_exception_filter 10017eae f   LIBCMT:utility_desktop.obj
 0001:00016ebd       ___scrt_unhandled_exception_filter@4 10017ebd f   LIBCMT:utility_desktop.obj
 0001:00016f0e       __crt_debugger_hook        10017f0e f   LIBCMT:utility_desktop.obj
 0001:00016f18       __RTC_Initialize           10017f18 f   LIBCMT:_initsect_.obj
 0001:00016f4d       __RTC_Terminate            10017f4d f   LIBCMT:_initsect_.obj
 0001:00016f82       @_guard_check_icall@4      10017f82 f i LIBCMT:checkcfg.obj
 0001:00016f90       __SEH_prolog4              10017f90 f   LIBCMT:_sehprolg4_.obj
 0001:00016fd6       __SEH_epilog4              10017fd6 f   LIBCMT:_sehprolg4_.obj
 0001:00017001       __get_startup_argv_mode    10018001 f   LIBCMT:argv_mode.obj
 0001:00017005       ___scrt_is_ucrt_dll_in_use 10018005 f   LIBCMT:ucrt_detection.obj
 0001:00017014       @_guard_check_icall_nop@4  10018014 f i LIBCMT:guard_support.obj
 0001:00017015       __guard_icall_checks_enforced 10018015 f i LIBCMT:guard_support.obj
 0001:0001702c       _GetModuleHandleA@4        1001802c f   kernel32:KERNEL32.dll
 0001:00017032       _GetProcAddress@8          10018032 f   kernel32:KERNEL32.dll
 0001:00017038       _UnhandledExceptionFilter@4 10018038 f   kernel32:KERNEL32.dll
 0001:0001703e       _SetUnhandledExceptionFilter@4 1001803e f   kernel32:KERNEL32.dll
 0001:00017044       _GetCurrentProcess@0       10018044 f   kernel32:KERNEL32.dll
 0001:0001704a       _TerminateProcess@8        1001804a f   kernel32:KERNEL32.dll
 0001:00017050       _IsProcessorFeaturePresent@4 10018050 f   kernel32:KERNEL32.dll
 0001:00017056       _QueryPerformanceCounter@4 10018056 f   kernel32:KERNEL32.dll
 0001:0001705c       _GetCurrentProcessId@0     1001805c f   kernel32:KERNEL32.dll
 0001:00017062       _GetCurrentThreadId@0      10018062 f   kernel32:KERNEL32.dll
 0001:00017068       _GetSystemTimeAsFileTime@4 10018068 f   kernel32:KERNEL32.dll
 0001:0001706e       _InitializeSListHead@4     1001806e f   kernel32:KERNEL32.dll
 0001:00017074       _IsDebuggerPresent@0       10018074 f   kernel32:KERNEL32.dll
 0001:0001707a       _GetStartupInfoW@4         1001807a f   kernel32:KERNEL32.dll
 0001:00017080       _GetModuleHandleW@4        10018080 f   kernel32:KERNEL32.dll
 0001:00017090       _memcpy                    10018090 f   libvcruntime:memcpy.obj
 0001:00017770       _memset                    10018770 f   libvcruntime:memset.obj
 0001:00017920       _memmove                   10018920 f   libvcruntime:memmove.obj
 0001:00018000       _strchr                    10019000 f   libvcruntime:strchr.obj
 0001:0001806e       ___from_strstr_to_strchr   1001906e     libvcruntime:strchr.obj
 0001:000181c0       __except_handler4          100191c0 f   libvcruntime:_chandler4_.obj
 0001:0001837f       ___vcrt_initialize         1001937f f   libvcruntime:initialization.obj
 0001:000183b2       ___vcrt_thread_attach      100193b2 f   libvcruntime:initialization.obj
 0001:000183bf       ___vcrt_thread_detach      100193bf f   libvcruntime:initialization.obj
 0001:000183cc       ___vcrt_uninitialize       100193cc f   libvcruntime:initialization.obj
 0001:000183f2       ___vcrt_uninitialize_critical 100193f2 f   libvcruntime:initialization.obj
 0001:0001840d       ??$?RD@__crt_internal_free_policy@@QBEXQBD@Z 1001940d f i libvcruntime:std_type_info.obj
 0001:00018421       ??$?RX@__crt_internal_free_policy@@QBEXQBX@Z 10019421 f i libvcruntime:std_type_info.obj
 0001:00018435       ??$__crt_interlocked_compare_exchange_pointer@$$CBD$$T$$T@@YAPBDPDSBD$$T1@Z 10019435 f i libvcruntime:std_type_info.obj
 0001:0001844b       ??$__crt_interlocked_compare_exchange_pointer@$$CBDPAD$$T@@YAPBDPDSBDQAD$$T@Z 1001944b f i libvcruntime:std_type_info.obj
 0001:00018461       ??$__crt_interlocked_read_pointer@$$CBD@@YAPBDPDSBD@Z 10019461 f i libvcruntime:std_type_info.obj
 0001:00018475       ??0?$__crt_unique_heap_ptr@DU__crt_internal_free_policy@@@@QAE@QAD@Z 10019475 f i libvcruntime:std_type_info.obj
 0001:00018486       ??0?$__crt_unique_heap_ptr@XU__crt_internal_free_policy@@@@QAE@QAX@Z 10019486 f i libvcruntime:std_type_info.obj
 0001:00018497       ??1?$__crt_unique_heap_ptr@DU__crt_internal_free_policy@@@@QAE@XZ 10019497 f i libvcruntime:std_type_info.obj
 0001:000184ab       ??1?$__crt_unique_heap_ptr@XU__crt_internal_free_policy@@@@QAE@XZ 100194ab f i libvcruntime:std_type_info.obj
 0001:000184cb       ??B?$__crt_unique_heap_ptr@DU__crt_internal_free_policy@@@@QBE_NXZ 100194cb f i libvcruntime:std_type_info.obj
 0001:000184d2       ??B?$__crt_unique_heap_ptr@XU__crt_internal_free_policy@@@@QBE_NXZ 100194d2 f i libvcruntime:std_type_info.obj
 0001:00018501       ?detach@?$__crt_unique_heap_ptr@XU__crt_internal_free_policy@@@@QAEPAXXZ 10019501 f i libvcruntime:std_type_info.obj
 0001:00018507       ?get@?$__crt_unique_heap_ptr@DU__crt_internal_free_policy@@@@QBEPADXZ 10019507 f i libvcruntime:std_type_info.obj
 0001:0001850a       ?get@?$__crt_unique_heap_ptr@XU__crt_internal_free_policy@@@@QBEPAXXZ 1001950a f i libvcruntime:std_type_info.obj
 0001:0001850d       ?is_valid@?$__crt_unique_heap_ptr@DU__crt_internal_free_policy@@@@QBE_NXZ 1001950d f i libvcruntime:std_type_info.obj
 0001:00018514       ?is_valid@?$__crt_unique_heap_ptr@XU__crt_internal_free_policy@@@@QBE_NXZ 10019514 f i libvcruntime:std_type_info.obj
 0001:0001851b       ?release@?$__crt_unique_heap_ptr@DU__crt_internal_free_policy@@@@QAEXXZ 1001951b f i libvcruntime:std_type_info.obj
 0001:0001852f       ?release@?$__crt_unique_heap_ptr@XU__crt_internal_free_policy@@@@QAEXXZ 1001952f f i libvcruntime:std_type_info.obj
 0001:00018543       ___std_type_info_compare   10019543 f   libvcruntime:std_type_info.obj
 0001:0001858e       ___std_type_info_destroy_list 1001958e f   libvcruntime:std_type_info.obj
 0001:000185b9       ___std_type_info_hash      100195b9 f   libvcruntime:std_type_info.obj
 0001:000185e8       ___std_type_info_name      100195e8 f   libvcruntime:std_type_info.obj
 0001:000186f0       __local_unwind4            100196f0 f   libvcruntime:_exsup4_.obj
 0001:000187c6       __seh_longjmp_unwind4@4    100197c6 f   libvcruntime:_exsup4_.obj
 0001:000187ee       @_EH4_CallFilterFunc@8     100197ee f   libvcruntime:_exsup4_.obj
 0001:00018805       @_EH4_TransferToHandler@8  10019805 f   libvcruntime:_exsup4_.obj
 0001:0001881e       @_EH4_GlobalUnwind2@8      1001981e f   libvcruntime:_exsup4_.obj
 0001:00018837       @_EH4_LocalUnwind@16       10019837 f   libvcruntime:_exsup4_.obj
 0001:000188a5       ___except_validate_context_record 100198a5 f   libvcruntime:jbcxrval.obj
 0001:000188a6       ___except_validate_jump_buffer 100198a6 f   libvcruntime:jbcxrval.obj
 0001:000188a7       ??$?RU__vcrt_ptd@@@__crt_internal_free_policy@@QBEXQBU__vcrt_ptd@@@Z 100198a7 f i libvcruntime:per_thread_data.obj
 0001:000188bb       ??0?$__crt_unique_heap_ptr@U__vcrt_ptd@@U__crt_internal_free_policy@@@@QAE@QAU__vcrt_ptd@@@Z 100198bb f i libvcruntime:per_thread_data.obj
 0001:000188de       ??1?$__crt_unique_heap_ptr@U__vcrt_ptd@@U__crt_internal_free_policy@@@@QAE@XZ 100198de f i libvcruntime:per_thread_data.obj
 0001:000188fd       ??B?$__crt_unique_heap_ptr@U__vcrt_ptd@@U__crt_internal_free_policy@@@@QBE_NXZ 100198fd f i libvcruntime:per_thread_data.obj
 0001:00018904       ?detach@?$__crt_unique_heap_ptr@U__vcrt_ptd@@U__crt_internal_free_policy@@@@QAEPAU__vcrt_ptd@@XZ 10019904 f i libvcruntime:per_thread_data.obj
 0001:0001890a       ?get@?$__crt_unique_heap_ptr@U__vcrt_ptd@@U__crt_internal_free_policy@@@@QBEPAU__vcrt_ptd@@XZ 1001990a f i libvcruntime:per_thread_data.obj
 0001:0001890d       ?is_valid@?$__crt_unique_heap_ptr@U__vcrt_ptd@@U__crt_internal_free_policy@@@@QBE_NXZ 1001990d f i libvcruntime:per_thread_data.obj
 0001:00018914       ?release@?$__crt_unique_heap_ptr@U__vcrt_ptd@@U__crt_internal_free_policy@@@@QAEXXZ 10019914 f i libvcruntime:per_thread_data.obj
 0001:00018948       ___vcrt_freefls@4          10019948 f   libvcruntime:per_thread_data.obj
 0001:0001896b       ___vcrt_freeptd            1001996b f   libvcruntime:per_thread_data.obj
 0001:000189ae       ___vcrt_getptd             100199ae f   libvcruntime:per_thread_data.obj
 0001:000189bf       ___vcrt_getptd_noexit      100199bf f   libvcruntime:per_thread_data.obj
 0001:00018a75       ___vcrt_initialize_ptd     10019a75 f   libvcruntime:per_thread_data.obj
 0001:00018ab4       ___vcrt_uninitialize_ptd   10019ab4 f   libvcruntime:per_thread_data.obj
 0001:00018ad5       ___vcrt_initialize_locks   10019ad5 f   libvcruntime:locks.obj
 0001:00018b20       ___vcrt_lock               10019b20 f   libvcruntime:locks.obj
 0001:00018b3a       ___vcrt_uninitialize_locks 10019b3a f   libvcruntime:locks.obj
 0001:00018b74       ___vcrt_unlock             10019b74 f   libvcruntime:locks.obj
 0001:00018b8e       ??$?BX@__crt_fast_encoded_nullptr_t@@QBEPAXXZ 10019b8e f i libvcruntime:winapi_downlevel.obj
 0001:00018bac       ??$__crt_fast_decode_pointer@PAX@@YAPAXQAX@Z 10019bac f i libvcruntime:winapi_downlevel.obj
 0001:00018bc5       ??$__crt_fast_encode_pointer@PAX@@YAPAXQAX@Z 10019bc5 f i libvcruntime:winapi_downlevel.obj
 0001:00018be9       ??$__crt_interlocked_compare_exchange_pointer@UHINSTANCE__@@$$T$$T@@YAPAUHINSTANCE__@@PDSAU0@$$T1@Z 10019be9 f i libvcruntime:winapi_downlevel.obj
 0001:00018bff       ??$__crt_interlocked_compare_exchange_pointer@X$$T$$T@@YAPAXPDSAX$$T1@Z 10019bff f i libvcruntime:winapi_downlevel.obj
 0001:00018c15       ??$__crt_interlocked_exchange_pointer@UHINSTANCE__@@PAU1@@@YAPAUHINSTANCE__@@PDSAU0@QAU0@@Z 10019c15 f i libvcruntime:winapi_downlevel.obj
 0001:00018c25       ??$__crt_interlocked_exchange_pointer@UHINSTANCE__@@PAX@@YAPAUHINSTANCE__@@PDSAU0@QAX@Z 10019c25 f i libvcruntime:winapi_downlevel.obj
 0001:00018c35       ??$__crt_interlocked_exchange_pointer@XPAX@@YAPAXPDSAXQAX@Z 10019c35 f i libvcruntime:winapi_downlevel.obj
 0001:00018c45       ??$__crt_interlocked_read_pointer@UHINSTANCE__@@@@YAPAUHINSTANCE__@@PDSAU0@@Z 10019c45 f i libvcruntime:winapi_downlevel.obj
 0001:00018c59       ??$__crt_interlocked_read_pointer@X@@YAPAXPDSAX@Z 10019c59 f i libvcruntime:winapi_downlevel.obj
 0001:00018c6d       ?__crt_fast_encode_pointer@@YA?AU__crt_fast_encoded_nullptr_t@@$$T@Z 10019c6d f i libvcruntime:winapi_downlevel.obj
 0001:00018fb1       ___vcrt_EventRegister      10019fb1 f   libvcruntime:winapi_downlevel.obj
 0001:00019001       ___vcrt_EventSetInformation 1001a001 f   libvcruntime:winapi_downlevel.obj
 0001:00019054       ___vcrt_EventUnregister    1001a054 f   libvcruntime:winapi_downlevel.obj
 0001:0001909c       ___vcrt_EventWriteTransfer 1001a09c f   libvcruntime:winapi_downlevel.obj
 0001:000190f7       ___vcrt_FlsAlloc           1001a0f7 f   libvcruntime:winapi_downlevel.obj
 0001:0001913f       ___vcrt_FlsFree            1001a13f f   libvcruntime:winapi_downlevel.obj
 0001:00019187       ___vcrt_FlsGetValue        1001a187 f   libvcruntime:winapi_downlevel.obj
 0001:000191cf       ___vcrt_FlsSetValue        1001a1cf f   libvcruntime:winapi_downlevel.obj
 0001:0001921b       ___vcrt_InitializeCriticalSectionEx 1001a21b f   libvcruntime:winapi_downlevel.obj
 0001:00019272       ___vcrt_initialize_winapi_thunks 1001a272 f   libvcruntime:winapi_downlevel.obj
 0001:000192ba       ___vcrt_uninitialize_winapi_thunks 1001a2ba f   libvcruntime:winapi_downlevel.obj
 0001:000192f8       ??$?B$$A6AXXZ@__crt_fast_encoded_nullptr_t@@QBEP6AXXZXZ 1001a2f8 f i libvcruntime:purevirt_data.obj
 0001:00019316       ??$__crt_fast_encode_pointer@P6AXXZ@@YAP6AXXZQ6AXXZ@Z 1001a316 f i libvcruntime:purevirt_data.obj
 0001:0001933a       ___vcrt_initialize_pure_virtual_call_handler 1001a33a f   libvcruntime:purevirt_data.obj
 0001:0001935e       ??$__vcrt_va_start_verify_argument_type@QBD@@YAXXZ 1001a35e f i libvcruntime:undname.obj
 0001:0001935f       ??0Block@_HeapManager@@QAE@XZ 1001a35f f i libvcruntime:undname.obj
 0001:00019365       ??0DName@@QAE@AAPBDD@Z     1001a365 f   libvcruntime:undname.obj
 0001:0001944c       ??0DName@@QAE@ABV0@@Z      1001a44c f i libvcruntime:undname.obj
 0001:00019467       ??0DName@@QAE@D@Z          1001a467 f   libvcruntime:undname.obj
 0001:0001949e       ??0DName@@QAE@PAV0@@Z      1001a49e f   libvcruntime:undname.obj
 0001:000194fe       ??0DName@@QAE@PBD@Z        1001a4fe f   libvcruntime:undname.obj
 0001:00019546       ??0DName@@QAE@W4DNameStatus@@@Z 1001a546 f   libvcruntime:undname.obj
 0001:00019599       ??0DName@@QAE@XZ           1001a599 f i libvcruntime:undname.obj
 0001:000195ae       ??0DName@@QAE@_J@Z         1001a5ae f   libvcruntime:undname.obj
 0001:00019668       ??0DName@@QAE@_K@Z         1001a668 f   libvcruntime:undname.obj
 0001:000196f2       ??0DNameNode@@IAE@XZ       1001a6f2 f   libvcruntime:undname.obj
 0001:000196fd       ??0DNameStatusNode@@AAE@W4DNameStatus@@@Z 1001a6fd f   libvcruntime:undname.obj
 0001:00019728       ??0Replicator@@QAE@XZ      1001a728 f i libvcruntime:undname.obj
 0001:0001972e       ??0UnDecorator@@QAE@PADPBDHP6APADJ@ZK@Z 1001a72e f i libvcruntime:undname.obj
 0001:000197b1       ??0charNode@@QAE@D@Z       1001a7b1 f   libvcruntime:undname.obj
 0001:000197cb       ??0pDNameNode@@QAE@PAVDName@@@Z 1001a7cb f   libvcruntime:undname.obj
 0001:000197fd       ??0pairNode@@QAE@PAVDNameNode@@0@Z 1001a7fd f   libvcruntime:undname.obj
 0001:00019823       ??0pcharNode@@QAE@PBDH@Z   1001a823 f   libvcruntime:undname.obj
 0001:00019892       ??2@YAPAXIAAV_HeapManager@@H@Z 1001a892 f i libvcruntime:undname.obj
 0001:000198ac       ??4DName@@QAEAAV0@ABV0@@Z  1001a8ac f   libvcruntime:undname.obj
 0001:000198c7       ??4DName@@QAEAAV0@D@Z      1001a8c7 f i libvcruntime:undname.obj
 0001:000198fe       ??4DName@@QAEAAV0@PAV0@@Z  1001a8fe f   libvcruntime:undname.obj
 0001:00019959       ??4DName@@QAEAAV0@PBD@Z    1001a959 f   libvcruntime:undname.obj
 0001:00019997       ??4DName@@QAEAAV0@W4DNameStatus@@@Z 1001a997 f   libvcruntime:undname.obj
 0001:000199d9       ??AReplicator@@QBE?AVDName@@H@Z 1001a9d9 f   libvcruntime:undname.obj
 0001:00019a24       ??BUnDecorator@@QAEPADXZ   1001aa24 f i libvcruntime:undname.obj
 0001:00019bfb       ??H@YA?AVDName@@DABV0@@Z   1001abfb f i libvcruntime:undname.obj
 0001:00019c28       ??H@YA?AVDName@@PBDABV0@@Z 1001ac28 f i libvcruntime:undname.obj
 0001:00019c55       ??H@YA?AVDName@@W4DNameStatus@@ABV0@@Z 1001ac55 f i libvcruntime:undname.obj
 0001:00019c82       ??HDName@@QBE?AV0@ABV0@@Z  1001ac82 f   libvcruntime:undname.obj
 0001:00019cac       ??HDName@@QBE?AV0@D@Z      1001acac f   libvcruntime:undname.obj
 0001:00019cd6       ??HDName@@QBE?AV0@PAV0@@Z  1001acd6 f   libvcruntime:undname.obj
 0001:00019d00       ??HDName@@QBE?AV0@PBD@Z    1001ad00 f   libvcruntime:undname.obj
 0001:00019d2a       ??HDName@@QBE?AV0@W4DNameStatus@@@Z 1001ad2a f   libvcruntime:undname.obj
 0001:00019d54       ??YDName@@QAEAAV0@ABV0@@Z  1001ad54 f   libvcruntime:undname.obj
 0001:00019da7       ??YDName@@QAEAAV0@D@Z      1001ada7 f   libvcruntime:undname.obj
 0001:00019e0b       ??YDName@@QAEAAV0@PAV0@@Z  1001ae0b f   libvcruntime:undname.obj
 0001:00019e89       ??YDName@@QAEAAV0@PBD@Z    1001ae89 f   libvcruntime:undname.obj
 0001:00019f02       ??YDName@@QAEAAV0@W4DNameStatus@@@Z 1001af02 f   libvcruntime:undname.obj
 0001:00019f52       ??YReplicator@@QAEAAV0@ABVDName@@@Z 1001af52 f   libvcruntime:undname.obj
 0001:00019fae       ??_5DName@@QAEAAV0@ABV0@@Z 1001afae f   libvcruntime:undname.obj
 0001:00019fd1       ?Constructor@_HeapManager@@QAEXP6APAXI@ZP6AXPAX@Z@Z 1001afd1 f i libvcruntime:undname.obj
 0001:00019ff5       ?Destructor@_HeapManager@@QAEXXZ 1001aff5 f i libvcruntime:undname.obj
 0001:0001a03c       ?UScore@UnDecorator@@SAPBDW4Tokens@@@Z 1001b03c f   libvcruntime:undname.obj
 0001:0001a060       ?append@DName@@AAEXPAVDNameNode@@@Z 1001b060 f   libvcruntime:undname.obj
 0001:0001a0b7       ?composeDeclaration@UnDecorator@@CA?AVDName@@ABV2@@Z 1001b0b7 f i libvcruntime:undname.obj
 0001:0001b0f2       ?doAccessSpecifiers@UnDecorator@@SAHXZ 1001c0f2 f i libvcruntime:undname.obj
 0001:0001b103       ?doAllocationLanguage@UnDecorator@@SAHXZ 1001c103 f i libvcruntime:undname.obj
 0001:0001b114       ?doAllocationModel@UnDecorator@@SAHXZ 1001c114 f i libvcruntime:undname.obj
 0001:0001b125       ?doEcsu@UnDecorator@@SAHXZ 1001c125 f i libvcruntime:undname.obj
 0001:0001b136       ?doEllipsis@UnDecorator@@SAHXZ 1001c136 f i libvcruntime:undname.obj
 0001:0001b147       ?doFunctionReturns@UnDecorator@@SAHXZ 1001c147 f i libvcruntime:undname.obj
 0001:0001b158       ?doMSKeywords@UnDecorator@@SAHXZ 1001c158 f i libvcruntime:undname.obj
 0001:0001b168       ?doMemberTypes@UnDecorator@@SAHXZ 1001c168 f i libvcruntime:undname.obj
 0001:0001b179       ?doNameOnly@UnDecorator@@SAHXZ 1001c179 f i libvcruntime:undname.obj
 0001:0001b186       ?doNoIdentCharCheck@UnDecorator@@SAHXZ 1001c186 f i libvcruntime:undname.obj
 0001:0001b193       ?doPchar@DName@@AAEXPBDH@Z 1001c193 f   libvcruntime:undname.obj
 0001:0001b23f       ?doPtr64@UnDecorator@@SAHXZ 1001c23f f i libvcruntime:undname.obj
 0001:0001b250       ?doRestrictionSpec@UnDecorator@@SAHXZ 1001c250 f i libvcruntime:undname.obj
 0001:0001b261       ?doThisTypes@UnDecorator@@SAHXZ 1001c261 f i libvcruntime:undname.obj
 0001:0001b277       ?doThrowTypes@UnDecorator@@SAHXZ 1001c277 f i libvcruntime:undname.obj
 0001:0001b288       ?doTypeOnly@UnDecorator@@SAHXZ 1001c288 f i libvcruntime:undname.obj
 0001:0001b295       ?doUnderScore@UnDecorator@@SAHXZ 1001c295 f i libvcruntime:undname.obj
 0001:0001b2a2       ?getArgumentList@UnDecorator@@CA?AVDName@@XZ 1001c2a2 f   libvcruntime:undname.obj
 0001:0001b3f1       ?getArgumentTypes@UnDecorator@@CA?AVDName@@XZ 1001c3f1 f   libvcruntime:undname.obj
 0001:0001b509       ?getArrayType@UnDecorator@@CA?AVDName@@ABV2@@Z 1001c509 f i libvcruntime:undname.obj
 0001:0001b78b       ?getBasedType@UnDecorator@@CA?AVDName@@XZ 1001c78b f   libvcruntime:undname.obj
 0001:0001b84a       ?getBasicDataType@UnDecorator@@CA?AVDName@@ABV2@@Z 1001c84a f   libvcruntime:undname.obj
 0001:0001bd34       ?getCallIndex@UnDecorator@@CA?AVDName@@XZ 1001cd34 f i libvcruntime:undname.obj
 0001:0001bd4d       ?getCallingConvention@UnDecorator@@CA?AVDName@@XZ 1001cd4d f   libvcruntime:undname.obj
 0001:0001be3b       ?getDataIndirectType@UnDecorator@@CA?AVDName@@ABV2@PBD0H@Z 1001ce3b f   libvcruntime:undname.obj
 0001:0001c5e6       ?getDataIndirectType@UnDecorator@@CA?AVDName@@XZ 1001d5e6 f i libvcruntime:undname.obj
 0001:0001c62d       ?getDataType@UnDecorator@@CA?AVDName@@PAV2@@Z 1001d62d f   libvcruntime:undname.obj
 0001:0001c733       ?getDecoratedName@UnDecorator@@CA?AVDName@@XZ 1001d733 f   libvcruntime:undname.obj
 0001:0001ca12       ?getDimension@UnDecorator@@CA?AVDName@@_N@Z 1001da12 f   libvcruntime:undname.obj
 0001:0001cb96       ?getDispatchTarget@UnDecorator@@CA?AVDName@@XZ 1001db96 f   libvcruntime:undname.obj
 0001:0001cc07       ?getDisplacement@UnDecorator@@CA?AVDName@@XZ 1001dc07 f i libvcruntime:undname.obj
 0001:0001cc20       ?getECSUDataType@UnDecorator@@CA?AVDName@@XZ 1001dc20 f   libvcruntime:undname.obj
 0001:0001cd84       ?getECSUName@UnDecorator@@CA?AVDName@@XZ 1001dd84 f i libvcruntime:undname.obj
 0001:0001cd99       ?getEnumType@UnDecorator@@CA?AVDName@@XZ 1001dd99 f i libvcruntime:undname.obj
 0001:0001cec0       ?getExtendedDataIndirectType@UnDecorator@@CA?AVDName@@AAPBDAA_NH@Z 1001dec0 f   libvcruntime:undname.obj
 0001:0001d0d3       ?getExternalDataType@UnDecorator@@CA?AVDName@@ABV2@@Z 1001e0d3 f i libvcruntime:undname.obj
 0001:0001d16a       ?getFunctionIndirectType@UnDecorator@@CA?AVDName@@ABV2@@Z 1001e16a f   libvcruntime:undname.obj
 0001:0001d675       ?getGuardNumber@UnDecorator@@CA?AVDName@@XZ 1001e675 f i libvcruntime:undname.obj
 0001:0001d68e       ?getLastChar@DName@@QBEDXZ 1001e68e f i libvcruntime:undname.obj
 0001:0001d6b4       ?getLastChar@DNameStatusNode@@UBEDXZ 1001e6b4 f i libvcruntime:undname.obj
 0001:0001d6c3       ?getLastChar@charNode@@UBEDXZ 1001e6c3 f i libvcruntime:undname.obj
 0001:0001d6c7       ?getLastChar@pDNameNode@@UBEDXZ 1001e6c7 f i libvcruntime:undname.obj
 0001:0001d6d8       ?getLastChar@pairNode@@UBEDXZ 1001e6d8 f i libvcruntime:undname.obj
 0001:0001d717       ?getLastChar@pcharNode@@UBEDXZ 1001e717 f i libvcruntime:undname.obj
 0001:0001d72d       ?getLexicalFrame@UnDecorator@@CA?AVDName@@XZ 1001e72d f i libvcruntime:undname.obj
 0001:0001d779       ?getMemory@_HeapManager@@QAEPAXIH@Z 1001e779 f   libvcruntime:undname.obj
 0001:0001d82a       ?getNumberOfDimensions@UnDecorator@@CAHXZ 1001e82a f   libvcruntime:undname.obj
 0001:0001d8a3       ?getOperatorName@UnDecorator@@CA?AVDName@@_NPA_N@Z 1001e8a3 f i libvcruntime:undname.obj
 0001:0001e053       ?getPointerType@UnDecorator@@CA?AVDName@@ABV2@0@Z 1001f053 f i libvcruntime:undname.obj
 0001:0001e078       ?getPointerTypeArray@UnDecorator@@CA?AVDName@@ABV2@0@Z 1001f078 f i libvcruntime:undname.obj
 0001:0001e09d       ?getPrimaryDataType@UnDecorator@@CA?AVDName@@ABV2@@Z 1001f09d f   libvcruntime:undname.obj
 0001:0001e30e       ?getPtrRefDataType@UnDecorator@@CA?AVDName@@ABV2@H@Z 1001f30e f   libvcruntime:undname.obj
 0001:0001e450       ?getPtrRefType@UnDecorator@@CA?AVDName@@ABV2@0PBD@Z 1001f450 f   libvcruntime:undname.obj
 0001:0001e58b       ?getReferenceType@UnDecorator@@CA?AVDName@@ABV2@0PBD@Z 1001f58b f i libvcruntime:undname.obj
 0001:0001e5ae       ?getRestrictionSpec@UnDecorator@@CA?AVDName@@XZ 1001f5ae f   libvcruntime:undname.obj
 0001:0001e6dc       ?getReturnType@UnDecorator@@CA?AVDName@@PAV2@@Z 1001f6dc f   libvcruntime:undname.obj
 0001:0001e716       ?getScope@UnDecorator@@CA?AVDName@@XZ 1001f716 f   libvcruntime:undname.obj
 0001:0001ebeb       ?getScopedName@UnDecorator@@CA?AVDName@@XZ 1001fbeb f   libvcruntime:undname.obj
 0001:0001ed24       ?getSignedDimension@UnDecorator@@CA?AVDName@@XZ 1001fd24 f   libvcruntime:undname.obj
 0001:0001ed8b       ?getStorageConvention@UnDecorator@@CA?AVDName@@XZ 1001fd8b f i libvcruntime:undname.obj
 0001:0001eda0       ?getString@DName@@QBEPADPAD0@Z 1001fda0 f i libvcruntime:undname.obj
 0001:0001edd7       ?getString@DName@@QBEPADPADH@Z 1001fdd7 f i libvcruntime:undname.obj
 0001:0001ee42       ?getString@DNameStatusNode@@UBEPADPAD0@Z 1001fe42 f i libvcruntime:undname.obj
 0001:0001ee72       ?getString@charNode@@UBEPADPAD0@Z 1001fe72 f i libvcruntime:undname.obj
 0001:0001ee8c       ?getString@pDNameNode@@UBEPADPAD0@Z 1001fe8c f i libvcruntime:undname.obj
 0001:0001eea8       ?getString@pairNode@@UBEPADPAD0@Z 1001fea8 f i libvcruntime:undname.obj
 0001:0001eefd       ?getString@pcharNode@@UBEPADPAD0@Z 1001fefd f i libvcruntime:undname.obj
 0001:0001ef1e       ?getStringEncoding@UnDecorator@@CA?AVDName@@PADH@Z 1001ff1e f   libvcruntime:undname.obj
 0001:0001efe9       ?getStringHelper@@YAPADPAD00H@Z 1001ffe9 f i libvcruntime:undname.obj
 0001:0001f02d       ?getSymbolName@UnDecorator@@CA?AVDName@@XZ 1002002d f i libvcruntime:undname.obj
 0001:0001f087       ?getTemplateArgumentList@UnDecorator@@CA?AVDName@@XZ 10020087 f   libvcruntime:undname.obj
 0001:0001f3d4       ?getTemplateConstant@UnDecorator@@CA?AVDName@@XZ 100203d4 f   libvcruntime:undname.obj
 0001:0001f7e9       ?getTemplateName@UnDecorator@@CA?AVDName@@_N@Z 100207e9 f   libvcruntime:undname.obj
 0001:0001f994       ?getThisType@UnDecorator@@CA?AVDName@@XZ 10020994 f i libvcruntime:undname.obj
 0001:0001f9dc       ?getThrowTypes@UnDecorator@@CA?AVDName@@XZ 100209dc f   libvcruntime:undname.obj
 0001:0001fa88       ?getTypeEncoding@UnDecorator@@CAHXZ 10020a88 f i libvcruntime:undname.obj
 0001:0001fe84       ?getVCallThunkType@UnDecorator@@CA?AVDName@@XZ 10020e84 f i libvcruntime:undname.obj
 0001:0001fecd       ?getVbTableType@UnDecorator@@CA?AVDName@@ABV2@@Z 10020ecd f i libvcruntime:undname.obj
 0001:0001fee7       ?getVdispMapType@UnDecorator@@CA?AVDName@@ABV2@@Z 10020ee7 f i libvcruntime:undname.obj
 0001:0001ff52       ?getVfTableType@UnDecorator@@CA?AVDName@@ABV2@@Z 10020f52 f i libvcruntime:undname.obj
 0001:00020110       ?getZName@UnDecorator@@CA?AVDName@@_N0@Z 10021110 f   libvcruntime:undname.obj
 0001:000203e0       ?haveTemplateParameters@UnDecorator@@SAHXZ 100213e0 f i libvcruntime:undname.obj
 0001:000203ed       ?isArray@DName@@QBEHXZ     100213ed f i libvcruntime:undname.obj
 0001:000203f9       ?isComArray@DName@@QBEHXZ  100213f9 f i libvcruntime:undname.obj
 0001:00020405       ?isEmpty@DName@@QBEHXZ     10021405 f i libvcruntime:undname.obj
 0001:0002040f       ?isFull@Replicator@@QBEHXZ 1002140f f i libvcruntime:undname.obj
 0001:0002041a       ?isNoTE@DName@@QBEHXZ      1002141a f i libvcruntime:undname.obj
 0001:00020426       ?isPinPtr@DName@@QBEHXZ    10021426 f i libvcruntime:undname.obj
 0001:00020432       ?isPtrRef@DName@@QBEHXZ    10021432 f i libvcruntime:undname.obj
 0001:0002043e       ?isUDC@DName@@QBEHXZ       1002143e f i libvcruntime:undname.obj
 0001:00020453       ?isUDTThunk@DName@@QBEHXZ  10021453 f i libvcruntime:undname.obj
 0001:00020468       ?isVCallThunk@DName@@QBEHXZ 10021468 f i libvcruntime:undname.obj
 0001:00020474       ?isValid@DName@@QBEHXZ     10021474 f i libvcruntime:undname.obj
 0001:00020480       ?length@DName@@QBEHXZ      10021480 f i libvcruntime:undname.obj
 0001:000204a5       ?length@DNameStatusNode@@UBEHXZ 100214a5 f i libvcruntime:undname.obj
 0001:000204a9       ?length@charNode@@UBEHXZ   100214a9 f i libvcruntime:undname.obj
 0001:000204ad       ?length@pDNameNode@@UBEHXZ 100214ad f i libvcruntime:undname.obj
 0001:000204be       ?length@pairNode@@UBEHXZ   100214be f i libvcruntime:undname.obj
 0001:0002051a       ?length@pcharNode@@UBEHXZ  1002151a f i libvcruntime:undname.obj
 0001:0002051e       ?make@DNameStatusNode@@SAPAV1@W4DNameStatus@@@Z 1002151e f i libvcruntime:undname.obj
 0001:000205c5       ?setIsArray@DName@@QAEXXZ  100215c5 f i libvcruntime:undname.obj
 0001:000205cf       ?setIsComArray@DName@@QAEXXZ 100215cf f i libvcruntime:undname.obj
 0001:000205d9       ?setIsNoTE@DName@@QAEXXZ   100215d9 f i libvcruntime:undname.obj
 0001:000205e3       ?setIsPinPtr@DName@@QAEXXZ 100215e3 f i libvcruntime:undname.obj
 0001:000205ed       ?setIsUDC@DName@@QAEXXZ    100215ed f i libvcruntime:undname.obj
 0001:000205fd       ?setIsVCallThunk@DName@@QAEXXZ 100215fd f i libvcruntime:undname.obj
 0001:00020607       ?setPtrRef@DName@@QAEAAV1@XZ 10021607 f i libvcruntime:undname.obj
 0001:00020613       ?status@DName@@QBE?AW4DNameStatus@@XZ 10021613 f i libvcruntime:undname.obj
 0001:00020698       ___unDName                 10021698 f   libvcruntime:undname.obj
 0001:00020752       ___unDNameEx               10021752 f   libvcruntime:undname.obj
 0001:0002080c       __vsprintf_s_l             1002180c f i libvcruntime:undname.obj
 0001:00020844       _sprintf_s                 10021844 f i libvcruntime:undname.obj
 0001:00020870       __global_unwind2           10021870 f   libvcruntime:_exsup_.obj
 0001:000208d5       __local_unwind2            100218d5 f   libvcruntime:_exsup_.obj
 0001:00020959       __abnormal_termination     10021959 f   libvcruntime:_exsup_.obj
 0001:0002097c       __NLG_Notify1              1002197c f   libvcruntime:_exsup_.obj
 0001:00020985       __NLG_Notify               10021985 f   libvcruntime:_exsup_.obj
 0001:0002099c       __NLG_Dispatch             1002199c     libvcruntime:_exsup_.obj
 0001:0002099c       __NLG_Dispatch2            1002199c     libvcruntime:_exsup_.obj
 0001:000209a4       __NLG_Call                 100219a4 f   libvcruntime:_exsup_.obj
 0001:000209a6       __NLG_Return2              100219a6     libvcruntime:_exsup_.obj
 0001:000209f4       ??$__crt_fast_decode_pointer@P6AXXZ@@YAP6AXXZQ6AXXZ@Z 100219f4 f i libvcruntime:purevirt.obj
 0001:00020a0d       ??$__crt_interlocked_compare_exchange_pointer@$$A6AXXZ$$T$$T@@YAP6AXXZPDS6AXXZ$$T1@Z 10021a0d f i libvcruntime:purevirt.obj
 0001:00020a23       ??$__crt_interlocked_exchange_pointer@$$A6AXXZP6AXXZ@@YAP6AXXZPDS6AXXZQ6AXXZ@Z 10021a23 f i libvcruntime:purevirt.obj
 0001:00020a33       ??$__crt_interlocked_read_pointer@$$A6AXXZ@@YAP6AXXZPDS6AXXZ@Z 10021a33 f i libvcruntime:purevirt.obj
 0001:00020a47       __get_purecall_handler     10021a47 f   libvcruntime:purevirt.obj
 0001:00020a6d       __purecall                 10021a6d f   libvcruntime:purevirt.obj
 0001:00020a8e       __set_purecall_handler     10021a8e f   libvcruntime:purevirt.obj
 0001:00020abc       _malloc                    10021abc f   libucrt:malloc.obj
 0001:00020ac9       ??$?RPAU__crt_stdio_stream_data@@@__crt_internal_free_policy@@QBEXQBQAU__crt_stdio_stream_data@@@Z 10021ac9 f i libucrt:_file.obj
 0001:00020adf       ??0?$__crt_unique_heap_ptr@PAU__crt_stdio_stream_data@@U__crt_internal_free_policy@@@@QAE@QAPAU__crt_stdio_stream_data@@@Z 10021adf f i libucrt:_file.obj
 0001:00020af3       ??0__crt_stdio_stream@@QAE@QAU_iobuf@@@Z 10021af3 f i libucrt:_file.obj
 0001:00020b07       ??1?$__crt_unique_heap_ptr@PAU__crt_stdio_stream_data@@U__crt_internal_free_policy@@@@QAE@XZ 10021b07 f i libucrt:_file.obj
 0001:00020b1d       ??C__crt_stdio_stream@@QBEPAU__crt_stdio_stream_data@@XZ 10021b1d f i libucrt:_file.obj
 0001:00020b20       ?detach@?$__crt_unique_heap_ptr@PAU__crt_stdio_stream_data@@U__crt_internal_free_policy@@@@QAEPAPAU__crt_stdio_stream_data@@XZ 10021b20 f i libucrt:_file.obj
 0001:00020b26       ?release@?$__crt_unique_heap_ptr@PAU__crt_stdio_stream_data@@U__crt_internal_free_policy@@@@QAEXXZ 10021b26 f i libucrt:_file.obj
 0001:00020b3c       ___acrt_initialize_stdio   10021b3c f   libucrt:_file.obj
 0001:00020c36       ___acrt_iob_func           10021c36 f   libucrt:_file.obj
 0001:00020c4a       ___acrt_uninitialize_stdio 10021c4a f   libucrt:_file.obj
 0001:00020ca9       __get_stream_buffer_pointers 10021ca9 f   libucrt:_file.obj
 0001:00020d00       __lock_file                10021d00 f   libucrt:_file.obj
 0001:00020d19       __unlock_file              10021d19 f   libucrt:_file.obj
 0001:00020d32       ??$?0ABV?$stream_output_adapter@D@__crt_stdio_output@@AB_KABQBDABQAU__crt_locale_pointers@@ABQAD@?$format_validation_base@DV?$stream_output_adapter@D@__crt_stdio_output@@@__crt_stdio_output@@IAE@ABV?$stream_output_adapter@D@1@AB_KABQBDABQAU__crt_locale_pointers@@ABQAD@Z 10021d32 f i libucrt:output.obj
 0001:00020d5d       ??$?0ABV?$stream_output_adapter@D@__crt_stdio_output@@AB_KABQBDABQAU__crt_locale_pointers@@ABQAD@?$positional_parameter_base@DV?$stream_output_adapter@D@__crt_stdio_output@@@__crt_stdio_output@@IAE@ABV?$stream_output_adapter@D@1@AB_KABQBDABQAU__crt_locale_pointers@@ABQAD@Z 10021d5d f i libucrt:output.obj
 0001:00020db7       ??$?0ABV?$stream_output_adapter@D@__crt_stdio_output@@AB_KABQBDABQAU__crt_locale_pointers@@ABQAD@?$standard_base@DV?$stream_output_adapter@D@__crt_stdio_output@@@__crt_stdio_output@@IAE@ABV?$stream_output_adapter@D@1@AB_KABQBDABQAU__crt_locale_pointers@@ABQAD@Z 10021db7 f i libucrt:output.obj
 0001:00020df9       ??$?0ABV?$stream_output_adapter@_W@__crt_stdio_output@@AB_KABQB_WABQAU__crt_locale_pointers@@ABQAD@?$format_validation_base@_WV?$stream_output_adapter@_W@__crt_stdio_output@@@__crt_stdio_output@@IAE@ABV?$stream_output_adapter@_W@1@AB_KABQB_WABQAU__crt_locale_pointers@@ABQAD@Z 10021df9 f i libucrt:output.obj
 0001:00020e24       ??$?0ABV?$stream_output_adapter@_W@__crt_stdio_output@@AB_KABQB_WABQAU__crt_locale_pointers@@ABQAD@?$positional_parameter_base@_WV?$stream_output_adapter@_W@__crt_stdio_output@@@__crt_stdio_output@@IAE@ABV?$stream_output_adapter@_W@1@AB_KABQB_WABQAU__crt_locale_pointers@@ABQAD@Z 10021e24 f i libucrt:output.obj
 0001:00020e7e       ??$?0ABV?$stream_output_adapter@_W@__crt_stdio_output@@AB_KABQB_WABQAU__crt_locale_pointers@@ABQAD@?$standard_base@_WV?$stream_output_adapter@_W@__crt_stdio_output@@@__crt_stdio_output@@IAE@ABV?$stream_output_adapter@_W@1@AB_KABQB_WABQAU__crt_locale_pointers@@ABQAD@Z 10021e7e f i libucrt:output.obj
 0001:00020ec0       ??$?0ABV?$string_output_adapter@D@__crt_stdio_output@@AB_KABQBDABQAU__crt_locale_pointers@@ABQAD@?$format_validation_base@DV?$string_output_adapter@D@__crt_stdio_output@@@__crt_stdio_output@@IAE@ABV?$string_output_adapter@D@1@AB_KABQBDABQAU__crt_locale_pointers@@ABQAD@Z 10021ec0 f i libucrt:output.obj
 0001:00020eeb       ??$?0ABV?$string_output_adapter@D@__crt_stdio_output@@AB_KABQBDABQAU__crt_locale_pointers@@ABQAD@?$positional_parameter_base@DV?$string_output_adapter@D@__crt_stdio_output@@@__crt_stdio_output@@IAE@ABV?$string_output_adapter@D@1@AB_KABQBDABQAU__crt_locale_pointers@@ABQAD@Z 10021eeb f i libucrt:output.obj
 0001:00020f45       ??$?0ABV?$string_output_adapter@D@__crt_stdio_output@@AB_KABQBDABQAU__crt_locale_pointers@@ABQAD@?$standard_base@DV?$string_output_adapter@D@__crt_stdio_output@@@__crt_stdio_output@@IAE@ABV?$string_output_adapter@D@1@AB_KABQBDABQAU__crt_locale_pointers@@ABQAD@Z 10021f45 f i libucrt:output.obj
 0001:00020f87       ??$?0ABV?$string_output_adapter@_W@__crt_stdio_output@@AB_KABQB_WABQAU__crt_locale_pointers@@ABQAD@?$format_validation_base@_WV?$string_output_adapter@_W@__crt_stdio_output@@@__crt_stdio_output@@IAE@ABV?$string_output_adapter@_W@1@AB_KABQB_WABQAU__crt_locale_pointers@@ABQAD@Z 10021f87 f i libucrt:output.obj
 0001:00020fb2       ??$?0ABV?$string_output_adapter@_W@__crt_stdio_output@@AB_KABQB_WABQAU__crt_locale_pointers@@ABQAD@?$positional_parameter_base@_WV?$string_output_adapter@_W@__crt_stdio_output@@@__crt_stdio_output@@IAE@ABV?$string_output_adapter@_W@1@AB_KABQB_WABQAU__crt_locale_pointers@@ABQAD@Z 10021fb2 f i libucrt:output.obj
 0001:0002100c       ??$?0ABV?$string_output_adapter@_W@__crt_stdio_output@@AB_KABQB_WABQAU__crt_locale_pointers@@ABQAD@?$standard_base@_WV?$string_output_adapter@_W@__crt_stdio_output@@@__crt_stdio_output@@IAE@ABV?$string_output_adapter@_W@1@AB_KABQB_WABQAU__crt_locale_pointers@@ABQAD@Z 1002200c f i libucrt:output.obj
 0001:0002104e       ??$?RV<lambda_2293f24e3ce1ad6fe22ccfb9dec07671>@@AAV<lambda_2565fc715a641e539f44ad02d6823606>@@V<lambda_d3217f279b832965d9ca670dc2993570>@@@?$__crt_seh_guarded_call@H@@QAEH$$QAV<lambda_2293f24e3ce1ad6fe22ccfb9dec07671>@@AAV<lambda_2565fc715a641e539f44ad02d6823606>@@$$QAV<lambda_d3217f279b832965d9ca670dc2993570>@@@Z 1002204e f i libucrt:output.obj
 0001:000210b3       ??$?RV<lambda_4d4ac866be0fa3c441830420fabdd2cb>@@AAV<lambda_63a10c2dc8dbb9e4dd1890be52af7c93>@@V<lambda_002af9fa0f8fe472b648c51882d4fc32>@@@?$__crt_seh_guarded_call@H@@QAEH$$QAV<lambda_4d4ac866be0fa3c441830420fabdd2cb>@@AAV<lambda_63a10c2dc8dbb9e4dd1890be52af7c93>@@$$QAV<lambda_002af9fa0f8fe472b648c51882d4fc32>@@@Z 100220b3 f i libucrt:output.obj
 0001:00021118       ??$?RV<lambda_5be909dfbae0a631386585770cd7b676>@@AAV<lambda_e516058a9c289d98c8ca9fea99247804>@@V<lambda_afe2e0cdc5e0ecf6f0d6f5e2f8985e38>@@@?$__crt_seh_guarded_call@H@@QAEH$$QAV<lambda_5be909dfbae0a631386585770cd7b676>@@AAV<lambda_e516058a9c289d98c8ca9fea99247804>@@$$QAV<lambda_afe2e0cdc5e0ecf6f0d6f5e2f8985e38>@@@Z 10022118 f i libucrt:output.obj
 0001:0002117d       ??$?RV<lambda_823d65812123d985753d53e2a8c25d20>@@AAV<lambda_0a97c9e57da7be065955385c79108ff2>@@V<lambda_4d2973f3ad2d226f00468307185dca1b>@@@?$__crt_seh_guarded_call@H@@QAEH$$QAV<lambda_823d65812123d985753d53e2a8c25d20>@@AAV<lambda_0a97c9e57da7be065955385c79108ff2>@@$$QAV<lambda_4d2973f3ad2d226f00468307185dca1b>@@@Z 1002217d f i libucrt:output.obj
 0001:000211e2       ??$?RV<lambda_ab9923ffb5d694ec0d78876dd103e44f>@@AAV<lambda_481dd5778c961fbcd3b60b650e9b9dc4>@@V<lambda_7923d86c9e3f319b415918ec4b39749c>@@@?$__crt_seh_guarded_call@H@@QAEH$$QAV<lambda_ab9923ffb5d694ec0d78876dd103e44f>@@AAV<lambda_481dd5778c961fbcd3b60b650e9b9dc4>@@$$QAV<lambda_7923d86c9e3f319b415918ec4b39749c>@@@Z 100221e2 f i libucrt:output.obj
 0001:00021247       ??$?RV<lambda_db08b09ef7aa9d4f8620ce68402612bc>@@AAV<lambda_4f2c1eaeead2a5fc776db5b62ea0fb9b>@@V<lambda_3ae262bc35d4ba6a3825c4f6bcaaf95c>@@@?$__crt_seh_guarded_call@H@@QAEH$$QAV<lambda_db08b09ef7aa9d4f8620ce68402612bc>@@AAV<lambda_4f2c1eaeead2a5fc776db5b62ea0fb9b>@@$$QAV<lambda_3ae262bc35d4ba6a3825c4f6bcaaf95c>@@@Z 10022247 f i libucrt:output.obj
 0001:000212ac       ??$__acrt_lock_stream_and_call@V<lambda_0a97c9e57da7be065955385c79108ff2>@@@@YAHQAU_iobuf@@$$QAV<lambda_0a97c9e57da7be065955385c79108ff2>@@@Z 100222ac f i libucrt:output.obj
 0001:000212de       ??$__acrt_lock_stream_and_call@V<lambda_2565fc715a641e539f44ad02d6823606>@@@@YAHQAU_iobuf@@$$QAV<lambda_2565fc715a641e539f44ad02d6823606>@@@Z 100222de f i libucrt:output.obj
 0001:00021310       ??$__acrt_lock_stream_and_call@V<lambda_481dd5778c961fbcd3b60b650e9b9dc4>@@@@YAHQAU_iobuf@@$$QAV<lambda_481dd5778c961fbcd3b60b650e9b9dc4>@@@Z 10022310 f i libucrt:output.obj
 0001:00021342       ??$__acrt_lock_stream_and_call@V<lambda_4f2c1eaeead2a5fc776db5b62ea0fb9b>@@@@YAHQAU_iobuf@@$$QAV<lambda_4f2c1eaeead2a5fc776db5b62ea0fb9b>@@@Z 10022342 f i libucrt:output.obj
 0001:00021374       ??$__acrt_lock_stream_and_call@V<lambda_63a10c2dc8dbb9e4dd1890be52af7c93>@@@@YAHQAU_iobuf@@$$QAV<lambda_63a10c2dc8dbb9e4dd1890be52af7c93>@@@Z 10022374 f i libucrt:output.obj
 0001:000213a6       ??$__acrt_lock_stream_and_call@V<lambda_e516058a9c289d98c8ca9fea99247804>@@@@YAHQAU_iobuf@@$$QAV<lambda_e516058a9c289d98c8ca9fea99247804>@@@Z 100223a6 f i libucrt:output.obj
 0001:000213d8       ??$__crt_interlocked_read@J@@YAJPDJ@Z 100223d8 f i libucrt:output.obj
 0001:00022623       ??$count@D@formatting_buffer@__crt_stdio_output@@QBEIXZ 10023623 f i libucrt:output.obj
 0001:00022641       ??$data@D@formatting_buffer@__crt_stdio_output@@QAEPADXZ 10023641 f i libucrt:output.obj
 0001:00022651       ??$data@_W@formatting_buffer@__crt_stdio_output@@QAEPA_WXZ 10023651 f i libucrt:output.obj
 0001:00022661       ??$ensure_buffer_is_big_enough@D@formatting_buffer@__crt_stdio_output@@QAE_NI@Z 10023661 f i libucrt:output.obj
 0001:00022708       ??$extract_argument_from_va_list@C_J@?$positional_parameter_base@DV?$stream_output_adapter@D@__crt_stdio_output@@@__crt_stdio_output@@IAE_NAA_J@Z 10023708 f i libucrt:output.obj
 0001:000227a6       ??$extract_argument_from_va_list@C_J@?$positional_parameter_base@DV?$string_output_adapter@D@__crt_stdio_output@@@__crt_stdio_output@@IAE_NAA_J@Z 100237a6 f i libucrt:output.obj
 0001:00022844       ??$extract_argument_from_va_list@C_J@?$positional_parameter_base@_WV?$stream_output_adapter@_W@__crt_stdio_output@@@__crt_stdio_output@@IAE_NAA_J@Z 10023844 f i libucrt:output.obj
 0001:000228e2       ??$extract_argument_from_va_list@C_J@?$positional_parameter_base@_WV?$string_output_adapter@_W@__crt_stdio_output@@@__crt_stdio_output@@IAE_NAA_J@Z 100238e2 f i libucrt:output.obj
 0001:00022980       ??$extract_argument_from_va_list@C_J@?$standard_base@DV?$stream_output_adapter@D@__crt_stdio_output@@@__crt_stdio_output@@IAE_NAA_J@Z 10023980 f i libucrt:output.obj
 0001:000229a6       ??$extract_argument_from_va_list@C_J@?$standard_base@DV?$string_output_adapter@D@__crt_stdio_output@@@__crt_stdio_output@@IAE_NAA_J@Z 100239a6 f i libucrt:output.obj
 0001:000229cc       ??$extract_argument_from_va_list@C_J@?$standard_base@_WV?$stream_output_adapter@_W@__crt_stdio_output@@@__crt_stdio_output@@IAE_NAA_J@Z 100239cc f i libucrt:output.obj
 0001:000229f2       ??$extract_argument_from_va_list@C_J@?$standard_base@_WV?$string_output_adapter@_W@__crt_stdio_output@@@__crt_stdio_output@@IAE_NAA_J@Z 100239f2 f i libucrt:output.obj
 0001:00022a18       ??$extract_argument_from_va_list@E_J@?$positional_parameter_base@DV?$stream_output_adapter@D@__crt_stdio_output@@@__crt_stdio_output@@IAE_NAA_J@Z 10023a18 f i libucrt:output.obj
 0001:00022ab6       ??$extract_argument_from_va_list@E_J@?$positional_parameter_base@DV?$string_output_adapter@D@__crt_stdio_output@@@__crt_stdio_output@@IAE_NAA_J@Z 10023ab6 f i libucrt:output.obj
 0001:00022b54       ??$extract_argument_from_va_list@E_J@?$positional_parameter_base@_WV?$stream_output_adapter@_W@__crt_stdio_output@@@__crt_stdio_output@@IAE_NAA_J@Z 10023b54 f i libucrt:output.obj
 0001:00022bf2       ??$extract_argument_from_va_list@E_J@?$positional_parameter_base@_WV?$string_output_adapter@_W@__crt_stdio_output@@@__crt_stdio_output@@IAE_NAA_J@Z 10023bf2 f i libucrt:output.obj
 0001:00022c90       ??$extract_argument_from_va_list@E_J@?$standard_base@DV?$stream_output_adapter@D@__crt_stdio_output@@@__crt_stdio_output@@IAE_NAA_J@Z 10023c90 f i libucrt:output.obj
 0001:00022cb6       ??$extract_argument_from_va_list@E_J@?$standard_base@DV?$string_output_adapter@D@__crt_stdio_output@@@__crt_stdio_output@@IAE_NAA_J@Z 10023cb6 f i libucrt:output.obj
 0001:00022cdc       ??$extract_argument_from_va_list@E_J@?$standard_base@_WV?$stream_output_adapter@_W@__crt_stdio_output@@@__crt_stdio_output@@IAE_NAA_J@Z 10023cdc f i libucrt:output.obj
 0001:00022d02       ??$extract_argument_from_va_list@E_J@?$standard_base@_WV?$string_output_adapter@_W@__crt_stdio_output@@@__crt_stdio_output@@IAE_NAA_J@Z 10023d02 f i libucrt:output.obj
 0001:00022d28       ??$extract_argument_from_va_list@F_J@?$positional_parameter_base@DV?$stream_output_adapter@D@__crt_stdio_output@@@__crt_stdio_output@@IAE_NAA_J@Z 10023d28 f i libucrt:output.obj
 0001:00022dc6       ??$extract_argument_from_va_list@F_J@?$positional_parameter_base@DV?$string_output_adapter@D@__crt_stdio_output@@@__crt_stdio_output@@IAE_NAA_J@Z 10023dc6 f i libucrt:output.obj
 0001:00022e64       ??$extract_argument_from_va_list@F_J@?$positional_parameter_base@_WV?$stream_output_adapter@_W@__crt_stdio_output@@@__crt_stdio_output@@IAE_NAA_J@Z 10023e64 f i libucrt:output.obj
 0001:00022f02       ??$extract_argument_from_va_list@F_J@?$positional_parameter_base@_WV?$string_output_adapter@_W@__crt_stdio_output@@@__crt_stdio_output@@IAE_NAA_J@Z 10023f02 f i libucrt:output.obj
 0001:00022fa0       ??$extract_argument_from_va_list@F_J@?$standard_base@DV?$stream_output_adapter@D@__crt_stdio_output@@@__crt_stdio_output@@IAE_NAA_J@Z 10023fa0 f i libucrt:output.obj
 0001:00022fc6       ??$extract_argument_from_va_list@F_J@?$standard_base@DV?$string_output_adapter@D@__crt_stdio_output@@@__crt_stdio_output@@IAE_NAA_J@Z 10023fc6 f i libucrt:output.obj
 0001:00022fec       ??$extract_argument_from_va_list@F_J@?$standard_base@_WV?$stream_output_adapter@_W@__crt_stdio_output@@@__crt_stdio_output@@IAE_NAA_J@Z 10023fec f i libucrt:output.obj
 0001:00023012       ??$extract_argument_from_va_list@F_J@?$standard_base@_WV?$string_output_adapter@_W@__crt_stdio_output@@@__crt_stdio_output@@IAE_NAA_J@Z 10024012 f i libucrt:output.obj
 0001:00023038       ??$extract_argument_from_va_list@GD@?$positional_parameter_base@DV?$stream_output_adapter@D@__crt_stdio_output@@@__crt_stdio_output@@IAE_NAAD@Z 10024038 f i libucrt:output.obj
 0001:000230d5       ??$extract_argument_from_va_list@GD@?$positional_parameter_base@DV?$string_output_adapter@D@__crt_stdio_output@@@__crt_stdio_output@@IAE_NAAD@Z 100240d5 f i libucrt:output.obj
 0001:00023172       ??$extract_argument_from_va_list@GD@?$standard_base@DV?$stream_output_adapter@D@__crt_stdio_output@@@__crt_stdio_output@@IAE_NAAD@Z 10024172 f i libucrt:output.obj
 0001:00023192       ??$extract_argument_from_va_list@GD@?$standard_base@DV?$string_output_adapter@D@__crt_stdio_output@@@__crt_stdio_output@@IAE_NAAD@Z 10024192 f i libucrt:output.obj
 0001:000231b2       ??$extract_argument_from_va_list@G_J@?$positional_parameter_base@DV?$stream_output_adapter@D@__crt_stdio_output@@@__crt_stdio_output@@IAE_NAA_J@Z 100241b2 f i libucrt:output.obj
 0001:00023250       ??$extract_argument_from_va_list@G_J@?$positional_parameter_base@DV?$string_output_adapter@D@__crt_stdio_output@@@__crt_stdio_output@@IAE_NAA_J@Z 10024250 f i libucrt:output.obj
 0001:000232ee       ??$extract_argument_from_va_list@G_J@?$positional_parameter_base@_WV?$stream_output_adapter@_W@__crt_stdio_output@@@__crt_stdio_output@@IAE_NAA_J@Z 100242ee f i libucrt:output.obj
 0001:0002338c       ??$extract_argument_from_va_list@G_J@?$positional_parameter_base@_WV?$string_output_adapter@_W@__crt_stdio_output@@@__crt_stdio_output@@IAE_NAA_J@Z 1002438c f i libucrt:output.obj
 0001:0002342a       ??$extract_argument_from_va_list@G_J@?$standard_base@DV?$stream_output_adapter@D@__crt_stdio_output@@@__crt_stdio_output@@IAE_NAA_J@Z 1002442a f i libucrt:output.obj
 0001:00023450       ??$extract_argument_from_va_list@G_J@?$standard_base@DV?$string_output_adapter@D@__crt_stdio_output@@@__crt_stdio_output@@IAE_NAA_J@Z 10024450 f i libucrt:output.obj
 0001:00023476       ??$extract_argument_from_va_list@G_J@?$standard_base@_WV?$stream_output_adapter@_W@__crt_stdio_output@@@__crt_stdio_output@@IAE_NAA_J@Z 10024476 f i libucrt:output.obj
 0001:0002349c       ??$extract_argument_from_va_list@G_J@?$standard_base@_WV?$string_output_adapter@_W@__crt_stdio_output@@@__crt_stdio_output@@IAE_NAA_J@Z 1002449c f i libucrt:output.obj
 0001:000234c2       ??$extract_argument_from_va_list@H_J@?$positional_parameter_base@DV?$stream_output_adapter@D@__crt_stdio_output@@@__crt_stdio_output@@IAE_NAA_J@Z 100244c2 f i libucrt:output.obj
 0001:0002355e       ??$extract_argument_from_va_list@H_J@?$positional_parameter_base@DV?$string_output_adapter@D@__crt_stdio_output@@@__crt_stdio_output@@IAE_NAA_J@Z 1002455e f i libucrt:output.obj
 0001:000235fa       ??$extract_argument_from_va_list@H_J@?$positional_parameter_base@_WV?$stream_output_adapter@_W@__crt_stdio_output@@@__crt_stdio_output@@IAE_NAA_J@Z 100245fa f i libucrt:output.obj
 0001:00023696       ??$extract_argument_from_va_list@H_J@?$positional_parameter_base@_WV?$string_output_adapter@_W@__crt_stdio_output@@@__crt_stdio_output@@IAE_NAA_J@Z 10024696 f i libucrt:output.obj
 0001:00023732       ??$extract_argument_from_va_list@H_J@?$standard_base@DV?$stream_output_adapter@D@__crt_stdio_output@@@__crt_stdio_output@@IAE_NAA_J@Z 10024732 f i libucrt:output.obj
 0001:00023757       ??$extract_argument_from_va_list@H_J@?$standard_base@DV?$string_output_adapter@D@__crt_stdio_output@@@__crt_stdio_output@@IAE_NAA_J@Z 10024757 f i libucrt:output.obj
 0001:0002377c       ??$extract_argument_from_va_list@H_J@?$standard_base@_WV?$stream_output_adapter@_W@__crt_stdio_output@@@__crt_stdio_output@@IAE_NAA_J@Z 1002477c f i libucrt:output.obj
 0001:000237a1       ??$extract_argument_from_va_list@H_J@?$standard_base@_WV?$string_output_adapter@_W@__crt_stdio_output@@@__crt_stdio_output@@IAE_NAA_J@Z 100247a1 f i libucrt:output.obj
 0001:000237c6       ??$extract_argument_from_va_list@I_J@?$positional_parameter_base@DV?$stream_output_adapter@D@__crt_stdio_output@@@__crt_stdio_output@@IAE_NAA_J@Z 100247c6 f i libucrt:output.obj
 0001:0002386d       ??$extract_argument_from_va_list@I_J@?$positional_parameter_base@DV?$string_output_adapter@D@__crt_stdio_output@@@__crt_stdio_output@@IAE_NAA_J@Z 1002486d f i libucrt:output.obj
 0001:00023914       ??$extract_argument_from_va_list@I_J@?$positional_parameter_base@_WV?$stream_output_adapter@_W@__crt_stdio_output@@@__crt_stdio_output@@IAE_NAA_J@Z 10024914 f i libucrt:output.obj
 0001:000239bb       ??$extract_argument_from_va_list@I_J@?$positional_parameter_base@_WV?$string_output_adapter@_W@__crt_stdio_output@@@__crt_stdio_output@@IAE_NAA_J@Z 100249bb f i libucrt:output.obj
 0001:00023a62       ??$extract_argument_from_va_list@I_J@?$standard_base@DV?$stream_output_adapter@D@__crt_stdio_output@@@__crt_stdio_output@@IAE_NAA_J@Z 10024a62 f i libucrt:output.obj
 0001:00023a87       ??$extract_argument_from_va_list@I_J@?$standard_base@DV?$string_output_adapter@D@__crt_stdio_output@@@__crt_stdio_output@@IAE_NAA_J@Z 10024a87 f i libucrt:output.obj
 0001:00023aac       ??$extract_argument_from_va_list@I_J@?$standard_base@_WV?$stream_output_adapter@_W@__crt_stdio_output@@@__crt_stdio_output@@IAE_NAA_J@Z 10024aac f i libucrt:output.obj
 0001:00023ad1       ??$extract_argument_from_va_list@I_J@?$standard_base@_WV?$string_output_adapter@_W@__crt_stdio_output@@@__crt_stdio_output@@IAE_NAA_J@Z 10024ad1 f i libucrt:output.obj
 0001:00023af6       ??$extract_argument_from_va_list@PADPAD@?$positional_parameter_base@DV?$stream_output_adapter@D@__crt_stdio_output@@@__crt_stdio_output@@IAE_NAAPAD@Z 10024af6 f i libucrt:output.obj
 0001:00023b93       ??$extract_argument_from_va_list@PADPAD@?$positional_parameter_base@DV?$string_output_adapter@D@__crt_stdio_output@@@__crt_stdio_output@@IAE_NAAPAD@Z 10024b93 f i libucrt:output.obj
 0001:00023c30       ??$extract_argument_from_va_list@PADPAD@?$positional_parameter_base@_WV?$stream_output_adapter@_W@__crt_stdio_output@@@__crt_stdio_output@@IAE_NAAPAD@Z 10024c30 f i libucrt:output.obj
 0001:00023ccd       ??$extract_argument_from_va_list@PADPAD@?$positional_parameter_base@_WV?$string_output_adapter@_W@__crt_stdio_output@@@__crt_stdio_output@@IAE_NAAPAD@Z 10024ccd f i libucrt:output.obj
 0001:00023d6a       ??$extract_argument_from_va_list@PADPAD@?$standard_base@DV?$stream_output_adapter@D@__crt_stdio_output@@@__crt_stdio_output@@IAE_NAAPAD@Z 10024d6a f i libucrt:output.obj
 0001:00023d8a       ??$extract_argument_from_va_list@PADPAD@?$standard_base@DV?$string_output_adapter@D@__crt_stdio_output@@@__crt_stdio_output@@IAE_NAAPAD@Z 10024d8a f i libucrt:output.obj
 0001:00023daa       ??$extract_argument_from_va_list@PADPAD@?$standard_base@_WV?$stream_output_adapter@_W@__crt_stdio_output@@@__crt_stdio_output@@IAE_NAAPAD@Z 10024daa f i libucrt:output.obj
 0001:00023dca       ??$extract_argument_from_va_list@PADPAD@?$standard_base@_WV?$string_output_adapter@_W@__crt_stdio_output@@@__crt_stdio_output@@IAE_NAAPAD@Z 10024dca f i libucrt:output.obj
 0001:00023dea       ??$extract_argument_from_va_list@PAUansi_string@?1??type_case_Z@?$output_processor@DV?$stream_output_adapter@D@__crt_stdio_output@@V?$format_validation_base@DV?$stream_output_adapter@D@__crt_stdio_output@@@2@@__crt_stdio_output@@AAE_NXZ@PAU1?1??234@AAE_NXZ@@?$standard_base@DV?$stream_output_adapter@D@__crt_stdio_output@@@__crt_stdio_output@@IAE_NAAPAUansi_string@?1??type_case_Z@?$output_processor@DV?$stream_output_adapter@D@__crt_stdio_output@@V?$format_validation_base@DV?$stream_output_adapter@D@__crt_stdio_output@@@2@@1@AAE_NXZ@@Z 10024dea f i libucrt:output.obj
 0001:00023e0a       ??$extract_argument_from_va_list@PAUansi_string@?1??type_case_Z@?$output_processor@DV?$stream_output_adapter@D@__crt_stdio_output@@V?$positional_parameter_base@DV?$stream_output_adapter@D@__crt_stdio_output@@@2@@__crt_stdio_output@@AAE_NXZ@PAU1?1??234@AAE_NXZ@@?$positional_parameter_base@DV?$stream_output_adapter@D@__crt_stdio_output@@@__crt_stdio_output@@IAE_NAAPAUansi_string@?1??type_case_Z@?$output_processor@DV?$stream_output_adapter@D@__crt_stdio_output@@V?$positional_parameter_base@DV?$stream_output_adapter@D@__crt_stdio_output@@@2@@1@AAE_NXZ@@Z 10024e0a f i libucrt:output.obj
 0001:00023ea7       ??$extract_argument_from_va_list@PAUansi_string@?1??type_case_Z@?$output_processor@DV?$stream_output_adapter@D@__crt_stdio_output@@V?$positional_parameter_base@DV?$stream_output_adapter@D@__crt_stdio_output@@@2@@__crt_stdio_output@@AAE_NXZ@PAU1?1??234@AAE_NXZ@@?$standard_base@DV?$stream_output_adapter@D@__crt_stdio_output@@@__crt_stdio_output@@IAE_NAAPAUansi_string@?1??type_case_Z@?$output_processor@DV?$stream_output_adapter@D@__crt_stdio_output@@V?$positional_parameter_base@DV?$stream_output_adapter@D@__crt_stdio_output@@@2@@1@AAE_NXZ@@Z 10024ea7 f i libucrt:output.obj
 0001:00023ec7       ??$extract_argument_from_va_list@PAUansi_string@?1??type_case_Z@?$output_processor@DV?$stream_output_adapter@D@__crt_stdio_output@@V?$standard_base@DV?$stream_output_adapter@D@__crt_stdio_output@@@2@@__crt_stdio_output@@AAE_NXZ@PAU1?1??234@AAE_NXZ@@?$standard_base@DV?$stream_output_adapter@D@__crt_stdio_output@@@__crt_stdio_output@@IAE_NAAPAUansi_string@?1??type_case_Z@?$output_processor@DV?$stream_output_adapter@D@__crt_stdio_output@@V?$standard_base@DV?$stream_output_adapter@D@__crt_stdio_output@@@2@@1@AAE_NXZ@@Z 10024ec7 f i libucrt:output.obj
 0001:00023ee7       ??$extract_argument_from_va_list@PAUansi_string@?1??type_case_Z@?$output_processor@DV?$string_output_adapter@D@__crt_stdio_output@@V?$format_validation_base@DV?$string_output_adapter@D@__crt_stdio_output@@@2@@__crt_stdio_output@@AAE_NXZ@PAU1?1??234@AAE_NXZ@@?$standard_base@DV?$string_output_adapter@D@__crt_stdio_output@@@__crt_stdio_output@@IAE_NAAPAUansi_string@?1??type_case_Z@?$output_processor@DV?$string_output_adapter@D@__crt_stdio_output@@V?$format_validation_base@DV?$string_output_adapter@D@__crt_stdio_output@@@2@@1@AAE_NXZ@@Z 10024ee7 f i libucrt:output.obj
 0001:00023f07       ??$extract_argument_from_va_list@PAUansi_string@?1??type_case_Z@?$output_processor@DV?$string_output_adapter@D@__crt_stdio_output@@V?$positional_parameter_base@DV?$string_output_adapter@D@__crt_stdio_output@@@2@@__crt_stdio_output@@AAE_NXZ@PAU1?1??234@AAE_NXZ@@?$positional_parameter_base@DV?$string_output_adapter@D@__crt_stdio_output@@@__crt_stdio_output@@IAE_NAAPAUansi_string@?1??type_case_Z@?$output_processor@DV?$string_output_adapter@D@__crt_stdio_output@@V?$positional_parameter_base@DV?$string_output_adapter@D@__crt_stdio_output@@@2@@1@AAE_NXZ@@Z 10024f07 f i libucrt:output.obj
 0001:00023fa4       ??$extract_argument_from_va_list@PAUansi_string@?1??type_case_Z@?$output_processor@DV?$string_output_adapter@D@__crt_stdio_output@@V?$positional_parameter_base@DV?$string_output_adapter@D@__crt_stdio_output@@@2@@__crt_stdio_output@@AAE_NXZ@PAU1?1??234@AAE_NXZ@@?$standard_base@DV?$string_output_adapter@D@__crt_stdio_output@@@__crt_stdio_output@@IAE_NAAPAUansi_string@?1??type_case_Z@?$output_processor@DV?$string_output_adapter@D@__crt_stdio_output@@V?$positional_parameter_base@DV?$string_output_adapter@D@__crt_stdio_output@@@2@@1@AAE_NXZ@@Z 10024fa4 f i libucrt:output.obj
 0001:00023fc4       ??$extract_argument_from_va_list@PAUansi_string@?1??type_case_Z@?$output_processor@DV?$string_output_adapter@D@__crt_stdio_output@@V?$standard_base@DV?$string_output_adapter@D@__crt_stdio_output@@@2@@__crt_stdio_output@@AAE_NXZ@PAU1?1??234@AAE_NXZ@@?$standard_base@DV?$string_output_adapter@D@__crt_stdio_output@@@__crt_stdio_output@@IAE_NAAPAUansi_string@?1??type_case_Z@?$output_processor@DV?$string_output_adapter@D@__crt_stdio_output@@V?$standard_base@DV?$string_output_adapter@D@__crt_stdio_output@@@2@@1@AAE_NXZ@@Z 10024fc4 f i libucrt:output.obj
 0001:00023fe4       ??$extract_argument_from_va_list@PAUansi_string@?1??type_case_Z@?$output_processor@_WV?$stream_output_adapter@_W@__crt_stdio_output@@V?$format_validation_base@_WV?$stream_output_adapter@_W@__crt_stdio_output@@@2@@__crt_stdio_output@@AAE_NXZ@PAU1?1??234@AAE_NXZ@@?$standard_base@_WV?$stream_output_adapter@_W@__crt_stdio_output@@@__crt_stdio_output@@IAE_NAAPAUansi_string@?1??type_case_Z@?$output_processor@_WV?$stream_output_adapter@_W@__crt_stdio_output@@V?$format_validation_base@_WV?$stream_output_adapter@_W@__crt_stdio_output@@@2@@1@AAE_NXZ@@Z 10024fe4 f i libucrt:output.obj
 0001:00024004       ??$extract_argument_from_va_list@PAUansi_string@?1??type_case_Z@?$output_processor@_WV?$stream_output_adapter@_W@__crt_stdio_output@@V?$positional_parameter_base@_WV?$stream_output_adapter@_W@__crt_stdio_output@@@2@@__crt_stdio_output@@AAE_NXZ@PAU1?1??234@AAE_NXZ@@?$positional_parameter_base@_WV?$stream_output_adapter@_W@__crt_stdio_output@@@__crt_stdio_output@@IAE_NAAPAUansi_string@?1??type_case_Z@?$output_processor@_WV?$stream_output_adapter@_W@__crt_stdio_output@@V?$positional_parameter_base@_WV?$stream_output_adapter@_W@__crt_stdio_output@@@2@@1@AAE_NXZ@@Z 10025004 f i libucrt:output.obj
 0001:000240a1       ??$extract_argument_from_va_list@PAUansi_string@?1??type_case_Z@?$output_processor@_WV?$stream_output_adapter@_W@__crt_stdio_output@@V?$positional_parameter_base@_WV?$stream_output_adapter@_W@__crt_stdio_output@@@2@@__crt_stdio_output@@AAE_NXZ@PAU1?1??234@AAE_NXZ@@?$standard_base@_WV?$stream_output_adapter@_W@__crt_stdio_output@@@__crt_stdio_output@@IAE_NAAPAUansi_string@?1??type_case_Z@?$output_processor@_WV?$stream_output_adapter@_W@__crt_stdio_output@@V?$positional_parameter_base@_WV?$stream_output_adapter@_W@__crt_stdio_output@@@2@@1@AAE_NXZ@@Z 100250a1 f i libucrt:output.obj
 0001:000240c1       ??$extract_argument_from_va_list@PAUansi_string@?1??type_case_Z@?$output_processor@_WV?$stream_output_adapter@_W@__crt_stdio_output@@V?$standard_base@_WV?$stream_output_adapter@_W@__crt_stdio_output@@@2@@__crt_stdio_output@@AAE_NXZ@PAU1?1??234@AAE_NXZ@@?$standard_base@_WV?$stream_output_adapter@_W@__crt_stdio_output@@@__crt_stdio_output@@IAE_NAAPAUansi_string@?1??type_case_Z@?$output_processor@_WV?$stream_output_adapter@_W@__crt_stdio_output@@V?$standard_base@_WV?$stream_output_adapter@_W@__crt_stdio_output@@@2@@1@AAE_NXZ@@Z 100250c1 f i libucrt:output.obj
 0001:000240e1       ??$extract_argument_from_va_list@PAUansi_string@?1??type_case_Z@?$output_processor@_WV?$string_output_adapter@_W@__crt_stdio_output@@V?$format_validation_base@_WV?$string_output_adapter@_W@__crt_stdio_output@@@2@@__crt_stdio_output@@AAE_NXZ@PAU1?1??234@AAE_NXZ@@?$standard_base@_WV?$string_output_adapter@_W@__crt_stdio_output@@@__crt_stdio_output@@IAE_NAAPAUansi_string@?1??type_case_Z@?$output_processor@_WV?$string_output_adapter@_W@__crt_stdio_output@@V?$format_validation_base@_WV?$string_output_adapter@_W@__crt_stdio_output@@@2@@1@AAE_NXZ@@Z 100250e1 f i libucrt:output.obj
 0001:00024101       ??$extract_argument_from_va_list@PAUansi_string@?1??type_case_Z@?$output_processor@_WV?$string_output_adapter@_W@__crt_stdio_output@@V?$positional_parameter_base@_WV?$string_output_adapter@_W@__crt_stdio_output@@@2@@__crt_stdio_output@@AAE_NXZ@PAU1?1??234@AAE_NXZ@@?$positional_parameter_base@_WV?$string_output_adapter@_W@__crt_stdio_output@@@__crt_stdio_output@@IAE_NAAPAUansi_string@?1??type_case_Z@?$output_processor@_WV?$string_output_adapter@_W@__crt_stdio_output@@V?$positional_parameter_base@_WV?$string_output_adapter@_W@__crt_stdio_output@@@2@@1@AAE_NXZ@@Z 10025101 f i libucrt:output.obj
 0001:0002419e       ??$extract_argument_from_va_list@PAUansi_string@?1??type_case_Z@?$output_processor@_WV?$string_output_adapter@_W@__crt_stdio_output@@V?$positional_parameter_base@_WV?$string_output_adapter@_W@__crt_stdio_output@@@2@@__crt_stdio_output@@AAE_NXZ@PAU1?1??234@AAE_NXZ@@?$standard_base@_WV?$string_output_adapter@_W@__crt_stdio_output@@@__crt_stdio_output@@IAE_NAAPAUansi_string@?1??type_case_Z@?$output_processor@_WV?$string_output_adapter@_W@__crt_stdio_output@@V?$positional_parameter_base@_WV?$string_output_adapter@_W@__crt_stdio_output@@@2@@1@AAE_NXZ@@Z 1002519e f i libucrt:output.obj
 0001:000241be       ??$extract_argument_from_va_list@PAUansi_string@?1??type_case_Z@?$output_processor@_WV?$string_output_adapter@_W@__crt_stdio_output@@V?$standard_base@_WV?$string_output_adapter@_W@__crt_stdio_output@@@2@@__crt_stdio_output@@AAE_NXZ@PAU1?1??234@AAE_NXZ@@?$standard_base@_WV?$string_output_adapter@_W@__crt_stdio_output@@@__crt_stdio_output@@IAE_NAAPAUansi_string@?1??type_case_Z@?$output_processor@_WV?$string_output_adapter@_W@__crt_stdio_output@@V?$standard_base@_WV?$string_output_adapter@_W@__crt_stdio_output@@@2@@1@AAE_NXZ@@Z 100251be f i libucrt:output.obj
 0001:000241de       ??$extract_argument_from_va_list@PAXPAX@?$positional_parameter_base@DV?$stream_output_adapter@D@__crt_stdio_output@@@__crt_stdio_output@@IAE_NAAPAX@Z 100251de f i libucrt:output.obj
 0001:0002427b       ??$extract_argument_from_va_list@PAXPAX@?$positional_parameter_base@DV?$string_output_adapter@D@__crt_stdio_output@@@__crt_stdio_output@@IAE_NAAPAX@Z 1002527b f i libucrt:output.obj
 0001:00024318       ??$extract_argument_from_va_list@PAXPAX@?$positional_parameter_base@_WV?$stream_output_adapter@_W@__crt_stdio_output@@@__crt_stdio_output@@IAE_NAAPAX@Z 10025318 f i libucrt:output.obj
 0001:000243b5       ??$extract_argument_from_va_list@PAXPAX@?$positional_parameter_base@_WV?$string_output_adapter@_W@__crt_stdio_output@@@__crt_stdio_output@@IAE_NAAPAX@Z 100253b5 f i libucrt:output.obj
 0001:00024452       ??$extract_argument_from_va_list@PAXPAX@?$standard_base@DV?$stream_output_adapter@D@__crt_stdio_output@@@__crt_stdio_output@@IAE_NAAPAX@Z 10025452 f i libucrt:output.obj
 0001:00024472       ??$extract_argument_from_va_list@PAXPAX@?$standard_base@DV?$string_output_adapter@D@__crt_stdio_output@@@__crt_stdio_output@@IAE_NAAPAX@Z 10025472 f i libucrt:output.obj
 0001:00024492       ??$extract_argument_from_va_list@PAXPAX@?$standard_base@_WV?$stream_output_adapter@_W@__crt_stdio_output@@@__crt_stdio_output@@IAE_NAAPAX@Z 10025492 f i libucrt:output.obj
 0001:000244b2       ??$extract_argument_from_va_list@PAXPAX@?$standard_base@_WV?$string_output_adapter@_W@__crt_stdio_output@@@__crt_stdio_output@@IAE_NAAPAX@Z 100254b2 f i libucrt:output.obj
 0001:000244d2       ??$extract_argument_from_va_list@U_CRT_DOUBLE@@U1@@?$positional_parameter_base@DV?$stream_output_adapter@D@__crt_stdio_output@@@__crt_stdio_output@@IAE_NAAU_CRT_DOUBLE@@@Z 100254d2 f i libucrt:output.obj
 0001:00024583       ??$extract_argument_from_va_list@U_CRT_DOUBLE@@U1@@?$positional_parameter_base@DV?$string_output_adapter@D@__crt_stdio_output@@@__crt_stdio_output@@IAE_NAAU_CRT_DOUBLE@@@Z 10025583 f i libucrt:output.obj
 0001:00024634       ??$extract_argument_from_va_list@U_CRT_DOUBLE@@U1@@?$positional_parameter_base@_WV?$stream_output_adapter@_W@__crt_stdio_output@@@__crt_stdio_output@@IAE_NAAU_CRT_DOUBLE@@@Z 10025634 f i libucrt:output.obj
 0001:000246e5       ??$extract_argument_from_va_list@U_CRT_DOUBLE@@U1@@?$positional_parameter_base@_WV?$string_output_adapter@_W@__crt_stdio_output@@@__crt_stdio_output@@IAE_NAAU_CRT_DOUBLE@@@Z 100256e5 f i libucrt:output.obj
 0001:00024796       ??$extract_argument_from_va_list@U_CRT_DOUBLE@@U1@@?$standard_base@DV?$stream_output_adapter@D@__crt_stdio_output@@@__crt_stdio_output@@IAE_NAAU_CRT_DOUBLE@@@Z 10025796 f i libucrt:output.obj
 0001:000247be       ??$extract_argument_from_va_list@U_CRT_DOUBLE@@U1@@?$standard_base@DV?$string_output_adapter@D@__crt_stdio_output@@@__crt_stdio_output@@IAE_NAAU_CRT_DOUBLE@@@Z 100257be f i libucrt:output.obj
 0001:000247e6       ??$extract_argument_from_va_list@U_CRT_DOUBLE@@U1@@?$standard_base@_WV?$stream_output_adapter@_W@__crt_stdio_output@@@__crt_stdio_output@@IAE_NAAU_CRT_DOUBLE@@@Z 100257e6 f i libucrt:output.obj
 0001:0002480e       ??$extract_argument_from_va_list@U_CRT_DOUBLE@@U1@@?$standard_base@_WV?$string_output_adapter@_W@__crt_stdio_output@@@__crt_stdio_output@@IAE_NAAU_CRT_DOUBLE@@@Z 1002580e f i libucrt:output.obj
 0001:00024836       ??$extract_argument_from_va_list@_J_J@?$positional_parameter_base@DV?$stream_output_adapter@D@__crt_stdio_output@@@__crt_stdio_output@@IAE_NAA_J@Z 10025836 f i libucrt:output.obj
 0001:000248e7       ??$extract_argument_from_va_list@_J_J@?$positional_parameter_base@DV?$string_output_adapter@D@__crt_stdio_output@@@__crt_stdio_output@@IAE_NAA_J@Z 100258e7 f i libucrt:output.obj
 0001:00024998       ??$extract_argument_from_va_list@_J_J@?$positional_parameter_base@_WV?$stream_output_adapter@_W@__crt_stdio_output@@@__crt_stdio_output@@IAE_NAA_J@Z 10025998 f i libucrt:output.obj
 0001:00024a49       ??$extract_argument_from_va_list@_J_J@?$positional_parameter_base@_WV?$string_output_adapter@_W@__crt_stdio_output@@@__crt_stdio_output@@IAE_NAA_J@Z 10025a49 f i libucrt:output.obj
 0001:00024afa       ??$extract_argument_from_va_list@_J_J@?$standard_base@DV?$stream_output_adapter@D@__crt_stdio_output@@@__crt_stdio_output@@IAE_NAA_J@Z 10025afa f i libucrt:output.obj
 0001:00024b22       ??$extract_argument_from_va_list@_J_J@?$standard_base@DV?$string_output_adapter@D@__crt_stdio_output@@@__crt_stdio_output@@IAE_NAA_J@Z 10025b22 f i libucrt:output.obj
 0001:00024b4a       ??$extract_argument_from_va_list@_J_J@?$standard_base@_WV?$stream_output_adapter@_W@__crt_stdio_output@@@__crt_stdio_output@@IAE_NAA_J@Z 10025b4a f i libucrt:output.obj
 0001:00024b72       ??$extract_argument_from_va_list@_J_J@?$standard_base@_WV?$string_output_adapter@_W@__crt_stdio_output@@@__crt_stdio_output@@IAE_NAA_J@Z 10025b72 f i libucrt:output.obj
[...]
 0003:00007960       _CANAC2_2_receiveindex_mb2 1007d960     <common>
 0003:00007c80       _CANAC2_2_receivemaxindex_mb2 1007dc80     <common>
 0003:00007ca0       _CANAC2_2_sendindex_mb2    1007dca0     <common>
 0003:00007fc0       _CANAC2_2_sendmaxindex_mb2 1007dfc0     <common>
 0003:00007fe0       _CANAC2_1_receiveindex_mb2 1007dfe0     <common>
 0003:00008300       _CANAC2_1_receivemaxindex_mb2 1007e300     <common>
 0003:00008320       _CANAC2_1_sendindex_mb2    1007e320     <common>
 0003:00008640       _CANAC2_1_sendmaxindex_mb2 1007e640     <common>
 0003:00008660       _CANAC2_2_receive_mb2      1007e660     <common>
 0003:00008980       _CANAC2_2_send_mb2         1007e980     <common>
 0003:00008ca0       _CANAC2_1_receive_mb2      1007eca0     <common>
 0003:00008fc0       _CANAC2_1_send_mb2         1007efc0     <common>
 0003:000092e0       _CANAC2_2_receiveindex_mb1 1007f2e0     <common>
 0003:00009600       _CANAC2_2_receivemaxindex_mb1 1007f600     <common>
 0003:00009620       _CANAC2_2_sendindex_mb1    1007f620     <common>
 0003:00009940       _CANAC2_2_sendmaxindex_mb1 1007f940     <common>
 0003:00009960       _CANAC2_1_receiveindex_mb1 1007f960     <common>
 0003:00009c80       _CANAC2_1_receivemaxindex_mb1 1007fc80     <common>
 0003:00009ca0       _CANAC2_1_sendindex_mb1    1007fca0     <common>
 0003:00009fc0       _CANAC2_1_sendmaxindex_mb1 1007ffc0     <common>
 0003:00009fe0       _CANAC2_2_receive_mb1      1007ffe0     <common>
 0003:0000a300       _CANAC2_2_send_mb1         10080300     <common>
 0003:0000a620       _CANAC2_1_receive_mb1      10080620     <common>
 0003:0000a940       _CANAC2_1_send_mb1         10080940     <common>
 0003:0000ac60       _CANAC2_2_receiveindex     10080c60     <common>
 0003:0000af80       _CANAC2_2_receivemaxindex  10080f80     <common>
 0003:0000afa0       _CANAC2_2_sendindex        10080fa0     <common>
 0003:0000b2c0       _CANAC2_2_sendmaxindex     100812c0     <common>
 0003:0000b2e0       _CANAC2_1_receiveindex     100812e0     <common>
 0003:0000b600       _CANAC2_1_receivemaxindex  10081600     <common>
 0003:0000b620       _CANAC2_1_sendindex        10081620     <common>
 0003:0000b940       _CANAC2_1_sendmaxindex     10081940     <common>
 0003:0000b960       _CANAC2_2_receive          10081960     <common>
 0003:0000bc80       _CANAC2_2_send             10081c80     <common>
 0003:0000bfa0       _CANAC2_1_receive          10081fa0     <common>
 0003:0000c2c0       _CANAC2_1_send             100822c0     <common>
 0003:0000c5e0       _siepowercan_can_object_buffer_port2 100825e0     <common>
 0003:00010600       _siepowercan_can_object_buffer_port1 10086600     <common>
 0003:00014600       _rtNaNF                    1008a600     <common>
 0003:00014614       _rtMinusInfF               1008a614     <common>
 0003:00014618       _rtInfF                    1008a618     <common>
 0003:00014620       _rtNaN                     1008a620     <common>
 0003:00014628       _rtMinusInf                1008a628     <common>
 0003:00014630       _rtInf                     1008a630     <common>
 0003:00014638       ?_OptionsStorage@?1??__local_stdio_printf_options@@9@9 1008a638     <common>
 0003:00014a60       _dc_motor_encoder_hardware_simulated_M_ 1008aa60     <common>
 0003:00015c60       _dc_motor_encoder_hardware_simulated_Y 1008bc60     <common>
 0003:00015c80       _dc_motor_encoder_hardware_simulated_DW 1008bc80     <common>
 0003:00015d60       _dc_motor_encoder_hardware_simulated_X 1008bd60     <common>
 0003:00015d80       _dc_motor_encoder_hardware_simulated_B 1008bd80     <common>
 0003:00015ea0       _CloseClientSocket         1008bea0     <common>
 0003:00015f08       _ConnectClientSocket       1008bf08     <common>
 0003:00015f0c       _BindClientSocket          1008bf0c     <common>
 0003:00015f10       _CreateClientSocket        1008bf10     <common>
 0003:00015f14       _CloseServerSocket         1008bf14     <common>
 0003:00015f18       _ConnectServerSocket       1008bf18     <common>
 0003:00015f1c       _OpenServerListen          1008bf1c     <common>
 0003:00015f20       _CreateServerSocket        1008bf20     <common>
 0003:00015f24       _SocketReceive             1008bf24     <common>
 0003:00015f28       _SocketSend                1008bf28     <common>
 0003:00015f2c       _GetSocketState            1008bf2c     <common>
 0003:00015f30       _GetSocket                 1008bf30     <common>
 0003:00015f34       _socket                    1008bf34     <common>
 0003:00015f38       _inet_addr                 1008bf38     <common>
 0003:00015f3c       _sendto                    1008bf3c     <common>
 0003:00015f40       _recvfrom                  1008bf40     <common>
 0003:00015f44       _listen                    1008bf44     <common>
 0003:00015f48       _ioctlsocket               1008bf48     <common>
 0003:00015f4c       _connect                   1008bf4c     <common>
 0003:00015f50       _closesocket               1008bf50     <common>
 0003:00015f54       _setsockopt                1008bf54     <common>
 0003:00015f58       _bind                      1008bf58     <common>
 0003:00015f5c       _accept                    1008bf5c     <common>
 0003:00015f60       _GetHostTarIPAdd           1008bf60     <common>
 0003:00015f64       _GetDCUUsage               1008bf64     <common>
 0003:00015f68       _DeleteRoute               1008bf68     <common>
 0003:00015f6c       _AddGatewayRoute           1008bf6c     <common>
 0003:00015f70       _SetIP                     1008bf70     <common>
 0003:00015f74       _CloseInterface            1008bf74     <common>
 0003:00015f78       _OpenInterface             1008bf78     <common>
 0003:00015f7c       _SetIPTASKPriority         1008bf7c     <common>
 0003:00015f80       _isUsedByRTIP              1008bf80     <common>
 0003:00015f84       _slrtWarning               1008bf84     <common>
 0003:00015f88       _slrtGetCPUTCelsius        1008bf88     <common>
 0003:00015f8c       _geterrorstring            1008bf8c     <common>
 0003:00015f90       _getlasterror              1008bf90     <common>
 0003:00015f94       _slrtLogEvent              1008bf94     <common>
 0003:00015f98       _slrtGetDefaultDrive       1008bf98     <common>
 0003:00015f9c       _slrtfsFread               1008bf9c     <common>
 0003:00015fa0       _slrtfsGetFileStatus       1008bfa0     <common>
 0003:00015fa4       _slrtfsOpenFileAsync       1008bfa4     <common>
 0003:00015fa8       _slrtfsCloseFileAsync      1008bfa8     <common>
 0003:00015fac       _slrtfsGetFileErrorMessage 1008bfac     <common>
 0003:00015fb0       _slrtfsGetFileError        1008bfb0     <common>
 0003:00015fb4       _slrtfsWriteToFile         1008bfb4     <common>
 0003:00015fb8       _slrtfsCloseFile           1008bfb8     <common>
 0003:00015fbc       _slrtfsOpenFile            1008bfbc     <common>
 0003:00015fc0       _slrtGetSgCRBSpace         1008bfc0     <common>
 0003:00015fc4       _slrtGetCRBScratchSpace    1008bfc4     <common>
 0003:00015fc8       _slrteSetupMSI             1008bfc8     <common>
 0003:00015fcc       _slTestRegAssessment       1008bfcc     <common>
 0003:00015fd0       _slTestTerminate           1008bfd0     <common>
 0003:00015fd4       _slTestEvalOnFail          1008bfd4     <common>
 0003:00015fd8       _slTestLogAssessments      1008bfd8     <common>
 0003:00015fdc       _slTestInitialize          1008bfdc     <common>
 0003:00015fe0       _unRegisterPTPTimeRead     1008bfe0     <common>
 0003:00015fe4       _registerPTPTimeRead       1008bfe4     <common>
 0003:00015fe8       _slrteGetCurrentStepSize   1008bfe8     <common>
 0003:00015fec       _slrteSetStepSizeDelta     1008bfec     <common>
 0003:00015ff0       _xpceGetIntTimerGranularityNS 1008bff0     <common>
 0003:00015ff4       _xpceDAQUpdateTimeStamp    1008bff4     <common>
 0003:00015ff8       _xpceDAQPostEvent          1008bff8     <common>
 0003:00015ffc       _StreamVideo               1008bffc     <common>
 0003:00016000       _StopVideoDisplay          1008c000     <common>
 0003:00016004       _StartVideoDisplay         1008c004     <common>
 0003:00016008       _DestroyVideoDisplay       1008c008     <common>
 0003:0001600c       _CreateVideoDisplay        1008c00c     <common>
 0003:00016010       _ConvertUImage             1008c010     <common>
 0003:00016014       _StopVideo                 1008c014     <common>
 0003:00016018       _ReadFrameBuffer           1008c018     <common>
 0003:0001601c       _StartVideo                1008c01c     <common>
 0003:00016020       _GetVideoConfigs           1008c020     <common>
 0003:00016024       _FindUsbVideoDevice        1008c024     <common>
 0003:00016028       _xpceDeleteSemaphore       1008c028     <common>
 0003:0001602c       _xpceSignalSemaphore       1008c02c     <common>
 0003:00016030       _xpceWaitSemaphore         1008c030     <common>
 0003:00016034       _xpceCreateSemaphore       1008c034     <common>
 0003:00016038       _TBGiveSpinFast            1008c038     <common>
 0003:0001603c       _TBTakeSpinFast            1008c03c     <common>
 0003:00016040       _TBDeleteSpin              1008c040     <common>
 0003:00016044       _TBCreateSpin              1008c044     <common>
 0003:00016048       _xpceScopeAcqOK            1008c048     <common>
 0003:0001604c       _rl32eRestartAcquisition   1008c04c     <common>
 0003:00016050       _rl32eSetTargetScopeSigFt  1008c050     <common>
 0003:00016054       _rl32eSetTargetScope       1008c054     <common>
 0003:00016058       _xpceFSScopeSet            1008c058     <common>
 0003:0001605c       _rl32eSetScope             1008c05c     <common>
 0003:00016060       _rl32eAddSignal            1008c060     <common>
 0003:00016064       _rl32eGetSignalNo          1008c064     <common>
 0003:00016068       _rl32eDefScope             1008c068     <common>
 0003:0001606c       _rl32eScopeExists          1008c06c     <common>
 0003:00016070       _xpceGetParamDims          1008c070     <common>
 0003:00016074       _xpceGetParameter          1008c074     <common>
 0003:00016078       _xpceSetParameter          1008c078     <common>
 0003:0001607c       _xpceGetSignalValue        1008c07c     <common>
 0003:00016080       _xpceAssignPCIInterrupt    1008c080     <common>
 0003:00016084       _rl32eGetPCIInfoAtSlot     1008c084     <common>
 0003:00016088       _rl32eGetPCIInfo           1008c088     <common>
 0003:0001608c       _rl32eShowPCIInfo          1008c08c     <common>
 0003:00016090       _rl32eShowPCIDev           1008c090     <common>
 0003:00016094       _xpceGetTET                1008c094     <common>
 0003:00016098       _xpceaddEvent              1008c098     <common>
 0003:0001609c       _xpceDeRegisterISR         1008c09c     <common>
 0003:000160a0       _xpceRegisterISR           1008c0a0     <common>
 0003:000160a4       _xpcIsModelInit            1008c0a4     <common>
 0003:000160a8       _xpcGetElapsedTime         1008c0a8     <common>
 0003:000160ac       _xpcBusyWait               1008c0ac     <common>
 0003:000160b0       _xpcFreePhysicalMemory     1008c0b0     <common>
 0003:000160b4       _xpcAllocPhysicalMemory    1008c0b4     <common>
 0003:000160b8       _xpcReserveMemoryRegion    1008c0b8     <common>
 0003:000160bc       _xpcOutpB                  1008c0bc     <common>
 0003:000160c0       _xpcOutpW                  1008c0c0     <common>
 0003:000160c4       _xpcOutpDW                 1008c0c4     <common>
 0003:000160c8       _xpcInpB                   1008c0c8     <common>
 0003:000160cc       _xpcInpW                   1008c0cc     <common>
 0003:000160d0       _xpcInpDW                  1008c0d0     <common>
 0003:000160d4       ___scrt_ucrt_dll_is_in_use 1008c0d4     <common>
 0003:000160e0       ___dyn_tls_init_callback   1008c0e0     <common>
 0003:000160ec       __pDestructExceptionObject 1008c0ec     <common>
 0003:000160f8       __pmatherr                 1008c0f8     <common>
 0003:00016104       ___use_sse2_mathfcns       1008c104     <common>
 0004:00000000       __imp__GetModuleHandleA@4  1008d000     kernel32:KERNEL32.dll
 0004:00000004       __imp__GetProcAddress@8    1008d004     kernel32:KERNEL32.dll
 0004:00000008       __imp__UnhandledExceptionFilter@4 1008d008     kernel32:KERNEL32.dll
 0004:0000000c       __imp__SetUnhandledExceptionFilter@4 1008d00c     kernel32:KERNEL32.dll
 0004:00000010       __imp__GetCurrentProcess@0 1008d010     kernel32:KERNEL32.dll
 0004:00000014       __imp__TerminateProcess@8  1008d014     kernel32:KERNEL32.dll
 0004:00000018       __imp__IsProcessorFeaturePresent@4 1008d018     kernel32:KERNEL32.dll
 0004:0000001c       __imp__QueryPerformanceCounter@4 1008d01c     kernel32:KERNEL32.dll
 0004:00000020       __imp__GetCurrentProcessId@0 1008d020     kernel32:KERNEL32.dll
 0004:00000024       __imp__GetCurrentThreadId@0 1008d024     kernel32:KERNEL32.dll
 0004:00000028       __imp__GetSystemTimeAsFileTime@4 1008d028     kernel32:KERNEL32.dll
 0004:0000002c       __imp__InitializeSListHead@4 1008d02c     kernel32:KERNEL32.dll
 0004:00000030       __imp__IsDebuggerPresent@0 1008d030     kernel32:KERNEL32.dll
 0004:00000034       __imp__GetStartupInfoW@4   1008d034     kernel32:KERNEL32.dll
 0004:00000038       __imp__GetModuleHandleW@4  1008d038     kernel32:KERNEL32.dll
 0004:0000003c       __imp__InterlockedPushEntrySList@8 1008d03c     kernel32:KERNEL32.dll
 0004:00000040       __imp__InterlockedFlushSList@4 1008d040     kernel32:KERNEL32.dll
 0004:00000044       __imp__RtlUnwind@16        1008d044     kernel32:KERNEL32.dll
 0004:00000048       __imp__GetLastError@0      1008d048     kernel32:KERNEL32.dll
 0004:0000004c       __imp__SetLastError@4      1008d04c     kernel32:KERNEL32.dll
 0004:00000050       __imp__EnterCriticalSection@4 1008d050     kernel32:KERNEL32.dll
 0004:00000054       __imp__LeaveCriticalSection@4 1008d054     kernel32:KERNEL32.dll
 0004:00000058       __imp__DeleteCriticalSection@4 1008d058     kernel32:KERNEL32.dll
 0004:0000005c       __imp__InitializeCriticalSectionAndSpinCount@8 1008d05c     kernel32:KERNEL32.dll
 0004:00000060       __imp__TlsAlloc@0          1008d060     kernel32:KERNEL32.dll
 0004:00000064       __imp__TlsGetValue@4       1008d064     kernel32:KERNEL32.dll
 0004:00000068       __imp__TlsSetValue@8       1008d068     kernel32:KERNEL32.dll
 0004:0000006c       __imp__TlsFree@4           1008d06c     kernel32:KERNEL32.dll
 0004:00000070       __imp__FreeLibrary@4       1008d070     kernel32:KERNEL32.dll
 0004:00000074       __imp__LoadLibraryExW@12   1008d074     kernel32:KERNEL32.dll
 0004:00000078       __imp__GetStdHandle@4      1008d078     kernel32:KERNEL32.dll
 0004:0000007c       __imp__GetFileType@4       1008d07c     kernel32:KERNEL32.dll
 0004:00000080       __imp__GetModuleFileNameA@12 1008d080     kernel32:KERNEL32.dll
 0004:00000084       __imp__GetModuleFileNameW@12 1008d084     kernel32:KERNEL32.dll
 0004:00000088       __imp__GetModuleHandleExW@12 1008d088     kernel32:KERNEL32.dll
 0004:0000008c       __imp__WriteConsoleW@20    1008d08c     kernel32:KERNEL32.dll
 0004:00000090       __imp__ExitProcess@4       1008d090     kernel32:KERNEL32.dll
 0004:00000094       __imp__RaiseException@16   1008d094     kernel32:KERNEL32.dll
 0004:00000098       __imp__MultiByteToWideChar@24 1008d098     kernel32:KERNEL32.dll
 0004:0000009c       __imp__WideCharToMultiByte@32 1008d09c     kernel32:KERNEL32.dll
 0004:000000a0       __imp__HeapFree@12         1008d0a0     kernel32:KERNEL32.dll
 0004:000000a4       __imp__HeapAlloc@12        1008d0a4     kernel32:KERNEL32.dll
 0004:000000a8       __imp__GetDateFormatW@24   1008d0a8     kernel32:KERNEL32.dll
 0004:000000ac       __imp__GetTimeFormatW@24   1008d0ac     kernel32:KERNEL32.dll
 0004:000000b0       __imp__CompareStringW@24   1008d0b0     kernel32:KERNEL32.dll
 0004:000000b4       __imp__LCMapStringW@24     1008d0b4     kernel32:KERNEL32.dll
 0004:000000b8       __imp__GetLocaleInfoW@16   1008d0b8     kernel32:KERNEL32.dll
 0004:000000bc       __imp__IsValidLocale@8     1008d0bc     kernel32:KERNEL32.dll
 0004:000000c0       __imp__GetUserDefaultLCID@0 1008d0c0     kernel32:KERNEL32.dll
 0004:000000c4       __imp__EnumSystemLocalesW@8 1008d0c4     kernel32:KERNEL32.dll
 0004:000000c8       __imp__GetCurrentThread@0  1008d0c8     kernel32:KERNEL32.dll
 0004:000000cc       __imp__GetACP@0            1008d0cc     kernel32:KERNEL32.dll
 0004:000000d0       __imp__WriteFile@20        1008d0d0     kernel32:KERNEL32.dll
 0004:000000d4       __imp__OutputDebugStringA@4 1008d0d4     kernel32:KERNEL32.dll
 0004:000000d8       __imp__OutputDebugStringW@4 1008d0d8     kernel32:KERNEL32.dll
 0004:000000dc       __imp__CloseHandle@4       1008d0dc     kernel32:KERNEL32.dll
 0004:000000e0       __imp__WaitForSingleObjectEx@12 1008d0e0     kernel32:KERNEL32.dll
 0004:000000e4       __imp__CreateThread@24     1008d0e4     kernel32:KERNEL32.dll
 0004:000000e8       __imp__SetConsoleCtrlHandler@8 1008d0e8     kernel32:KERNEL32.dll
 0004:000000ec       __imp__HeapReAlloc@16      1008d0ec     kernel32:KERNEL32.dll
 0004:000000f0       __imp__ReadFile@20         1008d0f0     kernel32:KERNEL32.dll
 0004:000000f4       __imp__GetConsoleMode@8    1008d0f4     kernel32:KERNEL32.dll
 0004:000000f8       __imp__ReadConsoleW@20     1008d0f8     kernel32:KERNEL32.dll
 0004:000000fc       __imp__GetConsoleCP@0      1008d0fc     kernel32:KERNEL32.dll
 0004:00000100       __imp__DeleteFileW@4       1008d100     kernel32:KERNEL32.dll
 0004:00000104       __imp__SetFilePointerEx@20 1008d104     kernel32:KERNEL32.dll
 0004:00000108       __imp__FindClose@4         1008d108     kernel32:KERNEL32.dll
 0004:0000010c       __imp__FindFirstFileExA@24 1008d10c     kernel32:KERNEL32.dll
 0004:00000110       __imp__FindFirstFileExW@24 1008d110     kernel32:KERNEL32.dll
 0004:00000114       __imp__FindNextFileA@8     1008d114     kernel32:KERNEL32.dll
 0004:00000118       __imp__FindNextFileW@8     1008d118     kernel32:KERNEL32.dll
 0004:0000011c       __imp__IsValidCodePage@4   1008d11c     kernel32:KERNEL32.dll
 0004:00000120       __imp__GetOEMCP@0          1008d120     kernel32:KERNEL32.dll
 0004:00000124       __imp__GetCPInfo@8         1008d124     kernel32:KERNEL32.dll
 0004:00000128       __imp__GetCommandLineA@0   1008d128     kernel32:KERNEL32.dll
 0004:0000012c       __imp__GetCommandLineW@0   1008d12c     kernel32:KERNEL32.dll
 0004:00000130       __imp__GetEnvironmentStringsW@0 1008d130     kernel32:KERNEL32.dll
 0004:00000134       __imp__FreeEnvironmentStringsW@4 1008d134     kernel32:KERNEL32.dll
 0004:00000138       __imp__SetEnvironmentVariableA@8 1008d138     kernel32:KERNEL32.dll
 0004:0000013c       __imp__SetEnvironmentVariableW@8 1008d13c     kernel32:KERNEL32.dll
 0004:00000140       __imp__GetProcessHeap@0    1008d140     kernel32:KERNEL32.dll
 0004:00000144       __imp__GetStringTypeW@16   1008d144     kernel32:KERNEL32.dll
 0004:00000148       __imp__FlushFileBuffers@4  1008d148     kernel32:KERNEL32.dll
 0004:0000014c       __imp__SetStdHandle@8      1008d14c     kernel32:KERNEL32.dll
 0004:00000150       __imp__CreateFileW@28      1008d150     kernel32:KERNEL32.dll
 0004:00000154       __imp__HeapSize@12         1008d154     kernel32:KERNEL32.dll
 0004:00000158       __imp__SetEndOfFile@4      1008d158     kernel32:KERNEL32.dll
 0004:0000015c       __imp__EncodePointer@4     1008d15c     kernel32:KERNEL32.dll
 0004:00000160       __imp__DecodePointer@4     1008d160     kernel32:KERNEL32.dll
 0004:00000164       \177KERNEL32_NULL_THUNK_DATA 1008d164     kernel32:KERNEL32.dll
 0004:000001d4       __IMPORT_DESCRIPTOR_KERNEL32 1008d1d4     kernel32:KERNEL32.dll
 0004:000001e8       __NULL_IMPORT_DESCRIPTOR   1008d1e8     kernel32:KERNEL32.dll
 0006:00000000       ___guard_check_icall_fptr  1008f000     LIBCMT:guard_support.obj
