 E_stopnew_slrt

 Timestamp is 5ad75237 (Wed Apr 18 10:12:07 2018)

 Preferred load address is 10000000

 Start         Length     Name                   Class
 0001:00000000 00061be8H .text$mn                CODE
 0002:00000000 00000104H .CRT$XCA                DATA
 0002:00000104 00000104H .CRT$XCZ                DATA
 0002:00000208 00000104H .CRT$XIA                DATA
 0002:0000030c 00000110H .CRT$XIC                DATA
 0002:0000041c 00000104H .CRT$XIZ                DATA
 0002:00000520 00000104H .CRT$XPA                DATA
 0002:00000624 0000010cH .CRT$XPX                DATA
 0002:00000730 00000104H .CRT$XPXA               DATA
 0002:00000834 00000104H .CRT$XPZ                DATA
 0002:00000938 00000104H .CRT$XTA                DATA
 0002:00000a3c 00000104H .CRT$XTZ                DATA
 0002:00000b40 0000ca74H .rdata                  DATA
 0002:0000d5b4 0000038cH .rdata$r                DATA
 0002:0000d940 00000110H .rdata$sxdata           DATA
 0002:0000da50 000001a0H .rdata$zzzdbg           DATA
 0002:0000dbf0 00000104H .rtc$IAA                DATA
 0002:0000dcf4 00000104H .rtc$IZZ                DATA
 0002:0000ddf8 00000104H .rtc$TAA                DATA
 0002:0000defc 00000104H .rtc$TZZ                DATA
 0002:0000e000 00000ac0H .xdata$x                DATA
 0002:0000eac0 000001e2H .edata                  DATA
 0003:00000000 00000fa0H .data                   DATA
 0003:00000fa0 000001e0H .data$r                 DATA
 0003:00001180 00013f88H .bss                    DATA
 0004:00000000 000001d4H .idata$5                DATA
 0004:000001d4 00000014H .idata$2                DATA
 0004:000001e8 00000014H .idata$3                DATA
 0004:000001fc 000001d4H .idata$4                DATA
 0004:000003d0 00000843H .idata$6                DATA
 0005:00000000 00000224H .gfids$x                DATA
 0005:00000224 000001a5H .gfids$y                DATA
 0006:00000000 00000104H .00cfg                  DATA

  Address         Publics by Value              Rva+Base       Lib:Object

 0000:00000000       ___guard_iat_count         00000000     <absolute>
 0000:00000000       ___guard_fids_count        00000000     <absolute>
 0000:00000000       __except_list              00000000     <absolute>
 0000:00000000       ___guard_longjmp_count     00000000     <absolute>
 0000:00000000       ___guard_longjmp_table     00000000     <absolute>
 0000:00000000       ___guard_iat_table         00000000     <absolute>
 0000:00000000       ___dynamic_value_reloc_table 00000000     <absolute>
 0000:00000000       ___guard_fids_table        00000000     <absolute>
 0000:00000003       ___safe_se_handler_count   00000003     <absolute>
 0000:00000100       ___guard_flags             00000100     <absolute>
 0000:00000000       ___ImageBase               10000000     <linker-defined>
 0001:00005ed0       _E_stopnew                 10006ed0 f   E_stopnew.obj
 0001:00006cc0       _MdlInitialize             10007cc0 f   E_stopnew.obj
 0001:00006cd0       _MdlInitializeSampleTimes  10007cd0 f   E_stopnew.obj
 0001:00006ce0       _MdlInitializeSizes        10007ce0 f   E_stopnew.obj
 0001:00006cf0       _MdlOutputs                10007cf0 f   E_stopnew.obj
 0001:00006d60       _MdlStart                  10007d60 f   E_stopnew.obj
 0001:00006d70       _MdlTerminate              10007d70 f   E_stopnew.obj
 0001:00006da0       _MdlUpdate                 10007da0 f   E_stopnew.obj
 0001:00006dd0       ___local_stdio_printf_options 10007dd0 f i E_stopnew.obj
 0001:00006de0       __vfprintf_l               10007de0 f i E_stopnew.obj
 0001:00006e10       _printf                    10007e10 f i E_stopnew.obj
 0001:00006e70       _rt_SimUpdateDiscreteEvents 10007e70 f   E_stopnew.obj
 0001:00006ea0       _rt_mxCreateCharMatrixFromStrings 10007ea0 f   rt_matrx.obj
 0001:00007000       _rt_mxCreateDoubleMatrix   10008000 f   rt_matrx.obj
 0001:00007060       _rt_mxCreateNumericArray   10008060 f   rt_matrx.obj
 0001:000070e0       _rt_mxCreateString         100080e0 f   rt_matrx.obj
 0001:00007170       _rt_mxDuplicateArray       10008170 f   rt_matrx.obj
 0001:000071d0       _rt_mxGetDimensions        100081d0 f   rt_matrx.obj
 0001:00007210       _rt_mxGetEps               10008210 f   rt_matrx.obj
 0001:00007220       _rt_mxGetString            10008220 f   rt_matrx.obj
 0001:000072a0       _rtPrintfNoOp              100082a0 f   rt_printf.obj
 0001:000072b0       _E_stopnew_GetCAPIStaticMap 100082b0 f   E_stopnew_capi.obj
 0001:000072c0       _E_stopnew_InitializeDataMapInfo 100082c0 f   E_stopnew_capi.obj
 0001:00007350       _rtGetInf                  10008350 f   rtGetInf.obj
 0001:00007380       _rtGetInfF                 10008380 f   rtGetInf.obj
 0001:000073a0       _rtGetMinusInf             100083a0 f   rtGetInf.obj
 0001:000073d0       _rtGetMinusInfF            100083d0 f   rtGetInf.obj
 0001:000073f0       _rtGetNaN                  100083f0 f   rtGetNaN.obj
 0001:00007420       _rtGetNaNF                 10008420 f   rtGetNaN.obj
 0001:00007440       _rtIsInf                   10008440 f   rt_nonfinite.obj
 0001:00007480       _rtIsInfF                  10008480 f   rt_nonfinite.obj
 0001:000074c0       _rtIsNaN                   100084c0 f   rt_nonfinite.obj
 0001:000074e0       _rtIsNaNF                  100084e0 f   rt_nonfinite.obj
 0001:00007500       _rt_InitInfAndNaN          10008500 f   rt_nonfinite.obj
 0001:00007560       _rt_CleanUpForStateLogWithMMI 10008560 f   rt_logging_mmi.obj
 0001:00007670       _rt_FillStateSigInfoFromMMI 10008670 f   rt_logging_mmi.obj
 0001:00007a10       _rtwCAPI_CountSysRan       10008a10 f   rtw_modelmap_utils.obj
 0001:00007ab0       _rtwCAPI_EncodePath        10008ab0 f   rtw_modelmap_utils.obj
 0001:00007bb0       _rtwCAPI_FillSysRan        10008bb0 f   rtw_modelmap_utils.obj
 0001:00007ca0       _rtwCAPI_FreeFullPaths     10008ca0 f   rtw_modelmap_utils.obj
 0001:00007d30       _rtwCAPI_GetFullStateBlockPath 10008d30 f   rtw_modelmap_utils.obj
 0001:00007ee0       _rtwCAPI_GetNumContStateRecords 10008ee0 f   rtw_modelmap_utils.obj
 0001:00007fa0       _rtwCAPI_GetNumSigLogRecords 10008fa0 f   rtw_modelmap_utils.obj
 0001:00007ff0       _rtwCAPI_GetNumSigLogRecordsForRTWLogging 10008ff0 f   rtw_modelmap_utils.obj
 0001:00008090       _rtwCAPI_GetNumStateRecords 10009090 f   rtw_modelmap_utils.obj
 0001:000080e0       _rtwCAPI_GetNumStateRecordsForRTWLogging 100090e0 f   rtw_modelmap_utils.obj
 0001:00008180       _rtwCAPI_GetSigAddrFromMap 10009180 f   rtw_modelmap_utils.obj
 0001:00008240       _rtwCAPI_GetSigLogRecordInfo 10009240 f   rtw_modelmap_utils.obj
 0001:00008670       _rtwCAPI_GetStateRecordInfo 10009670 f   rtw_modelmap_utils.obj
 0001:00008b20       _rtwCAPI_GetStateWidth     10009b20 f   rtw_modelmap_utils.obj
 0001:00008b80       _rtwCAPI_HasStates         10009b80 f   rtw_modelmap_utils.obj
 0001:00008bf0       _rtwCAPI_UpdateFullPaths   10009bf0 f   rtw_modelmap_utils.obj
 0001:00008dd0       __vsnprintf_l              10009dd0 f i rt_logging.obj
 0001:00008e10       __vsprintf_l               10009e10 f i rt_logging.obj
 0001:00008e50       _fprintf                   10009e50 f i rt_logging.obj
 0001:00009760       _rt_CreateLogVar           1000a760 f   rt_logging.obj
 0001:000097f0       _rt_CreateLogVarWithConvert 1000a7f0 f   rt_logging.obj
 0001:0000a170       _rt_CreateStructLogVar     1000b170 f   rt_logging.obj
 0001:0000aed0       _rt_GetMxIdFromDTypeId     1000bed0 f   rt_logging.obj
 0001:0000af00       _rt_GetMxIdFromDTypeIdForRSim 1000bf00 f   rt_logging.obj
 0001:0000d7d0       _rt_StartDataLogging       1000e7d0 f   rt_logging.obj
 0001:0000dc90       _rt_StartDataLoggingWithStartTime 1000ec90 f   rt_logging.obj
 0001:0000e5f0       _rt_StopDataLogging        1000f5f0 f   rt_logging.obj
 0001:0000e610       _rt_StopDataLoggingImpl    1000f610 f   rt_logging.obj
 0001:0000e940       _rt_UpdateLogVar           1000f940 f   rt_logging.obj
 0001:0000fa60       _rt_UpdateStructLogVar     10010a60 f   rt_logging.obj
 0001:0000faf0       _rt_UpdateTXXFYLogVars     10010af0 f   rt_logging.obj
 0001:0000fe20       _rt_UpdateTXYLogVars       10010e20 f   rt_logging.obj
 0001:00010070       _sprintf                   10011070 f i rt_logging.obj
 0001:000100b0       _DllMain@12                100110b0 f   xpctarget.obj
 0001:000100c0       _E_stopnew_ChangeStepSize  100110c0 f   xpctarget.obj
 0001:00010130       _SLRTSetErrorStatus        10011130 f   xpctarget.obj
 0001:00010150       _changeStepSize            10011150 f   xpctarget.obj
 0001:000101c0       _getDLMVersion             100111c0 f   xpctarget.obj
 0001:000101d0       _getRefMdlPath             100111d0 f   xpctarget.obj
 0001:00010250       _getRefMdlSignalNumber     10011250 f   xpctarget.obj
 0001:00010300       _getrlmdlinfo              10011300 f   xpctarget.obj
 0001:000104e0       _updateDiscreteEvents      100114e0 f   xpctarget.obj
 0001:00010540       _getNumRef                 10011540 f   appmappingData.obj
 0001:00010550       _vprintf                   10011550 f i legacy_stdio.obj
 0001:00010590       _adquanserq8               10011590 f   adquanserq8.obj
 0001:00010cb0       _daquanserq8               10011cb0 f   daquanserq8.obj
 0001:00011620       _GetPCIDeviceFull          10012620 f   xpcruntime:xpcimports.obj
 0001:00011660       _ShowPCIDevice             10012660 f   xpcruntime:xpcimports.obj
 0001:00011e20       _xpcGetPciConfigAtSlot     10012e20 f   xpcruntime:xpcimports.obj
 0001:00012130       _xpcInitProcs              10013130 f   xpcruntime:xpcimports.obj
 0001:00013490       _xpceuploadevent           10014490 f   xpcruntime:xpcimports.obj
 0001:000134a0       __ftoui3                   100144a0 f   LIBCMT:_ftol3_.obj
 0001:000134af       __ftoul3                   100144af f   LIBCMT:_ftol3_.obj
 0001:000134be       __ftol3                    100144be f   LIBCMT:_ftol3_.obj
 0001:000134cb       __ftol3_NaN                100144cb f   LIBCMT:_ftol3_.obj
 0001:000134e3       __ftol3_work               100144e3 f   LIBCMT:_ftol3_.obj
 0001:00013569       __ftol3_common             10014569 f   LIBCMT:_ftol3_.obj
 0001:0001362b       __ftol3_arg_error          1001462b f   LIBCMT:_ftol3_.obj
 0001:0001363d       __ftol3_except             1001463d f   LIBCMT:_ftol3_.obj
 0001:00013681       __dtoui3                   10014681 f   LIBCMT:_ftol3_.obj
 0001:00013690       __dtoul3                   10014690 f   LIBCMT:_ftol3_.obj
 0001:0001369f       __dtol3                    1001469f f   LIBCMT:_ftol3_.obj
 0001:000136ac       __dtol3_NaN                100146ac f   LIBCMT:_ftol3_.obj
 0001:000136c9       __dtol3_work               100146c9 f   LIBCMT:_ftol3_.obj
 0001:000137b0       __ultod3                   100147b0 f   LIBCMT:_ftol3_.obj
 0001:000137f0       __ltod3                    100147f0 f   LIBCMT:_ftol3_.obj
 0001:000138f4       ___raise_securityfailure   100148f4 f   LIBCMT:gs_report.obj
 0001:00013926       ___report_gsfailure        10014926 f   LIBCMT:gs_report.obj
 0001:00013a5f       ___report_rangecheckfailure 10014a5f f   LIBCMT:gs_report.obj
 0001:00013a6e       ___report_securityfailure  10014a6e f   LIBCMT:gs_report.obj
 0001:00013b72       ___report_securityfailureEx 10014b72 f   LIBCMT:gs_report.obj
 0001:00013ccd       @__security_check_cookie@4 10014ccd f   LIBCMT:_secchk_.obj
 0001:00013ce2       ___isa_available_init      10014ce2 f   LIBCMT:_cpu_disp_.obj
 0001:000142aa       __CRT_INIT@12              100152aa f   LIBCMT:dll_dllmain.obj
 0001:000142b5       __DllMainCRTStartup@12     100152b5 f   LIBCMT:dll_dllmain.obj
 0001:000142e0       ??$__crt_fast_decode_pointer@PAP6AXXZ@@YAPAP6AXXZQAP6AXXZ@Z 100152e0 f i LIBCMT:utility.obj
 0001:000142f9       ??$__crt_fast_encode_pointer@PAP6AXXZ@@YAPAP6AXXZQAP6AXXZ@Z 100152f9 f i LIBCMT:utility.obj
 0001:0001431d       ?__crt_rotate_pointer_value@@YAIIH@Z 1001531d f i LIBCMT:utility.obj
 0001:0001432d       ?configure_argv@__scrt_narrow_argv_policy@@SAHXZ 1001532d f i LIBCMT:utility.obj
 0001:000143d1       _NtCurrentTeb              100153d1 f i LIBCMT:utility.obj
 0001:000143d8       ___scrt_acquire_startup_lock 100153d8 f   LIBCMT:utility.obj
 0001:0001441a       ___scrt_dllmain_after_initialize_c 1001541a f   LIBCMT:utility.obj
 0001:0001444f       ___scrt_dllmain_before_initialize_c 1001544f f   LIBCMT:utility.obj
 0001:00014460       ___scrt_dllmain_crt_thread_attach 10015460 f   LIBCMT:utility.obj
 0001:00014486       ___scrt_dllmain_crt_thread_detach 10015486 f   LIBCMT:utility.obj
 0001:00014496       ___scrt_dllmain_exception_filter 10015496 f   LIBCMT:utility.obj
 0001:000144d5       ___scrt_dllmain_uninitialize_c 100154d5 f   LIBCMT:utility.obj
 0001:00014500       ___scrt_dllmain_uninitialize_critical 10015500 f   LIBCMT:utility.obj
 0001:00014510       ___scrt_initialize_crt     10015510 f   LIBCMT:utility.obj
 0001:00014557       ___scrt_initialize_onexit_tables 10015557 f   LIBCMT:utility.obj
 0001:00014613       ___scrt_is_nonwritable_in_current_image 10015613 f   LIBCMT:utility.obj
 0001:000146bf       ___scrt_release_startup_lock 100156bf f   LIBCMT:utility.obj
 0001:000146e3       ___scrt_uninitialize_crt   100156e3 f   LIBCMT:utility.obj
 0001:00014715       __onexit                   10015715 f   LIBCMT:utility.obj
 0001:0001475e       _at_quick_exit             1001575e f   LIBCMT:utility.obj
 0001:0001479b       _atexit                    1001579b f   LIBCMT:utility.obj
 0001:000147b5       ___security_init_cookie    100157b5 f   LIBCMT:gs_support.obj
 0001:00014878       ?__scrt_initialize_type_info@@YAXXZ 10015878 f   LIBCMT:tncleanup.obj
 0001:00014887       ?__scrt_uninitialize_type_info@@YAXXZ 10015887 f   LIBCMT:tncleanup.obj
 0001:00014896       ___local_stdio_scanf_options 10015896 f i LIBCMT:default_local_stdio_options.obj
 0001:0001489c       ___scrt_initialize_default_local_stdio_options 1001589c f   LIBCMT:default_local_stdio_options.obj
 0001:000148c0       ___scrt_get_dyn_tls_init_callback 100158c0 f   LIBCMT:dyn_tls_init.obj
 0001:000148c6       ___scrt_fastfail           100158c6 f   LIBCMT:utility_desktop.obj
 0001:00014a27       ___scrt_get_show_window_mode 10015a27 f   LIBCMT:utility_desktop.obj
 0001:00014a66       ___scrt_initialize_winrt   10015a66 f   LIBCMT:utility_desktop.obj
 0001:00014a69       ___scrt_is_managed_app     10015a69 f   LIBCMT:utility_desktop.obj
 0001:00014abe       ___scrt_set_unhandled_exception_filter 10015abe f   LIBCMT:utility_desktop.obj
 0001:00014acd       ___scrt_unhandled_exception_filter@4 10015acd f   LIBCMT:utility_desktop.obj
 0001:00014b1e       __crt_debugger_hook        10015b1e f   LIBCMT:utility_desktop.obj
 0001:00014b28       __RTC_Initialize           10015b28 f   LIBCMT:_initsect_.obj
 0001:00014b5d       __RTC_Terminate            10015b5d f   LIBCMT:_initsect_.obj
 0001:00014b92       @_guard_check_icall@4      10015b92 f i LIBCMT:checkcfg.obj
 0001:00014ba0       __SEH_prolog4              10015ba0 f   LIBCMT:_sehprolg4_.obj
 0001:00014be6       __SEH_epilog4              10015be6 f   LIBCMT:_sehprolg4_.obj
 0001:00014c11       __get_startup_argv_mode    10015c11 f   LIBCMT:argv_mode.obj
 0001:00014c15       ___scrt_is_ucrt_dll_in_use 10015c15 f   LIBCMT:ucrt_detection.obj
 0001:00014c24       @_guard_check_icall_nop@4  10015c24 f i LIBCMT:guard_support.obj
 0001:00014c25       __guard_icall_checks_enforced 10015c25 f i LIBCMT:guard_support.obj
 0001:00014c3c       _GetModuleHandleA@4        10015c3c f   kernel32:KERNEL32.dll
 0001:00014c42       _GetProcAddress@8          10015c42 f   kernel32:KERNEL32.dll
 0001:00014c48       _UnhandledExceptionFilter@4 10015c48 f   kernel32:KERNEL32.dll
 0001:00014c4e       _SetUnhandledExceptionFilter@4 10015c4e f   kernel32:KERNEL32.dll
 0001:00014c54       _GetCurrentProcess@0       10015c54 f   kernel32:KERNEL32.dll
 0001:00014c5a       _TerminateProcess@8        10015c5a f   kernel32:KERNEL32.dll
 0001:00014c60       _IsProcessorFeaturePresent@4 10015c60 f   kernel32:KERNEL32.dll
 0001:00014c66       _QueryPerformanceCounter@4 10015c66 f   kernel32:KERNEL32.dll
 0001:00014c6c       _GetCurrentProcessId@0     10015c6c f   kernel32:KERNEL32.dll
 0001:00014c72       _GetCurrentThreadId@0      10015c72 f   kernel32:KERNEL32.dll
 0001:00014c78       _GetSystemTimeAsFileTime@4 10015c78 f   kernel32:KERNEL32.dll
 0001:00014c7e       _InitializeSListHead@4     10015c7e f   kernel32:KERNEL32.dll
 0001:00014c84       _IsDebuggerPresent@0       10015c84 f   kernel32:KERNEL32.dll
 0001:00014c8a       _GetStartupInfoW@4         10015c8a f   kernel32:KERNEL32.dll
 0001:00014c90       _GetModuleHandleW@4        10015c90 f   kernel32:KERNEL32.dll
 0001:00014ca0       _memset                    10015ca0 f   libvcruntime:memset.obj
 0001:00014e50       _memcpy                    10015e50 f   libvcruntime:memcpy.obj
 0001:00015530       _memmove                   10016530 f   libvcruntime:memmove.obj
 0001:00015c10       _strchr                    10016c10 f   libvcruntime:strchr.obj
 0001:00015c7e       ___from_strstr_to_strchr   10016c7e     libvcruntime:strchr.obj
 0001:00015dd0       __except_handler4          10016dd0 f   libvcruntime:_chandler4_.obj
 0001:00015f8f       ___vcrt_initialize         10016f8f f   libvcruntime:initialization.obj
 0001:00015fc2       ___vcrt_thread_attach      10016fc2 f   libvcruntime:initialization.obj
 0001:00015fcf       ___vcrt_thread_detach      10016fcf f   libvcruntime:initialization.obj
 0001:00015fdc       ___vcrt_uninitialize       10016fdc f   libvcruntime:initialization.obj
 0001:00016002       ___vcrt_uninitialize_critical 10017002 f   libvcruntime:initialization.obj
 0001:0001601d       ??$?RD@__crt_internal_free_policy@@QBEXQBD@Z 1001701d f i libvcruntime:std_type_info.obj
 0001:00016031       ??$?RX@__crt_internal_free_policy@@QBEXQBX@Z 10017031 f i libvcruntime:std_type_info.obj
 0001:00016045       ??$__crt_interlocked_compare_exchange_pointer@$$CBD$$T$$T@@YAPBDPDSBD$$T1@Z 10017045 f i libvcruntime:std_type_info.obj
 0001:0001605b       ??$__crt_interlocked_compare_exchange_pointer@$$CBDPAD$$T@@YAPBDPDSBDQAD$$T@Z 1001705b f i libvcruntime:std_type_info.obj
 0001:00016071       ??$__crt_interlocked_read_pointer@$$CBD@@YAPBDPDSBD@Z 10017071 f i libvcruntime:std_type_info.obj
 0001:00016085       ??0?$__crt_unique_heap_ptr@DU__crt_internal_free_policy@@@@QAE@QAD@Z 10017085 f i libvcruntime:std_type_info.obj
 0001:00016096       ??0?$__crt_unique_heap_ptr@XU__crt_internal_free_policy@@@@QAE@QAX@Z 10017096 f i libvcruntime:std_type_info.obj
 0001:000160a7       ??1?$__crt_unique_heap_ptr@DU__crt_internal_free_policy@@@@QAE@XZ 100170a7 f i libvcruntime:std_type_info.obj
 0001:000160bb       ??1?$__crt_unique_heap_ptr@XU__crt_internal_free_policy@@@@QAE@XZ 100170bb f i libvcruntime:std_type_info.obj
 0001:000160db       ??B?$__crt_unique_heap_ptr@DU__crt_internal_free_policy@@@@QBE_NXZ 100170db f i libvcruntime:std_type_info.obj
 0001:000160e2       ??B?$__crt_unique_heap_ptr@XU__crt_internal_free_policy@@@@QBE_NXZ 100170e2 f i libvcruntime:std_type_info.obj
 0001:00016111       ?detach@?$__crt_unique_heap_ptr@XU__crt_internal_free_policy@@@@QAEPAXXZ 10017111 f i libvcruntime:std_type_info.obj
 0001:00016117       ?get@?$__crt_unique_heap_ptr@DU__crt_internal_free_policy@@@@QBEPADXZ 10017117 f i libvcruntime:std_type_info.obj
 0001:0001611a       ?get@?$__crt_unique_heap_ptr@XU__crt_internal_free_policy@@@@QBEPAXXZ 1001711a f i libvcruntime:std_type_info.obj
 0001:0001611d       ?is_valid@?$__crt_unique_heap_ptr@DU__crt_internal_free_policy@@@@QBE_NXZ 1001711d f i libvcruntime:std_type_info.obj
 0001:00016124       ?is_valid@?$__crt_unique_heap_ptr@XU__crt_internal_free_policy@@@@QBE_NXZ 10017124 f i libvcruntime:std_type_info.obj
 0001:0001612b       ?release@?$__crt_unique_heap_ptr@DU__crt_internal_free_policy@@@@QAEXXZ 1001712b f i libvcruntime:std_type_info.obj
 0001:0001613f       ?release@?$__crt_unique_heap_ptr@XU__crt_internal_free_policy@@@@QAEXXZ 1001713f f i libvcruntime:std_type_info.obj
 0001:00016153       ___std_type_info_compare   10017153 f   libvcruntime:std_type_info.obj
 0001:0001619e       ___std_type_info_destroy_list 1001719e f   libvcruntime:std_type_info.obj
 0001:000161c9       ___std_type_info_hash      100171c9 f   libvcruntime:std_type_info.obj
 0001:000161f8       ___std_type_info_name      100171f8 f   libvcruntime:std_type_info.obj
 0001:00016300       __local_unwind4            10017300 f   libvcruntime:_exsup4_.obj
 0001:000163d6       __seh_longjmp_unwind4@4    100173d6 f   libvcruntime:_exsup4_.obj
 0001:000163fe       @_EH4_CallFilterFunc@8     100173fe f   libvcruntime:_exsup4_.obj
 0001:00016415       @_EH4_TransferToHandler@8  10017415 f   libvcruntime:_exsup4_.obj
 0001:0001642e       @_EH4_GlobalUnwind2@8      1001742e f   libvcruntime:_exsup4_.obj
 0001:00016447       @_EH4_LocalUnwind@16       10017447 f   libvcruntime:_exsup4_.obj
 0001:000164b5       ___except_validate_context_record 100174b5 f   libvcruntime:jbcxrval.obj
 0001:000164b6       ___except_validate_jump_buffer 100174b6 f   libvcruntime:jbcxrval.obj
 0001:000164b7       ??$?RU__vcrt_ptd@@@__crt_internal_free_policy@@QBEXQBU__vcrt_ptd@@@Z 100174b7 f i libvcruntime:per_thread_data.obj
 0001:000164cb       ??0?$__crt_unique_heap_ptr@U__vcrt_ptd@@U__crt_internal_free_policy@@@@QAE@QAU__vcrt_ptd@@@Z 100174cb f i libvcruntime:per_thread_data.obj
 0001:000164ee       ??1?$__crt_unique_heap_ptr@U__vcrt_ptd@@U__crt_internal_free_policy@@@@QAE@XZ 100174ee f i libvcruntime:per_thread_data.obj
 0001:0001650d       ??B?$__crt_unique_heap_ptr@U__vcrt_ptd@@U__crt_internal_free_policy@@@@QBE_NXZ 1001750d f i libvcruntime:per_thread_data.obj
 0001:00016514       ?detach@?$__crt_unique_heap_ptr@U__vcrt_ptd@@U__crt_internal_free_policy@@@@QAEPAU__vcrt_ptd@@XZ 10017514 f i libvcruntime:per_thread_data.obj
 0001:0001651a       ?get@?$__crt_unique_heap_ptr@U__vcrt_ptd@@U__crt_internal_free_policy@@@@QBEPAU__vcrt_ptd@@XZ 1001751a f i libvcruntime:per_thread_data.obj
 0001:0001651d       ?is_valid@?$__crt_unique_heap_ptr@U__vcrt_ptd@@U__crt_internal_free_policy@@@@QBE_NXZ 1001751d f i libvcruntime:per_thread_data.obj
 0001:00016524       ?release@?$__crt_unique_heap_ptr@U__vcrt_ptd@@U__crt_internal_free_policy@@@@QAEXXZ 10017524 f i libvcruntime:per_thread_data.obj
 0001:00016558       ___vcrt_freefls@4          10017558 f   libvcruntime:per_thread_data.obj
 0001:0001657b       ___vcrt_freeptd            1001757b f   libvcruntime:per_thread_data.obj
 0001:000165be       ___vcrt_getptd             100175be f   libvcruntime:per_thread_data.obj
 0001:000165cf       ___vcrt_getptd_noexit      100175cf f   libvcruntime:per_thread_data.obj
 0001:00016685       ___vcrt_initialize_ptd     10017685 f   libvcruntime:per_thread_data.obj
 0001:000166c4       ___vcrt_uninitialize_ptd   100176c4 f   libvcruntime:per_thread_data.obj
 0001:000166e5       ___vcrt_initialize_locks   100176e5 f   libvcruntime:locks.obj
 0001:00016730       ___vcrt_lock               10017730 f   libvcruntime:locks.obj
 0001:0001674a       ___vcrt_uninitialize_locks 1001774a f   libvcruntime:locks.obj
 0001:00016784       ___vcrt_unlock             10017784 f   libvcruntime:locks.obj
 0001:0001679e       ??$?BX@__crt_fast_encoded_nullptr_t@@QBEPAXXZ 1001779e f i libvcruntime:winapi_downlevel.obj
 0001:000167bc       ??$__crt_fast_decode_pointer@PAX@@YAPAXQAX@Z 100177bc f i libvcruntime:winapi_downlevel.obj
 0001:000167d5       ??$__crt_fast_encode_pointer@PAX@@YAPAXQAX@Z 100177d5 f i libvcruntime:winapi_downlevel.obj
 0001:000167f9       ??$__crt_interlocked_compare_exchange_pointer@UHINSTANCE__@@$$T$$T@@YAPAUHINSTANCE__@@PDSAU0@$$T1@Z 100177f9 f i libvcruntime:winapi_downlevel.obj
 0001:0001680f       ??$__crt_interlocked_compare_exchange_pointer@X$$T$$T@@YAPAXPDSAX$$T1@Z 1001780f f i libvcruntime:winapi_downlevel.obj
 0001:00016825       ??$__crt_interlocked_exchange_pointer@UHINSTANCE__@@PAU1@@@YAPAUHINSTANCE__@@PDSAU0@QAU0@@Z 10017825 f i libvcruntime:winapi_downlevel.obj
 0001:00016835       ??$__crt_interlocked_exchange_pointer@UHINSTANCE__@@PAX@@YAPAUHINSTANCE__@@PDSAU0@QAX@Z 10017835 f i libvcruntime:winapi_downlevel.obj
 0001:00016845       ??$__crt_interlocked_exchange_pointer@XPAX@@YAPAXPDSAXQAX@Z 10017845 f i libvcruntime:winapi_downlevel.obj
 0001:00016855       ??$__crt_interlocked_read_pointer@UHINSTANCE__@@@@YAPAUHINSTANCE__@@PDSAU0@@Z 10017855 f i libvcruntime:winapi_downlevel.obj
 0001:00016869       ??$__crt_interlocked_read_pointer@X@@YAPAXPDSAX@Z 10017869 f i libvcruntime:winapi_downlevel.obj
 0001:0001687d       ?__crt_fast_encode_pointer@@YA?AU__crt_fast_encoded_nullptr_t@@$$T@Z 1001787d f i libvcruntime:winapi_downlevel.obj
 0001:00016bc1       ___vcrt_EventRegister      10017bc1 f   libvcruntime:winapi_downlevel.obj
 0001:00016c11       ___vcrt_EventSetInformation 10017c11 f   libvcruntime:winapi_downlevel.obj
 0001:00016c64       ___vcrt_EventUnregister    10017c64 f   libvcruntime:winapi_downlevel.obj
 0001:00016cac       ___vcrt_EventWriteTransfer 10017cac f   libvcruntime:winapi_downlevel.obj
 0001:00016d07       ___vcrt_FlsAlloc           10017d07 f   libvcruntime:winapi_downlevel.obj
 0001:00016d4f       ___vcrt_FlsFree            10017d4f f   libvcruntime:winapi_downlevel.obj
 0001:00016d97       ___vcrt_FlsGetValue        10017d97 f   libvcruntime:winapi_downlevel.obj
 0001:00016ddf       ___vcrt_FlsSetValue        10017ddf f   libvcruntime:winapi_downlevel.obj
 0001:00016e2b       ___vcrt_InitializeCriticalSectionEx 10017e2b f   libvcruntime:winapi_downlevel.obj
 0001:00016e82       ___vcrt_initialize_winapi_thunks 10017e82 f   libvcruntime:winapi_downlevel.obj
 0001:00016eca       ___vcrt_uninitialize_winapi_thunks 10017eca f   libvcruntime:winapi_downlevel.obj
 0001:00016f08       ??$?B$$A6AXXZ@__crt_fast_encoded_nullptr_t@@QBEP6AXXZXZ 10017f08 f i libvcruntime:purevirt_data.obj
 0001:00016f26       ??$__crt_fast_encode_pointer@P6AXXZ@@YAP6AXXZQ6AXXZ@Z 10017f26 f i libvcruntime:purevirt_data.obj
 0001:00016f4a       ___vcrt_initialize_pure_virtual_call_handler 10017f4a f   libvcruntime:purevirt_data.obj
 0001:00016f6e       ??$__vcrt_va_start_verify_argument_type@QBD@@YAXXZ 10017f6e f i libvcruntime:undname.obj
 0001:00016f6f       ??0Block@_HeapManager@@QAE@XZ 10017f6f f i libvcruntime:undname.obj
 0001:00016f75       ??0DName@@QAE@AAPBDD@Z     10017f75 f   libvcruntime:undname.obj
 0001:0001705c       ??0DName@@QAE@ABV0@@Z      1001805c f i libvcruntime:undname.obj
 0001:00017077       ??0DName@@QAE@D@Z          10018077 f   libvcruntime:undname.obj
 0001:000170ae       ??0DName@@QAE@PAV0@@Z      100180ae f   libvcruntime:undname.obj
 0001:0001710e       ??0DName@@QAE@PBD@Z        1001810e f   libvcruntime:undname.obj
 0001:00017156       ??0DName@@QAE@W4DNameStatus@@@Z 10018156 f   libvcruntime:undname.obj
 0001:000171a9       ??0DName@@QAE@XZ           100181a9 f i libvcruntime:undname.obj
 0001:000171be       ??0DName@@QAE@_J@Z         100181be f   libvcruntime:undname.obj
 0001:00017278       ??0DName@@QAE@_K@Z         10018278 f   libvcruntime:undname.obj
 0001:00017302       ??0DNameNode@@IAE@XZ       10018302 f   libvcruntime:undname.obj
 0001:0001730d       ??0DNameStatusNode@@AAE@W4DNameStatus@@@Z 1001830d f   libvcruntime:undname.obj
 0001:00017338       ??0Replicator@@QAE@XZ      10018338 f i libvcruntime:undname.obj
 0001:0001733e       ??0UnDecorator@@QAE@PADPBDHP6APADJ@ZK@Z 1001833e f i libvcruntime:undname.obj
 0001:000173c1       ??0charNode@@QAE@D@Z       100183c1 f   libvcruntime:undname.obj
 0001:000173db       ??0pDNameNode@@QAE@PAVDName@@@Z 100183db f   libvcruntime:undname.obj
 0001:0001740d       ??0pairNode@@QAE@PAVDNameNode@@0@Z 1001840d f   libvcruntime:undname.obj
 0001:00017433       ??0pcharNode@@QAE@PBDH@Z   10018433 f   libvcruntime:undname.obj
 0001:000174a2       ??2@YAPAXIAAV_HeapManager@@H@Z 100184a2 f i libvcruntime:undname.obj
 0001:000174bc       ??4DName@@QAEAAV0@ABV0@@Z  100184bc f   libvcruntime:undname.obj
 0001:000174d7       ??4DName@@QAEAAV0@D@Z      100184d7 f i libvcruntime:undname.obj
 0001:0001750e       ??4DName@@QAEAAV0@PAV0@@Z  1001850e f   libvcruntime:undname.obj
 0001:00017569       ??4DName@@QAEAAV0@PBD@Z    10018569 f   libvcruntime:undname.obj
 0001:000175a7       ??4DName@@QAEAAV0@W4DNameStatus@@@Z 100185a7 f   libvcruntime:undname.obj
 0001:000175e9       ??AReplicator@@QBE?AVDName@@H@Z 100185e9 f   libvcruntime:undname.obj
 0001:00017634       ??BUnDecorator@@QAEPADXZ   10018634 f i libvcruntime:undname.obj
 0001:0001780b       ??H@YA?AVDName@@DABV0@@Z   1001880b f i libvcruntime:undname.obj
 0001:00017838       ??H@YA?AVDName@@PBDABV0@@Z 10018838 f i libvcruntime:undname.obj
 0001:00017865       ??H@YA?AVDName@@W4DNameStatus@@ABV0@@Z 10018865 f i libvcruntime:undname.obj
 0001:00017892       ??HDName@@QBE?AV0@ABV0@@Z  10018892 f   libvcruntime:undname.obj
 0001:000178bc       ??HDName@@QBE?AV0@D@Z      100188bc f   libvcruntime:undname.obj
 0001:000178e6       ??HDName@@QBE?AV0@PAV0@@Z  100188e6 f   libvcruntime:undname.obj
 0001:00017910       ??HDName@@QBE?AV0@PBD@Z    10018910 f   libvcruntime:undname.obj
 0001:0001793a       ??HDName@@QBE?AV0@W4DNameStatus@@@Z 1001893a f   libvcruntime:undname.obj
 0001:00017964       ??YDName@@QAEAAV0@ABV0@@Z  10018964 f   libvcruntime:undname.obj
 0001:000179b7       ??YDName@@QAEAAV0@D@Z      100189b7 f   libvcruntime:undname.obj
 0001:00017a1b       ??YDName@@QAEAAV0@PAV0@@Z  10018a1b f   libvcruntime:undname.obj
 0001:00017a99       ??YDName@@QAEAAV0@PBD@Z    10018a99 f   libvcruntime:undname.obj
 0001:00017b12       ??YDName@@QAEAAV0@W4DNameStatus@@@Z 10018b12 f   libvcruntime:undname.obj
 0001:00017b62       ??YReplicator@@QAEAAV0@ABVDName@@@Z 10018b62 f   libvcruntime:undname.obj
 0001:00017bbe       ??_5DName@@QAEAAV0@ABV0@@Z 10018bbe f   libvcruntime:undname.obj
 0001:00017be1       ?Constructor@_HeapManager@@QAEXP6APAXI@ZP6AXPAX@Z@Z 10018be1 f i libvcruntime:undname.obj
 0001:00017c05       ?Destructor@_HeapManager@@QAEXXZ 10018c05 f i libvcruntime:undname.obj
 0001:00017c4c       ?UScore@UnDecorator@@SAPBDW4Tokens@@@Z 10018c4c f   libvcruntime:undname.obj
 0001:00017c70       ?append@DName@@AAEXPAVDNameNode@@@Z 10018c70 f   libvcruntime:undname.obj
 0001:00017cc7       ?composeDeclaration@UnDecorator@@CA?AVDName@@ABV2@@Z 10018cc7 f i libvcruntime:undname.obj
 0001:00018d02       ?doAccessSpecifiers@UnDecorator@@SAHXZ 10019d02 f i libvcruntime:undname.obj
 0001:00018d13       ?doAllocationLanguage@UnDecorator@@SAHXZ 10019d13 f i libvcruntime:undname.obj
 0001:00018d24       ?doAllocationModel@UnDecorator@@SAHXZ 10019d24 f i libvcruntime:undname.obj
 0001:00018d35       ?doEcsu@UnDecorator@@SAHXZ 10019d35 f i libvcruntime:undname.obj
 0001:00018d46       ?doEllipsis@UnDecorator@@SAHXZ 10019d46 f i libvcruntime:undname.obj
 0001:00018d57       ?doFunctionReturns@UnDecorator@@SAHXZ 10019d57 f i libvcruntime:undname.obj
 0001:00018d68       ?doMSKeywords@UnDecorator@@SAHXZ 10019d68 f i libvcruntime:undname.obj
 0001:00018d78       ?doMemberTypes@UnDecorator@@SAHXZ 10019d78 f i libvcruntime:undname.obj
 0001:00018d89       ?doNameOnly@UnDecorator@@SAHXZ 10019d89 f i libvcruntime:undname.obj
 0001:00018d96       ?doNoIdentCharCheck@UnDecorator@@SAHXZ 10019d96 f i libvcruntime:undname.obj
 0001:00018da3       ?doPchar@DName@@AAEXPBDH@Z 10019da3 f   libvcruntime:undname.obj
 0001:00018e4f       ?doPtr64@UnDecorator@@SAHXZ 10019e4f f i libvcruntime:undname.obj
 0001:00018e60       ?doRestrictionSpec@UnDecorator@@SAHXZ 10019e60 f i libvcruntime:undname.obj
 0001:00018e71       ?doThisTypes@UnDecorator@@SAHXZ 10019e71 f i libvcruntime:undname.obj
 0001:00018e87       ?doThrowTypes@UnDecorator@@SAHXZ 10019e87 f i libvcruntime:undname.obj
 0001:00018e98       ?doTypeOnly@UnDecorator@@SAHXZ 10019e98 f i libvcruntime:undname.obj
 0001:00018ea5       ?doUnderScore@UnDecorator@@SAHXZ 10019ea5 f i libvcruntime:undname.obj
 0001:00018eb2       ?getArgumentList@UnDecorator@@CA?AVDName@@XZ 10019eb2 f   libvcruntime:undname.obj
 0001:00019001       ?getArgumentTypes@UnDecorator@@CA?AVDName@@XZ 1001a001 f   libvcruntime:undname.obj
 0001:00019119       ?getArrayType@UnDecorator@@CA?AVDName@@ABV2@@Z 1001a119 f i libvcruntime:undname.obj
 0001:0001939b       ?getBasedType@UnDecorator@@CA?AVDName@@XZ 1001a39b f   libvcruntime:undname.obj
 0001:0001945a       ?getBasicDataType@UnDecorator@@CA?AVDName@@ABV2@@Z 1001a45a f   libvcruntime:undname.obj
 0001:00019944       ?getCallIndex@UnDecorator@@CA?AVDName@@XZ 1001a944 f i libvcruntime:undname.obj
 0001:0001995d       ?getCallingConvention@UnDecorator@@CA?AVDName@@XZ 1001a95d f   libvcruntime:undname.obj
 0001:00019a4b       ?getDataIndirectType@UnDecorator@@CA?AVDName@@ABV2@PBD0H@Z 1001aa4b f   libvcruntime:undname.obj
 0001:0001a1f6       ?getDataIndirectType@UnDecorator@@CA?AVDName@@XZ 1001b1f6 f i libvcruntime:undname.obj
 0001:0001a23d       ?getDataType@UnDecorator@@CA?AVDName@@PAV2@@Z 1001b23d f   libvcruntime:undname.obj
 0001:0001a343       ?getDecoratedName@UnDecorator@@CA?AVDName@@XZ 1001b343 f   libvcruntime:undname.obj
 0001:0001a622       ?getDimension@UnDecorator@@CA?AVDName@@_N@Z 1001b622 f   libvcruntime:undname.obj
 0001:0001a7a6       ?getDispatchTarget@UnDecorator@@CA?AVDName@@XZ 1001b7a6 f   libvcruntime:undname.obj
 0001:0001a817       ?getDisplacement@UnDecorator@@CA?AVDName@@XZ 1001b817 f i libvcruntime:undname.obj
 0001:0001a830       ?getECSUDataType@UnDecorator@@CA?AVDName@@XZ 1001b830 f   libvcruntime:undname.obj
 0001:0001a994       ?getECSUName@UnDecorator@@CA?AVDName@@XZ 1001b994 f i libvcruntime:undname.obj
 0001:0001a9a9       ?getEnumType@UnDecorator@@CA?AVDName@@XZ 1001b9a9 f i libvcruntime:undname.obj
 0001:0001aad0       ?getExtendedDataIndirectType@UnDecorator@@CA?AVDName@@AAPBDAA_NH@Z 1001bad0 f   libvcruntime:undname.obj
 0001:0001ace3       ?getExternalDataType@UnDecorator@@CA?AVDName@@ABV2@@Z 1001bce3 f i libvcruntime:undname.obj
 0001:0001ad7a       ?getFunctionIndirectType@UnDecorator@@CA?AVDName@@ABV2@@Z 1001bd7a f   libvcruntime:undname.obj
 0001:0001b285       ?getGuardNumber@UnDecorator@@CA?AVDName@@XZ 1001c285 f i libvcruntime:undname.obj
 0001:0001b29e       ?getLastChar@DName@@QBEDXZ 1001c29e f i libvcruntime:undname.obj
 0001:0001b2c4       ?getLastChar@DNameStatusNode@@UBEDXZ 1001c2c4 f i libvcruntime:undname.obj
 0001:0001b2d3       ?getLastChar@charNode@@UBEDXZ 1001c2d3 f i libvcruntime:undname.obj
 0001:0001b2d7       ?getLastChar@pDNameNode@@UBEDXZ 1001c2d7 f i libvcruntime:undname.obj
 0001:0001b2e8       ?getLastChar@pairNode@@UBEDXZ 1001c2e8 f i libvcruntime:undname.obj
 0001:0001b327       ?getLastChar@pcharNode@@UBEDXZ 1001c327 f i libvcruntime:undname.obj
 0001:0001b33d       ?getLexicalFrame@UnDecorator@@CA?AVDName@@XZ 1001c33d f i libvcruntime:undname.obj
 0001:0001b389       ?getMemory@_HeapManager@@QAEPAXIH@Z 1001c389 f   libvcruntime:undname.obj
 0001:0001b43a       ?getNumberOfDimensions@UnDecorator@@CAHXZ 1001c43a f   libvcruntime:undname.obj
 0001:0001b4b3       ?getOperatorName@UnDecorator@@CA?AVDName@@_NPA_N@Z 1001c4b3 f i libvcruntime:undname.obj
 0001:0001bc63       ?getPointerType@UnDecorator@@CA?AVDName@@ABV2@0@Z 1001cc63 f i libvcruntime:undname.obj
 0001:0001bc88       ?getPointerTypeArray@UnDecorator@@CA?AVDName@@ABV2@0@Z 1001cc88 f i libvcruntime:undname.obj
 0001:0001bcad       ?getPrimaryDataType@UnDecorator@@CA?AVDName@@ABV2@@Z 1001ccad f   libvcruntime:undname.obj
 0001:0001bf1e       ?getPtrRefDataType@UnDecorator@@CA?AVDName@@ABV2@H@Z 1001cf1e f   libvcruntime:undname.obj
 0001:0001c060       ?getPtrRefType@UnDecorator@@CA?AVDName@@ABV2@0PBD@Z 1001d060 f   libvcruntime:undname.obj
 0001:0001c19b       ?getReferenceType@UnDecorator@@CA?AVDName@@ABV2@0PBD@Z 1001d19b f i libvcruntime:undname.obj
 0001:0001c1be       ?getRestrictionSpec@UnDecorator@@CA?AVDName@@XZ 1001d1be f   libvcruntime:undname.obj
 0001:0001c2ec       ?getReturnType@UnDecorator@@CA?AVDName@@PAV2@@Z 1001d2ec f   libvcruntime:undname.obj
 0001:0001c326       ?getScope@UnDecorator@@CA?AVDName@@XZ 1001d326 f   libvcruntime:undname.obj
 0001:0001c7fb       ?getScopedName@UnDecorator@@CA?AVDName@@XZ 1001d7fb f   libvcruntime:undname.obj
 0001:0001c934       ?getSignedDimension@UnDecorator@@CA?AVDName@@XZ 1001d934 f   libvcruntime:undname.obj
 0001:0001c99b       ?getStorageConvention@UnDecorator@@CA?AVDName@@XZ 1001d99b f i libvcruntime:undname.obj
 0001:0001c9b0       ?getString@DName@@QBEPADPAD0@Z 1001d9b0 f i libvcruntime:undname.obj
 0001:0001c9e7       ?getString@DName@@QBEPADPADH@Z 1001d9e7 f i libvcruntime:undname.obj
 0001:0001ca52       ?getString@DNameStatusNode@@UBEPADPAD0@Z 1001da52 f i libvcruntime:undname.obj
 0001:0001ca82       ?getString@charNode@@UBEPADPAD0@Z 1001da82 f i libvcruntime:undname.obj
 0001:0001ca9c       ?getString@pDNameNode@@UBEPADPAD0@Z 1001da9c f i libvcruntime:undname.obj
 0001:0001cab8       ?getString@pairNode@@UBEPADPAD0@Z 1001dab8 f i libvcruntime:undname.obj
 0001:0001cb0d       ?getString@pcharNode@@UBEPADPAD0@Z 1001db0d f i libvcruntime:undname.obj
 0001:0001cb2e       ?getStringEncoding@UnDecorator@@CA?AVDName@@PADH@Z 1001db2e f   libvcruntime:undname.obj
 0001:0001cbf9       ?getStringHelper@@YAPADPAD00H@Z 1001dbf9 f i libvcruntime:undname.obj
 0001:0001cc3d       ?getSymbolName@UnDecorator@@CA?AVDName@@XZ 1001dc3d f i libvcruntime:undname.obj
 0001:0001cc97       ?getTemplateArgumentList@UnDecorator@@CA?AVDName@@XZ 1001dc97 f   libvcruntime:undname.obj
 0001:0001cfe4       ?getTemplateConstant@UnDecorator@@CA?AVDName@@XZ 1001dfe4 f   libvcruntime:undname.obj
 0001:0001d3f9       ?getTemplateName@UnDecorator@@CA?AVDName@@_N@Z 1001e3f9 f   libvcruntime:undname.obj
 0001:0001d5a4       ?getThisType@UnDecorator@@CA?AVDName@@XZ 1001e5a4 f i libvcruntime:undname.obj
 0001:0001d5ec       ?getThrowTypes@UnDecorator@@CA?AVDName@@XZ 1001e5ec f   libvcruntime:undname.obj
 0001:0001d698       ?getTypeEncoding@UnDecorator@@CAHXZ 1001e698 f i libvcruntime:undname.obj
 0001:0001da94       ?getVCallThunkType@UnDecorator@@CA?AVDName@@XZ 1001ea94 f i libvcruntime:undname.obj
 0001:0001dadd       ?getVbTableType@UnDecorator@@CA?AVDName@@ABV2@@Z 1001eadd f i libvcruntime:undname.obj
 0001:0001daf7       ?getVdispMapType@UnDecorator@@CA?AVDName@@ABV2@@Z 1001eaf7 f i libvcruntime:undname.obj
 0001:0001db62       ?getVfTableType@UnDecorator@@CA?AVDName@@ABV2@@Z 1001eb62 f i libvcruntime:undname.obj
 0001:0001dd20       ?getZName@UnDecorator@@CA?AVDName@@_N0@Z 1001ed20 f   libvcruntime:undname.obj
 0001:0001dff0       ?haveTemplateParameters@UnDecorator@@SAHXZ 1001eff0 f i libvcruntime:undname.obj
 0001:0001dffd       ?isArray@DName@@QBEHXZ     1001effd f i libvcruntime:undname.obj
 0001:0001e009       ?isComArray@DName@@QBEHXZ  1001f009 f i libvcruntime:undname.obj
 0001:0001e015       ?isEmpty@DName@@QBEHXZ     1001f015 f i libvcruntime:undname.obj
 0001:0001e01f       ?isFull@Replicator@@QBEHXZ 1001f01f f i libvcruntime:undname.obj
 0001:0001e02a       ?isNoTE@DName@@QBEHXZ      1001f02a f i libvcruntime:undname.obj
 0001:0001e036       ?isPinPtr@DName@@QBEHXZ    1001f036 f i libvcruntime:undname.obj
 0001:0001e042       ?isPtrRef@DName@@QBEHXZ    1001f042 f i libvcruntime:undname.obj
 0001:0001e04e       ?isUDC@DName@@QBEHXZ       1001f04e f i libvcruntime:undname.obj
 0001:0001e063       ?isUDTThunk@DName@@QBEHXZ  1001f063 f i libvcruntime:undname.obj
 0001:0001e078       ?isVCallThunk@DName@@QBEHXZ 1001f078 f i libvcruntime:undname.obj
 0001:0001e084       ?isValid@DName@@QBEHXZ     1001f084 f i libvcruntime:undname.obj
 0001:0001e090       ?length@DName@@QBEHXZ      1001f090 f i libvcruntime:undname.obj
 0001:0001e0b5       ?length@DNameStatusNode@@UBEHXZ 1001f0b5 f i libvcruntime:undname.obj
 0001:0001e0b9       ?length@charNode@@UBEHXZ   1001f0b9 f i libvcruntime:undname.obj
 0001:0001e0bd       ?length@pDNameNode@@UBEHXZ 1001f0bd f i libvcruntime:undname.obj
 0001:0001e0ce       ?length@pairNode@@UBEHXZ   1001f0ce f i libvcruntime:undname.obj
 0001:0001e12a       ?length@pcharNode@@UBEHXZ  1001f12a f i libvcruntime:undname.obj
 0001:0001e12e       ?make@DNameStatusNode@@SAPAV1@W4DNameStatus@@@Z 1001f12e f i libvcruntime:undname.obj
 0001:0001e1d5       ?setIsArray@DName@@QAEXXZ  1001f1d5 f i libvcruntime:undname.obj
 0001:0001e1df       ?setIsComArray@DName@@QAEXXZ 1001f1df f i libvcruntime:undname.obj
 0001:0001e1e9       ?setIsNoTE@DName@@QAEXXZ   1001f1e9 f i libvcruntime:undname.obj
 0001:0001e1f3       ?setIsPinPtr@DName@@QAEXXZ 1001f1f3 f i libvcruntime:undname.obj
 0001:0001e1fd       ?setIsUDC@DName@@QAEXXZ    1001f1fd f i libvcruntime:undname.obj
 0001:0001e20d       ?setIsVCallThunk@DName@@QAEXXZ 1001f20d f i libvcruntime:undname.obj
 0001:0001e217       ?setPtrRef@DName@@QAEAAV1@XZ 1001f217 f i libvcruntime:undname.obj
 0001:0001e223       ?status@DName@@QBE?AW4DNameStatus@@XZ 1001f223 f i libvcruntime:undname.obj
 0001:0001e2a8       ___unDName                 1001f2a8 f   libvcruntime:undname.obj
 0001:0001e362       ___unDNameEx               1001f362 f   libvcruntime:undname.obj
 0001:0001e41c       __vsprintf_s_l             1001f41c f i libvcruntime:undname.obj
 0001:0001e454       _sprintf_s                 1001f454 f i libvcruntime:undname.obj
 0001:0001e480       __global_unwind2           1001f480 f   libvcruntime:_exsup_.obj
 0001:0001e4e5       __local_unwind2            1001f4e5 f   libvcruntime:_exsup_.obj
 0001:0001e569       __abnormal_termination     1001f569 f   libvcruntime:_exsup_.obj
 0001:0001e58c       __NLG_Notify1              1001f58c f   libvcruntime:_exsup_.obj
 0001:0001e595       __NLG_Notify               1001f595 f   libvcruntime:_exsup_.obj
 0001:0001e5ac       __NLG_Dispatch2            1001f5ac     libvcruntime:_exsup_.obj
 0001:0001e5ac       __NLG_Dispatch             1001f5ac     libvcruntime:_exsup_.obj
 0001:0001e5b4       __NLG_Call                 1001f5b4 f   libvcruntime:_exsup_.obj
 0001:0001e5b6       __NLG_Return2              1001f5b6     libvcruntime:_exsup_.obj
 0001:0001e604       ??$__crt_fast_decode_pointer@P6AXXZ@@YAP6AXXZQ6AXXZ@Z 1001f604 f i libvcruntime:purevirt.obj
 0001:0001e61d       ??$__crt_interlocked_compare_exchange_pointer@$$A6AXXZ$$T$$T@@YAP6AXXZPDS6AXXZ$$T1@Z 1001f61d f i libvcruntime:purevirt.obj
 0001:0001e633       ??$__crt_interlocked_exchange_pointer@$$A6AXXZP6AXXZ@@YAP6AXXZPDS6AXXZQ6AXXZ@Z 1001f633 f i libvcruntime:purevirt.obj
 0001:0001e643       ??$__crt_interlocked_read_pointer@$$A6AXXZ@@YAP6AXXZPDS6AXXZ@Z 1001f643 f i libvcruntime:purevirt.obj
 0001:0001e657       __get_purecall_handler     1001f657 f   libvcruntime:purevirt.obj
 0001:0001e67d       __purecall                 1001f67d f   libvcruntime:purevirt.obj
 0001:0001e69e       __set_purecall_handler     1001f69e f   libvcruntime:purevirt.obj
 0001:0001e6cc       _malloc                    1001f6cc f   libucrt:malloc.obj
 0001:0001e6d9       ??$?RPAU__crt_stdio_stream_data@@@__crt_internal_free_policy@@QBEXQBQAU__crt_stdio_stream_data@@@Z 1001f6d9 f i libucrt:_file.obj
 0001:0001e6ef       ??0?$__crt_unique_heap_ptr@PAU__crt_stdio_stream_data@@U__crt_internal_free_policy@@@@QAE@QAPAU__crt_stdio_stream_data@@@Z 1001f6ef f i libucrt:_file.obj
 0001:0001e703       ??0__crt_stdio_stream@@QAE@QAU_iobuf@@@Z 1001f703 f i libucrt:_file.obj
 0001:0001e717       ??1?$__crt_unique_heap_ptr@PAU__crt_stdio_stream_data@@U__crt_internal_free_policy@@@@QAE@XZ 1001f717 f i libucrt:_file.obj
 0001:0001e72d       ??C__crt_stdio_stream@@QBEPAU__crt_stdio_stream_data@@XZ 1001f72d f i libucrt:_file.obj
 0001:0001e730       ?detach@?$__crt_unique_heap_ptr@PAU__crt_stdio_stream_data@@U__crt_internal_free_policy@@@@QAEPAPAU__crt_stdio_stream_data@@XZ 1001f730 f i libucrt:_file.obj
 0001:0001e736       ?release@?$__crt_unique_heap_ptr@PAU__crt_stdio_stream_data@@U__crt_internal_free_policy@@@@QAEXXZ 1001f736 f i libucrt:_file.obj
 0001:0001e74c       ___acrt_initialize_stdio   1001f74c f   libucrt:_file.obj
 0001:0001e846       ___acrt_iob_func           1001f846 f   libucrt:_file.obj
 0001:0001e85a       ___acrt_uninitialize_stdio 1001f85a f   libucrt:_file.obj
 0001:0001e8b9       __get_stream_buffer_pointers 1001f8b9 f   libucrt:_file.obj
 0001:0001e910       __lock_file                1001f910 f   libucrt:_file.obj
 0001:0001e929       __unlock_file              1001f929 f   libucrt:_file.obj
 0001:0001e942       ??$?0ABV?$stream_output_adapter@D@__crt_stdio_output@@AB_KABQBDABQAU__crt_locale_pointers@@ABQAD@?$format_validation_base@DV?$stream_output_adapter@D@__crt_stdio_output@@@__crt_stdio_output@@IAE@ABV?$stream_output_adapter@D@1@AB_KABQBDABQAU__crt_locale_pointers@@ABQAD@Z 1001f942 f i libucrt:output.obj
 0001:0001e96d       ??$?0ABV?$stream_output_adapter@D@__crt_stdio_output@@AB_KABQBDABQAU__crt_locale_pointers@@ABQAD@?$positional_parameter_base@DV?$stream_output_adapter@D@__crt_stdio_output@@@__crt_stdio_output@@IAE@ABV?$stream_output_adapter@D@1@AB_KABQBDABQAU__crt_locale_pointers@@ABQAD@Z 1001f96d f i libucrt:output.obj
 0001:0001e9c7       ??$?0ABV?$stream_output_adapter@D@__crt_stdio_output@@AB_KABQBDABQAU__crt_locale_pointers@@ABQAD@?$standard_base@DV?$stream_output_adapter@D@__crt_stdio_output@@@__crt_stdio_output@@IAE@ABV?$stream_output_adapter@D@1@AB_KABQBDABQAU__crt_locale_pointers@@ABQAD@Z 1001f9c7 f i libucrt:output.obj
 0001:0001ea09       ??$?0ABV?$stream_output_adapter@_W@__crt_stdio_output@@AB_KABQB_WABQAU__crt_locale_pointers@@ABQAD@?$format_validation_base@_WV?$stream_output_adapter@_W@__crt_stdio_output@@@__crt_stdio_output@@IAE@ABV?$stream_output_adapter@_W@1@AB_KABQB_WABQAU__crt_locale_pointers@@ABQAD@Z 1001fa09 f i libucrt:output.obj
 0001:0001ea34       ??$?0ABV?$stream_output_adapter@_W@__crt_stdio_output@@AB_KABQB_WABQAU__crt_locale_pointers@@ABQAD@?$positional_parameter_base@_WV?$stream_output_adapter@_W@__crt_stdio_output@@@__crt_stdio_output@@IAE@ABV?$stream_output_adapter@_W@1@AB_KABQB_WABQAU__crt_locale_pointers@@ABQAD@Z 1001fa34 f i libucrt:output.obj
 0001:0001ea8e       ??$?0ABV?$stream_output_adapter@_W@__crt_stdio_output@@AB_KABQB_WABQAU__crt_locale_pointers@@ABQAD@?$standard_base@_WV?$stream_output_adapter@_W@__crt_stdio_output@@@__crt_stdio_output@@IAE@ABV?$stream_output_adapter@_W@1@AB_KABQB_WABQAU__crt_locale_pointers@@ABQAD@Z 1001fa8e f i libucrt:output.obj
 0001:0001ead0       ??$?0ABV?$string_output_adapter@D@__crt_stdio_output@@AB_KABQBDABQAU__crt_locale_pointers@@ABQAD@?$format_validation_base@DV?$string_output_adapter@D@__crt_stdio_output@@@__crt_stdio_output@@IAE@ABV?$string_output_adapter@D@1@AB_KABQBDABQAU__crt_locale_pointers@@ABQAD@Z 1001fad0 f i libucrt:output.obj
 0001:0001eafb       ??$?0ABV?$string_output_adapter@D@__crt_stdio_output@@AB_KABQBDABQAU__crt_locale_pointers@@ABQAD@?$positional_parameter_base@DV?$string_output_adapter@D@__crt_stdio_output@@@__crt_stdio_output@@IAE@ABV?$string_output_adapter@D@1@AB_KABQBDABQAU__crt_locale_pointers@@ABQAD@Z 1001fafb f i libucrt:output.obj
 0001:0001eb55       ??$?0ABV?$string_output_adapter@D@__crt_stdio_output@@AB_KABQBDABQAU__crt_locale_pointers@@ABQAD@?$standard_base@DV?$string_output_adapter@D@__crt_stdio_output@@@__crt_stdio_output@@IAE@ABV?$string_output_adapter@D@1@AB_KABQBDABQAU__crt_locale_pointers@@ABQAD@Z 1001fb55 f i libucrt:output.obj
 0001:0001eb97       ??$?0ABV?$string_output_adapter@_W@__crt_stdio_output@@AB_KABQB_WABQAU__crt_locale_pointers@@ABQAD@?$format_validation_base@_WV?$string_output_adapter@_W@__crt_stdio_output@@@__crt_stdio_output@@IAE@ABV?$string_output_adapter@_W@1@AB_KABQB_WABQAU__crt_locale_pointers@@ABQAD@Z 1001fb97 f i libucrt:output.obj
 0001:0001ebc2       ??$?0ABV?$string_output_adapter@_W@__crt_stdio_output@@AB_KABQB_WABQAU__crt_locale_pointers@@ABQAD@?$positional_parameter_base@_WV?$string_output_adapter@_W@__crt_stdio_output@@@__crt_stdio_output@@IAE@ABV?$string_output_adapter@_W@1@AB_KABQB_WABQAU__crt_locale_pointers@@ABQAD@Z 1001fbc2 f i libucrt:output.obj
 0001:0001ec1c       ??$?0ABV?$string_output_adapter@_W@__crt_stdio_output@@AB_KABQB_WABQAU__crt_locale_pointers@@ABQAD@?$standard_base@_WV?$string_output_adapter@_W@__crt_stdio_output@@@__crt_stdio_output@@IAE@ABV?$string_output_adapter@_W@1@AB_KABQB_WABQAU__crt_locale_pointers@@ABQAD@Z 1001fc1c f i libucrt:output.obj
 0001:0001ec5e       ??$?RV<lambda_2293f24e3ce1ad6fe22ccfb9dec07671>@@AAV<lambda_2565fc715a641e539f44ad02d6823606>@@V<lambda_d3217f279b832965d9ca670dc2993570>@@@?$__crt_seh_guarded_call@H@@QAEH$$QAV<lambda_2293f24e3ce1ad6fe22ccfb9dec07671>@@AAV<lambda_2565fc715a641e539f44ad02d6823606>@@$$QAV<lambda_d3217f279b832965d9ca670dc2993570>@@@Z 1001fc5e f i libucrt:output.obj
 0001:0001ecc3       ??$?RV<lambda_4d4ac866be0fa3c441830420fabdd2cb>@@AAV<lambda_63a10c2dc8dbb9e4dd1890be52af7c93>@@V<lambda_002af9fa0f8fe472b648c51882d4fc32>@@@?$__crt_seh_guarded_call@H@@QAEH$$QAV<lambda_4d4ac866be0fa3c441830420fabdd2cb>@@AAV<lambda_63a10c2dc8dbb9e4dd1890be52af7c93>@@$$QAV<lambda_002af9fa0f8fe472b648c51882d4fc32>@@@Z 1001fcc3 f i libucrt:output.obj
 0001:0001ed28       ??$?RV<lambda_5be909dfbae0a631386585770cd7b676>@@AAV<lambda_e516058a9c289d98c8ca9fea99247804>@@V<lambda_afe2e0cdc5e0ecf6f0d6f5e2f8985e38>@@@?$__crt_seh_guarded_call@H@@QAEH$$QAV<lambda_5be909dfbae0a631386585770cd7b676>@@AAV<lambda_e516058a9c289d98c8ca9fea99247804>@@$$QAV<lambda_afe2e0cdc5e0ecf6f0d6f5e2f8985e38>@@@Z 1001fd28 f i libucrt:output.obj
 0001:0001ed8d       ??$?RV<lambda_823d65812123d985753d53e2a8c25d20>@@AAV<lambda_0a97c9e57da7be065955385c79108ff2>@@V<lambda_4d2973f3ad2d226f00468307185dca1b>@@@?$__crt_seh_guarded_call@H@@QAEH$$QAV<lambda_823d65812123d985753d53e2a8c25d20>@@AAV<lambda_0a97c9e57da7be065955385c79108ff2>@@$$QAV<lambda_4d2973f3ad2d226f00468307185dca1b>@@@Z 1001fd8d f i libucrt:output.obj
 0001:0001edf2       ??$?RV<lambda_ab9923ffb5d694ec0d78876dd103e44f>@@AAV<lambda_481dd5778c961fbcd3b60b650e9b9dc4>@@V<lambda_7923d86c9e3f319b415918ec4b39749c>@@@?$__crt_seh_guarded_call@H@@QAEH$$QAV<lambda_ab9923ffb5d694ec0d78876dd103e44f>@@AAV<lambda_481dd5778c961fbcd3b60b650e9b9dc4>@@$$QAV<lambda_7923d86c9e3f319b415918ec4b39749c>@@@Z 1001fdf2 f i libucrt:output.obj
 0001:0001ee57       ??$?RV<lambda_db08b09ef7aa9d4f8620ce68402612bc>@@AAV<lambda_4f2c1eaeead2a5fc776db5b62ea0fb9b>@@V<lambda_3ae262bc35d4ba6a3825c4f6bcaaf95c>@@@?$__crt_seh_guarded_call@H@@QAEH$$QAV<lambda_db08b09ef7aa9d4f8620ce68402612bc>@@AAV<lambda_4f2c1eaeead2a5fc776db5b62ea0fb9b>@@$$QAV<lambda_3ae262bc35d4ba6a3825c4f6bcaaf95c>@@@Z 1001fe57 f i libucrt:output.obj
 0001:0001eebc       ??$__acrt_lock_stream_and_call@V<lambda_0a97c9e57da7be065955385c79108ff2>@@@@YAHQAU_iobuf@@$$QAV<lambda_0a97c9e57da7be065955385c79108ff2>@@@Z 1001febc f i libucrt:output.obj
 0001:0001eeee       ??$__acrt_lock_stream_and_call@V<lambda_2565fc715a641e539f44ad02d6823606>@@@@YAHQAU_iobuf@@$$QAV<lambda_2565fc715a641e539f44ad02d6823606>@@@Z 1001feee f i libucrt:output.obj
 0001:0001ef20       ??$__acrt_lock_stream_and_call@V<lambda_481dd5778c961fbcd3b60b650e9b9dc4>@@@@YAHQAU_iobuf@@$$QAV<lambda_481dd5778c961fbcd3b60b650e9b9dc4>@@@Z 1001ff20 f i libucrt:output.obj
 0001:0001ef52       ??$__acrt_lock_stream_and_call@V<lambda_4f2c1eaeead2a5fc776db5b62ea0fb9b>@@@@YAHQAU_iobuf@@$$QAV<lambda_4f2c1eaeead2a5fc776db5b62ea0fb9b>@@@Z 1001ff52 f i libucrt:output.obj
 0001:0001ef84       ??$__acrt_lock_stream_and_call@V<lambda_63a10c2dc8dbb9e4dd1890be52af7c93>@@@@YAHQAU_iobuf@@$$QAV<lambda_63a10c2dc8dbb9e4dd1890be52af7c93>@@@Z 1001ff84 f i libucrt:output.obj
 0001:0001efb6       ??$__acrt_lock_stream_and_call@V<lambda_e516058a9c289d98c8ca9fea99247804>@@@@YAHQAU_iobuf@@$$QAV<lambda_e516058a9c289d98c8ca9fea99247804>@@@Z 1001ffb6 f i libucrt:output.obj
 0001:0001efe8       ??$__crt_interlocked_read@J@@YAJPDJ@Z 1001ffe8 f i libucrt:output.obj
 0001:00020233       ??$count@D@formatting_buffer@__crt_stdio_output@@QBEIXZ 10021233 f i libucrt:output.obj
 0001:00020251       ??$data@D@formatting_buffer@__crt_stdio_output@@QAEPADXZ 10021251 f i libucrt:output.obj
 0001:00020261       ??$data@_W@formatting_buffer@__crt_stdio_output@@QAEPA_WXZ 10021261 f i libucrt:output.obj
 0001:00020271       ??$ensure_buffer_is_big_enough@D@formatting_buffer@__crt_stdio_output@@QAE_NI@Z 10021271 f i libucrt:output.obj
 0001:00020318       ??$extract_argument_from_va_list@C_J@?$positional_parameter_base@DV?$stream_output_adapter@D@__crt_stdio_output@@@__crt_stdio_output@@IAE_NAA_J@Z 10021318 f i libucrt:output.obj
 0001:000203b6       ??$extract_argument_from_va_list@C_J@?$positional_parameter_base@DV?$string_output_adapter@D@__crt_stdio_output@@@__crt_stdio_output@@IAE_NAA_J@Z 100213b6 f i libucrt:output.obj
 0001:00020454       ??$extract_argument_from_va_list@C_J@?$positional_parameter_base@_WV?$stream_output_adapter@_W@__crt_stdio_output@@@__crt_stdio_output@@IAE_NAA_J@Z 10021454 f i libucrt:output.obj
 0001:000204f2       ??$extract_argument_from_va_list@C_J@?$positional_parameter_base@_WV?$string_output_adapter@_W@__crt_stdio_output@@@__crt_stdio_output@@IAE_NAA_J@Z 100214f2 f i libucrt:output.obj
 0001:00020590       ??$extract_argument_from_va_list@C_J@?$standard_base@DV?$stream_output_adapter@D@__crt_stdio_output@@@__crt_stdio_output@@IAE_NAA_J@Z 10021590 f i libucrt:output.obj
 0001:000205b6       ??$extract_argument_from_va_list@C_J@?$standard_base@DV?$string_output_adapter@D@__crt_stdio_output@@@__crt_stdio_output@@IAE_NAA_J@Z 100215b6 f i libucrt:output.obj
 0001:000205dc       ??$extract_argument_from_va_list@C_J@?$standard_base@_WV?$stream_output_adapter@_W@__crt_stdio_output@@@__crt_stdio_output@@IAE_NAA_J@Z 100215dc f i libucrt:output.obj
 0001:00020602       ??$extract_argument_from_va_list@C_J@?$standard_base@_WV?$string_output_adapter@_W@__crt_stdio_output@@@__crt_stdio_output@@IAE_NAA_J@Z 10021602 f i libucrt:output.obj
 0001:00020628       ??$extract_argument_from_va_list@E_J@?$positional_parameter_base@DV?$stream_output_adapter@D@__crt_stdio_output@@@__crt_stdio_output@@IAE_NAA_J@Z 10021628 f i libucrt:output.obj
 0001:000206c6       ??$extract_argument_from_va_list@E_J@?$positional_parameter_base@DV?$string_output_adapter@D@__crt_stdio_output@@@__crt_stdio_output@@IAE_NAA_J@Z 100216c6 f i libucrt:output.obj
 0001:00020764       ??$extract_argument_from_va_list@E_J@?$positional_parameter_base@_WV?$stream_output_adapter@_W@__crt_stdio_output@@@__crt_stdio_output@@IAE_NAA_J@Z 10021764 f i libucrt:output.obj
 0001:00020802       ??$extract_argument_from_va_list@E_J@?$positional_parameter_base@_WV?$string_output_adapter@_W@__crt_stdio_output@@@__crt_stdio_output@@IAE_NAA_J@Z 10021802 f i libucrt:output.obj
 0001:000208a0       ??$extract_argument_from_va_list@E_J@?$standard_base@DV?$stream_output_adapter@D@__crt_stdio_output@@@__crt_stdio_output@@IAE_NAA_J@Z 100218a0 f i libucrt:output.obj
 0001:000208c6       ??$extract_argument_from_va_list@E_J@?$standard_base@DV?$string_output_adapter@D@__crt_stdio_output@@@__crt_stdio_output@@IAE_NAA_J@Z 100218c6 f i libucrt:output.obj
 0001:000208ec       ??$extract_argument_from_va_list@E_J@?$standard_base@_WV?$stream_output_adapter@_W@__crt_stdio_output@@@__crt_stdio_output@@IAE_NAA_J@Z 100218ec f i libucrt:output.obj
 0001:00020912       ??$extract_argument_from_va_list@E_J@?$standard_base@_WV?$string_output_adapter@_W@__crt_stdio_output@@@__crt_stdio_output@@IAE_NAA_J@Z 10021912 f i libucrt:output.obj
 0001:00020938       ??$extract_argument_from_va_list@F_J@?$positional_parameter_base@DV?$stream_output_adapter@D@__crt_stdio_output@@@__crt_stdio_output@@IAE_NAA_J@Z 10021938 f i libucrt:output.obj
 0001:000209d6       ??$extract_argument_from_va_list@F_J@?$positional_parameter_base@DV?$string_output_adapter@D@__crt_stdio_output@@@__crt_stdio_output@@IAE_NAA_J@Z 100219d6 f i libucrt:output.obj
 0001:00020a74       ??$extract_argument_from_va_list@F_J@?$positional_parameter_base@_WV?$stream_output_adapter@_W@__crt_stdio_output@@@__crt_stdio_output@@IAE_NAA_J@Z 10021a74 f i libucrt:output.obj
 0001:00020b12       ??$extract_argument_from_va_list@F_J@?$positional_parameter_base@_WV?$string_output_adapter@_W@__crt_stdio_output@@@__crt_stdio_output@@IAE_NAA_J@Z 10021b12 f i libucrt:output.obj
 0001:00020bb0       ??$extract_argument_from_va_list@F_J@?$standard_base@DV?$stream_output_adapter@D@__crt_stdio_output@@@__crt_stdio_output@@IAE_NAA_J@Z 10021bb0 f i libucrt:output.obj
 0001:00020bd6       ??$extract_argument_from_va_list@F_J@?$standard_base@DV?$string_output_adapter@D@__crt_stdio_output@@@__crt_stdio_output@@IAE_NAA_J@Z 10021bd6 f i libucrt:output.obj
 0001:00020bfc       ??$extract_argument_from_va_list@F_J@?$standard_base@_WV?$stream_output_adapter@_W@__crt_stdio_output@@@__crt_stdio_output@@IAE_NAA_J@Z 10021bfc f i libucrt:output.obj
 0001:00020c22       ??$extract_argument_from_va_list@F_J@?$standard_base@_WV?$string_output_adapter@_W@__crt_stdio_output@@@__crt_stdio_output@@IAE_NAA_J@Z 10021c22 f i libucrt:output.obj
 0001:00020c48       ??$extract_argument_from_va_list@GD@?$positional_parameter_base@DV?$stream_output_adapter@D@__crt_stdio_output@@@__crt_stdio_output@@IAE_NAAD@Z 10021c48 f i libucrt:output.obj
 0001:00020ce5       ??$extract_argument_from_va_list@GD@?$positional_parameter_base@DV?$string_output_adapter@D@__crt_stdio_output@@@__crt_stdio_output@@IAE_NAAD@Z 10021ce5 f i libucrt:output.obj
 0001:00020d82       ??$extract_argument_from_va_list@GD@?$standard_base@DV?$stream_output_adapter@D@__crt_stdio_output@@@__crt_stdio_output@@IAE_NAAD@Z 10021d82 f i libucrt:output.obj
 0001:00020da2       ??$extract_argument_from_va_list@GD@?$standard_base@DV?$string_output_adapter@D@__crt_stdio_output@@@__crt_stdio_output@@IAE_NAAD@Z 10021da2 f i libucrt:output.obj
 0001:00020dc2       ??$extract_argument_from_va_list@G_J@?$positional_parameter_base@DV?$stream_output_adapter@D@__crt_stdio_output@@@__crt_stdio_output@@IAE_NAA_J@Z 10021dc2 f i libucrt:output.obj
 0001:00020e60       ??$extract_argument_from_va_list@G_J@?$positional_parameter_base@DV?$string_output_adapter@D@__crt_stdio_output@@@__crt_stdio_output@@IAE_NAA_J@Z 10021e60 f i libucrt:output.obj
 0001:00020efe       ??$extract_argument_from_va_list@G_J@?$positional_parameter_base@_WV?$stream_output_adapter@_W@__crt_stdio_output@@@__crt_stdio_output@@IAE_NAA_J@Z 10021efe f i libucrt:output.obj
 0001:00020f9c       ??$extract_argument_from_va_list@G_J@?$positional_parameter_base@_WV?$string_output_adapter@_W@__crt_stdio_output@@@__crt_stdio_output@@IAE_NAA_J@Z 10021f9c f i libucrt:output.obj
 0001:0002103a       ??$extract_argument_from_va_list@G_J@?$standard_base@DV?$stream_output_adapter@D@__crt_stdio_output@@@__crt_stdio_output@@IAE_NAA_J@Z 1002203a f i libucrt:output.obj
 0001:00021060       ??$extract_argument_from_va_list@G_J@?$standard_base@DV?$string_output_adapter@D@__crt_stdio_output@@@__crt_stdio_output@@IAE_NAA_J@Z 10022060 f i libucrt:output.obj
 0001:00021086       ??$extract_argument_from_va_list@G_J@?$standard_base@_WV?$stream_output_adapter@_W@__crt_stdio_output@@@__crt_stdio_output@@IAE_NAA_J@Z 10022086 f i libucrt:output.obj
 0001:000210ac       ??$extract_argument_from_va_list@G_J@?$standard_base@_WV?$string_output_adapter@_W@__crt_stdio_output@@@__crt_stdio_output@@IAE_NAA_J@Z 100220ac f i libucrt:output.obj
 0001:000210d2       ??$extract_argument_from_va_list@H_J@?$positional_parameter_base@DV?$stream_output_adapter@D@__crt_stdio_output@@@__crt_stdio_output@@IAE_NAA_J@Z 100220d2 f i libucrt:output.obj
 0001:0002116e       ??$extract_argument_from_va_list@H_J@?$positional_parameter_base@DV?$string_output_adapter@D@__crt_stdio_output@@@__crt_stdio_output@@IAE_NAA_J@Z 1002216e f i libucrt:output.obj
 0001:0002120a       ??$extract_argument_from_va_list@H_J@?$positional_parameter_base@_WV?$stream_output_adapter@_W@__crt_stdio_output@@@__crt_stdio_output@@IAE_NAA_J@Z 1002220a f i libucrt:output.obj
 0001:000212a6       ??$extract_argument_from_va_list@H_J@?$positional_parameter_base@_WV?$string_output_adapter@_W@__crt_stdio_output@@@__crt_stdio_output@@IAE_NAA_J@Z 100222a6 f i libucrt:output.obj
 0001:00021342       ??$extract_argument_from_va_list@H_J@?$standard_base@DV?$stream_output_adapter@D@__crt_stdio_output@@@__crt_stdio_output@@IAE_NAA_J@Z 10022342 f i libucrt:output.obj
 0001:00021367       ??$extract_argument_from_va_list@H_J@?$standard_base@DV?$string_output_adapter@D@__crt_stdio_output@@@__crt_stdio_output@@IAE_NAA_J@Z 10022367 f i libucrt:output.obj
 0001:0002138c       ??$extract_argument_from_va_list@H_J@?$standard_base@_WV?$stream_output_adapter@_W@__crt_stdio_output@@@__crt_stdio_output@@IAE_NAA_J@Z 1002238c f i libucrt:output.obj
 0001:000213b1       ??$extract_argument_from_va_list@H_J@?$standard_base@_WV?$string_output_adapter@_W@__crt_stdio_output@@@__crt_stdio_output@@IAE_NAA_J@Z 100223b1 f i libucrt:output.obj
 0001:000213d6       ??$extract_argument_from_va_list@I_J@?$positional_parameter_base@DV?$stream_output_adapter@D@__crt_stdio_output@@@__crt_stdio_output@@IAE_NAA_J@Z 100223d6 f i libucrt:output.obj
 0001:0002147d       ??$extract_argument_from_va_list@I_J@?$positional_parameter_base@DV?$string_output_adapter@D@__crt_stdio_output@@@__crt_stdio_output@@IAE_NAA_J@Z 1002247d f i libucrt:output.obj
 0001:00021524       ??$extract_argument_from_va_list@I_J@?$positional_parameter_base@_WV?$stream_output_adapter@_W@__crt_stdio_output@@@__crt_stdio_output@@IAE_NAA_J@Z 10022524 f i libucrt:output.obj
 0001:000215cb       ??$extract_argument_from_va_list@I_J@?$positional_parameter_base@_WV?$string_output_adapter@_W@__crt_stdio_output@@@__crt_stdio_output@@IAE_NAA_J@Z 100225cb f i libucrt:output.obj
 0001:00021672       ??$extract_argument_from_va_list@I_J@?$standard_base@DV?$stream_output_adapter@D@__crt_stdio_output@@@__crt_stdio_output@@IAE_NAA_J@Z 10022672 f i libucrt:output.obj
 0001:00021697       ??$extract_argument_from_va_list@I_J@?$standard_base@DV?$string_output_adapter@D@__crt_stdio_output@@@__crt_stdio_output@@IAE_NAA_J@Z 10022697 f i libucrt:output.obj
 0001:000216bc       ??$extract_argument_from_va_list@I_J@?$standard_base@_WV?$stream_output_adapter@_W@__crt_stdio_output@@@__crt_stdio_output@@IAE_NAA_J@Z 100226bc f i libucrt:output.obj
 0001:000216e1       ??$extract_argument_from_va_list@I_J@?$standard_base@_WV?$string_output_adapter@_W@__crt_stdio_output@@@__crt_stdio_output@@IAE_NAA_J@Z 100226e1 f i libucrt:output.obj
 0001:00021706       ??$extract_argument_from_va_list@PADPAD@?$positional_parameter_base@DV?$stream_output_adapter@D@__crt_stdio_output@@@__crt_stdio_output@@IAE_NAAPAD@Z 10022706 f i libucrt:output.obj
 0001:000217a3       ??$extract_argument_from_va_list@PADPAD@?$positional_parameter_base@DV?$string_output_adapter@D@__crt_stdio_output@@@__crt_stdio_output@@IAE_NAAPAD@Z 100227a3 f i libucrt:output.obj
 0001:00021840       ??$extract_argument_from_va_list@PADPAD@?$positional_parameter_base@_WV?$stream_output_adapter@_W@__crt_stdio_output@@@__crt_stdio_output@@IAE_NAAPAD@Z 10022840 f i libucrt:output.obj
 0001:000218dd       ??$extract_argument_from_va_list@PADPAD@?$positional_parameter_base@_WV?$string_output_adapter@_W@__crt_stdio_output@@@__crt_stdio_output@@IAE_NAAPAD@Z 100228dd f i libucrt:output.obj
 0001:0002197a       ??$extract_argument_from_va_list@PADPAD@?$standard_base@DV?$stream_output_adapter@D@__crt_stdio_output@@@__crt_stdio_output@@IAE_NAAPAD@Z 1002297a f i libucrt:output.obj
 0001:0002199a       ??$extract_argument_from_va_list@PADPAD@?$standard_base@DV?$string_output_adapter@D@__crt_stdio_output@@@__crt_stdio_output@@IAE_NAAPAD@Z 1002299a f i libucrt:output.obj
 0001:000219ba       ??$extract_argument_from_va_list@PADPAD@?$standard_base@_WV?$stream_output_adapter@_W@__crt_stdio_output@@@__crt_stdio_output@@IAE_NAAPAD@Z 100229ba f i libucrt:output.obj
 0001:000219da       ??$extract_argument_from_va_list@PADPAD@?$standard_base@_WV?$string_output_adapter@_W@__crt_stdio_output@@@__crt_stdio_output@@IAE_NAAPAD@Z 100229da f i libucrt:output.obj
 0001:000219fa       ??$extract_argument_from_va_list@PAUansi_string@?1??type_case_Z@?$output_processor@DV?$stream_output_adapter@D@__crt_stdio_output@@V?$format_validation_base@DV?$stream_output_adapter@D@__crt_stdio_output@@@2@@__crt_stdio_output@@AAE_NXZ@PAU1?1??234@AAE_NXZ@@?$standard_base@DV?$stream_output_adapter@D@__crt_stdio_output@@@__crt_stdio_output@@IAE_NAAPAUansi_string@?1??type_case_Z@?$output_processor@DV?$stream_output_adapter@D@__crt_stdio_output@@V?$format_validation_base@DV?$stream_output_adapter@D@__crt_stdio_output@@@2@@1@AAE_NXZ@@Z 100229fa f i libucrt:output.obj
 0001:00021a1a       ??$extract_argument_from_va_list@PAUansi_string@?1??type_case_Z@?$output_processor@DV?$stream_output_adapter@D@__crt_stdio_output@@V?$positional_parameter_base@DV?$stream_output_adapter@D@__crt_stdio_output@@@2@@__crt_stdio_output@@AAE_NXZ@PAU1?1??234@AAE_NXZ@@?$positional_parameter_base@DV?$stream_output_adapter@D@__crt_stdio_output@@@__crt_stdio_output@@IAE_NAAPAUansi_string@?1??type_case_Z@?$output_processor@DV?$stream_output_adapter@D@__crt_stdio_output@@V?$positional_parameter_base@DV?$stream_output_adapter@D@__crt_stdio_output@@@2@@1@AAE_NXZ@@Z 10022a1a f i libucrt:output.obj
 0001:00021ab7       ??$extract_argument_from_va_list@PAUansi_string@?1??type_case_Z@?$output_processor@DV?$stream_output_adapter@D@__crt_stdio_output@@V?$positional_parameter_base@DV?$stream_output_adapter@D@__crt_stdio_output@@@2@@__crt_stdio_output@@AAE_NXZ@PAU1?1??234@AAE_NXZ@@?$standard_base@DV?$stream_output_adapter@D@__crt_stdio_output@@@__crt_stdio_output@@IAE_NAAPAUansi_string@?1??type_case_Z@?$output_processor@DV?$stream_output_adapter@D@__crt_stdio_output@@V?$positional_parameter_base@DV?$stream_output_adapter@D@__crt_stdio_output@@@2@@1@AAE_NXZ@@Z 10022ab7 f i libucrt:output.obj
 0001:00021ad7       ??$extract_argument_from_va_list@PAUansi_string@?1??type_case_Z@?$output_processor@DV?$stream_output_adapter@D@__crt_stdio_output@@V?$standard_base@DV?$stream_output_adapter@D@__crt_stdio_output@@@2@@__crt_stdio_output@@AAE_NXZ@PAU1?1??234@AAE_NXZ@@?$standard_base@DV?$stream_output_adapter@D@__crt_stdio_output@@@__crt_stdio_output@@IAE_NAAPAUansi_string@?1??type_case_Z@?$output_processor@DV?$stream_output_adapter@D@__crt_stdio_output@@V?$standard_base@DV?$stream_output_adapter@D@__crt_stdio_output@@@2@@1@AAE_NXZ@@Z 10022ad7 f i libucrt:output.obj
 0001:00021af7       ??$extract_argument_from_va_list@PAUansi_string@?1??type_case_Z@?$output_processor@DV?$string_output_adapter@D@__crt_stdio_output@@V?$format_validation_base@DV?$string_output_adapter@D@__crt_stdio_output@@@2@@__crt_stdio_output@@AAE_NXZ@PAU1?1??234@AAE_NXZ@@?$standard_base@DV?$string_output_adapter@D@__crt_stdio_output@@@__crt_stdio_output@@IAE_NAAPAUansi_string@?1??type_case_Z@?$output_processor@DV?$string_output_adapter@D@__crt_stdio_output@@V?$format_validation_base@DV?$string_output_adapter@D@__crt_stdio_output@@@2@@1@AAE_NXZ@@Z 10022af7 f i libucrt:output.obj
 0001:00021b17       ??$extract_argument_from_va_list@PAUansi_string@?1??type_case_Z@?$output_processor@DV?$string_output_adapter@D@__crt_stdio_output@@V?$positional_parameter_base@DV?$string_output_adapter@D@__crt_stdio_output@@@2@@__crt_stdio_output@@AAE_NXZ@PAU1?1??234@AAE_NXZ@@?$positional_parameter_base@DV?$string_output_adapter@D@__crt_stdio_output@@@__crt_stdio_output@@IAE_NAAPAUansi_string@?1??type_case_Z@?$output_processor@DV?$string_output_adapter@D@__crt_stdio_output@@V?$positional_parameter_base@DV?$string_output_adapter@D@__crt_stdio_output@@@2@@1@AAE_NXZ@@Z 10022b17 f i libucrt:output.obj
 0001:00021bb4       ??$extract_argument_from_va_list@PAUansi_string@?1??type_case_Z@?$output_processor@DV?$string_output_adapter@D@__crt_stdio_output@@V?$positional_parameter_base@DV?$string_output_adapter@D@__crt_stdio_output@@@2@@__crt_stdio_output@@AAE_NXZ@PAU1?1??234@AAE_NXZ@@?$standard_base@DV?$string_output_adapter@D@__crt_stdio_output@@@__crt_stdio_output@@IAE_NAAPAUansi_string@?1??type_case_Z@?$output_processor@DV?$string_output_adapter@D@__crt_stdio_output@@V?$positional_parameter_base@DV?$string_output_adapter@D@__crt_stdio_output@@@2@@1@AAE_NXZ@@Z 10022bb4 f i libucrt:output.obj
 0001:00021bd4       ??$extract_argument_from_va_list@PAUansi_string@?1??type_case_Z@?$output_processor@DV?$string_output_adapter@D@__crt_stdio_output@@V?$standard_base@DV?$string_output_adapter@D@__crt_stdio_output@@@2@@__crt_stdio_output@@AAE_NXZ@PAU1?1??234@AAE_NXZ@@?$standard_base@DV?$string_output_adapter@D@__crt_stdio_output@@@__crt_stdio_output@@IAE_NAAPAUansi_string@?1??type_case_Z@?$output_processor@DV?$string_output_adapter@D@__crt_stdio_output@@V?$standard_base@DV?$string_output_adapter@D@__crt_stdio_output@@@2@@1@AAE_NXZ@@Z 10022bd4 f i libucrt:output.obj
 0001:00021bf4       ??$extract_argument_from_va_list@PAUansi_string@?1??type_case_Z@?$output_processor@_WV?$stream_output_adapter@_W@__crt_stdio_output@@V?$format_validation_base@_WV?$stream_output_adapter@_W@__crt_stdio_output@@@2@@__crt_stdio_output@@AAE_NXZ@PAU1?1??234@AAE_NXZ@@?$standard_base@_WV?$stream_output_adapter@_W@__crt_stdio_output@@@__crt_stdio_output@@IAE_NAAPAUansi_string@?1??type_case_Z@?$output_processor@_WV?$stream_output_adapter@_W@__crt_stdio_output@@V?$format_validation_base@_WV?$stream_output_adapter@_W@__crt_stdio_output@@@2@@1@AAE_NXZ@@Z 10022bf4 f i libucrt:output.obj
 0001:00021c14       ??$extract_argument_from_va_list@PAUansi_string@?1??type_case_Z@?$output_processor@_WV?$stream_output_adapter@_W@__crt_stdio_output@@V?$positional_parameter_base@_WV?$stream_output_adapter@_W@__crt_stdio_output@@@2@@__crt_stdio_output@@AAE_NXZ@PAU1?1??234@AAE_NXZ@@?$positional_parameter_base@_WV?$stream_output_adapter@_W@__crt_stdio_output@@@__crt_stdio_output@@IAE_NAAPAUansi_string@?1??type_case_Z@?$output_processor@_WV?$stream_output_adapter@_W@__crt_stdio_output@@V?$positional_parameter_base@_WV?$stream_output_adapter@_W@__crt_stdio_output@@@2@@1@AAE_NXZ@@Z 10022c14 f i libucrt:output.obj
 0001:00021cb1       ??$extract_argument_from_va_list@PAUansi_string@?1??type_case_Z@?$output_processor@_WV?$stream_output_adapter@_W@__crt_stdio_output@@V?$positional_parameter_base@_WV?$stream_output_adapter@_W@__crt_stdio_output@@@2@@__crt_stdio_output@@AAE_NXZ@PAU1?1??234@AAE_NXZ@@?$standard_base@_WV?$stream_output_adapter@_W@__crt_stdio_output@@@__crt_stdio_output@@IAE_NAAPAUansi_string@?1??type_case_Z@?$output_processor@_WV?$stream_output_adapter@_W@__crt_stdio_output@@V?$positional_parameter_base@_WV?$stream_output_adapter@_W@__crt_stdio_output@@@2@@1@AAE_NXZ@@Z 10022cb1 f i libucrt:output.obj
 0001:00021cd1       ??$extract_argument_from_va_list@PAUansi_string@?1??type_case_Z@?$output_processor@_WV?$stream_output_adapter@_W@__crt_stdio_output@@V?$standard_base@_WV?$stream_output_adapter@_W@__crt_stdio_output@@@2@@__crt_stdio_output@@AAE_NXZ@PAU1?1??234@AAE_NXZ@@?$standard_base@_WV?$stream_output_adapter@_W@__crt_stdio_output@@@__crt_stdio_output@@IAE_NAAPAUansi_string@?1??type_case_Z@?$output_processor@_WV?$stream_output_adapter@_W@__crt_stdio_output@@V?$standard_base@_WV?$stream_output_adapter@_W@__crt_stdio_output@@@2@@1@AAE_NXZ@@Z 10022cd1 f i libucrt:output.obj
 0001:00021cf1       ??$extract_argument_from_va_list@PAUansi_string@?1??type_case_Z@?$output_processor@_WV?$string_output_adapter@_W@__crt_stdio_output@@V?$format_validation_base@_WV?$string_output_adapter@_W@__crt_stdio_output@@@2@@__crt_stdio_output@@AAE_NXZ@PAU1?1??234@AAE_NXZ@@?$standard_base@_WV?$string_output_adapter@_W@__crt_stdio_output@@@__crt_stdio_output@@IAE_NAAPAUansi_string@?1??type_case_Z@?$output_processor@_WV?$string_output_adapter@_W@__crt_stdio_output@@V?$format_validation_base@_WV?$string_output_adapter@_W@__crt_stdio_output@@@2@@1@AAE_NXZ@@Z 10022cf1 f i libucrt:output.obj
 0001:00021d11       ??$extract_argument_from_va_list@PAUansi_string@?1??type_case_Z@?$output_processor@_WV?$string_output_adapter@_W@__crt_stdio_output@@V?$positional_parameter_base@_WV?$string_output_adapter@_W@__crt_stdio_output@@@2@@__crt_stdio_output@@AAE_NXZ@PAU1?1??234@AAE_NXZ@@?$positional_parameter_base@_WV?$string_output_adapter@_W@__crt_stdio_output@@@__crt_stdio_output@@IAE_NAAPAUansi_string@?1??type_case_Z@?$output_processor@_WV?$string_output_adapter@_W@__crt_stdio_output@@V?$positional_parameter_base@_WV?$string_output_adapter@_W@__crt_stdio_output@@@2@@1@AAE_NXZ@@Z 10022d11 f i libucrt:output.obj
 0001:00021dae       ??$extract_argument_from_va_list@PAUansi_string@?1??type_case_Z@?$output_processor@_WV?$string_output_adapter@_W@__crt_stdio_output@@V?$positional_parameter_base@_WV?$string_output_adapter@_W@__crt_stdio_output@@@2@@__crt_stdio_output@@AAE_NXZ@PAU1?1??234@AAE_NXZ@@?$standard_base@_WV?$string_output_adapter@_W@__crt_stdio_output@@@__crt_stdio_output@@IAE_NAAPAUansi_string@?1??type_case_Z@?$output_processor@_WV?$string_output_adapter@_W@__crt_stdio_output@@V?$positional_parameter_base@_WV?$string_output_adapter@_W@__crt_stdio_output@@@2@@1@AAE_NXZ@@Z 10022dae f i libucrt:output.obj
 0001:00021dce       ??$extract_argument_from_va_list@PAUansi_string@?1??type_case_Z@?$output_processor@_WV?$string_output_adapter@_W@__crt_stdio_output@@V?$standard_base@_WV?$string_output_adapter@_W@__crt_stdio_output@@@2@@__crt_stdio_output@@AAE_NXZ@PAU1?1??234@AAE_NXZ@@?$standard_base@_WV?$string_output_adapter@_W@__crt_stdio_output@@@__crt_stdio_output@@IAE_NAAPAUansi_string@?1??type_case_Z@?$output_processor@_WV?$string_output_adapter@_W@__crt_stdio_output@@V?$standard_base@_WV?$string_output_adapter@_W@__crt_stdio_output@@@2@@1@AAE_NXZ@@Z 10022dce f i libucrt:output.obj
 0001:00021dee       ??$extract_argument_from_va_list@PAXPAX@?$positional_parameter_base@DV?$stream_output_adapter@D@__crt_stdio_output@@@__crt_stdio_output@@IAE_NAAPAX@Z 10022dee f i libucrt:output.obj
 0001:00021e8b       ??$extract_argument_from_va_list@PAXPAX@?$positional_parameter_base@DV?$string_output_adapter@D@__crt_stdio_output@@@__crt_stdio_output@@IAE_NAAPAX@Z 10022e8b f i libucrt:output.obj
 0001:00021f28       ??$extract_argument_from_va_list@PAXPAX@?$positional_parameter_base@_WV?$stream_output_adapter@_W@__crt_stdio_output@@@__crt_stdio_output@@IAE_NAAPAX@Z 10022f28 f i libucrt:output.obj
 0001:00021fc5       ??$extract_argument_from_va_list@PAXPAX@?$positional_parameter_base@_WV?$string_output_adapter@_W@__crt_stdio_output@@@__crt_stdio_output@@IAE_NAAPAX@Z 10022fc5 f i libucrt:output.obj
 0001:00022062       ??$extract_argument_from_va_list@PAXPAX@?$standard_base@DV?$stream_output_adapter@D@__crt_stdio_output@@@__crt_stdio_output@@IAE_NAAPAX@Z 10023062 f i libucrt:output.obj
 0001:00022082       ??$extract_argument_from_va_list@PAXPAX@?$standard_base@DV?$string_output_adapter@D@__crt_stdio_output@@@__crt_stdio_output@@IAE_NAAPAX@Z 10023082 f i libucrt:output.obj
 0001:000220a2       ??$extract_argument_from_va_list@PAXPAX@?$standard_base@_WV?$stream_output_adapter@_W@__crt_stdio_output@@@__crt_stdio_output@@IAE_NAAPAX@Z 100230a2 f i libucrt:output.obj
 0001:000220c2       ??$extract_argument_from_va_list@PAXPAX@?$standard_base@_WV?$string_output_adapter@_W@__crt_stdio_output@@@__crt_stdio_output@@IAE_NAAPAX@Z 100230c2 f i libucrt:output.obj
 0001:000220e2       ??$extract_argument_from_va_list@U_CRT_DOUBLE@@U1@@?$positional_parameter_base@DV?$stream_output_adapter@D@__crt_stdio_output@@@__crt_stdio_output@@IAE_NAAU_CRT_DOUBLE@@@Z 100230e2 f i libucrt:output.obj
 0001:00022193       ??$extract_argument_from_va_list@U_CRT_DOUBLE@@U1@@?$positional_parameter_base@DV?$string_output_adapter@D@__crt_stdio_output@@@__crt_stdio_output@@IAE_NAAU_CRT_DOUBLE@@@Z 10023193 f i libucrt:output.obj
 0001:00022244       ??$extract_argument_from_va_list@U_CRT_DOUBLE@@U1@@?$positional_parameter_base@_WV?$stream_output_adapter@_W@__crt_stdio_output@@@__crt_stdio_output@@IAE_NAAU_CRT_DOUBLE@@@Z 10023244 f i libucrt:output.obj
 0001:000222f5       ??$extract_argument_from_va_list@U_CRT_DOUBLE@@U1@@?$positional_parameter_base@_WV?$string_output_adapter@_W@__crt_stdio_output@@@__crt_stdio_output@@IAE_NAAU_CRT_DOUBLE@@@Z 100232f5 f i libucrt:output.obj
 0001:000223a6       ??$extract_argument_from_va_list@U_CRT_DOUBLE@@U1@@?$standard_base@DV?$stream_output_adapter@D@__crt_stdio_output@@@__crt_stdio_output@@IAE_NAAU_CRT_DOUBLE@@@Z 100233a6 f i libucrt:output.obj
 0001:000223ce       ??$extract_argument_from_va_list@U_CRT_DOUBLE@@U1@@?$standard_base@DV?$string_output_adapter@D@__crt_stdio_output@@@__crt_stdio_output@@IAE_NAAU_CRT_DOUBLE@@@Z 100233ce f i libucrt:output.obj
 0001:000223f6       ??$extract_argument_from_va_list@U_CRT_DOUBLE@@U1@@?$standard_base@_WV?$stream_output_adapter@_W@__crt_stdio_output@@@__crt_stdio_output@@IAE_NAAU_CRT_DOUBLE@@@Z 100233f6 f i libucrt:output.obj
 0001:0002241e       ??$extract_argument_from_va_list@U_CRT_DOUBLE@@U1@@?$standard_base@_WV?$string_output_adapter@_W@__crt_stdio_output@@@__crt_stdio_output@@IAE_NAAU_CRT_DOUBLE@@@Z 1002341e f i libucrt:output.obj
 0001:00022446       ??$extract_argument_from_va_list@_J_J@?$positional_parameter_base@DV?$stream_output_adapter@D@__crt_stdio_output@@@__crt_stdio_output@@IAE_NAA_J@Z 10023446 f i libucrt:output.obj
 0001:000224f7       ??$extract_argument_from_va_list@_J_J@?$positional_parameter_base@DV?$string_output_adapter@D@__crt_stdio_output@@@__crt_stdio_output@@IAE_NAA_J@Z 100234f7 f i libucrt:output.obj
 0001:000225a8       ??$extract_argument_from_va_list@_J_J@?$positional_parameter_base@_WV?$stream_output_adapter@_W@__crt_stdio_output@@@__crt_stdio_output@@IAE_NAA_J@Z 100235a8 f i libucrt:output.obj
 0001:00022659       ??$extract_argument_from_va_list@_J_J@?$positional_parameter_base@_WV?$string_output_adapter@_W@__crt_stdio_output@@@__crt_stdio_output@@IAE_NAA_J@Z 10023659 f i libucrt:output.obj
 0001:0002270a       ??$extract_argument_from_va_list@_J_J@?$standard_base@DV?$stream_output_adapter@D@__crt_stdio_output@@@__crt_stdio_output@@IAE_NAA_J@Z 1002370a f i libucrt:output.obj
 0001:00022732       ??$extract_argument_from_va_list@_J_J@?$standard_base@DV?$string_output_adapter@D@__crt_stdio_output@@@__crt_stdio_output@@IAE_NAA_J@Z 10023732 f i libucrt:output.obj
 0001:0002275a       ??$extract_argument_from_va_list@_J_J@?$standard_base@_WV?$stream_output_adapter@_W@__crt_stdio_output@@@__crt_stdio_output@@IAE_NAA_J@Z 1002375a f i libucrt:output.obj
 0001:00022782       ??$extract_argument_from_va_list@_J_J@?$standard_base@_WV?$string_output_adapter@_W@__crt_stdio_output@@@__crt_stdio_output@@IAE_NAA_J@Z 10023782 f i libucrt:output.obj
 0001:000227aa       ??$extract_argument_from_va_list@_K_J@?$positional_parameter_base@DV?$stream_output_adapter@D@__crt_stdio_output@@@__crt_stdio_output@@IAE_NAA_J@Z 100237aa f i libucrt:output.obj
 0001:0002285b       ??$extract_argument_from_va_list@_K_J@?$positional_parameter_base@DV?$string_output_adapter@D@__crt_stdio_output@@@__crt_stdio_output@@IAE_NAA_J@Z 1002385b f i libucrt:output.obj
 0001:0002290c       ??$extract_argument_from_va_list@_K_J@?$positional_parameter_base@_WV?$stream_output_adapter@_W@__crt_stdio_output@@@__crt_stdio_output@@IAE_NAA_J@Z 1002390c f i libucrt:output.obj
 0001:000229bd       ??$extract_argument_from_va_list@_K_J@?$positional_parameter_base@_WV?$string_output_adapter@_W@__crt_stdio_output@@@__crt_stdio_output@@IAE_NAA_J@Z 100239bd f i libucrt:output.obj
 0001:00022a6e       ??$extract_argument_from_va_list@_K_J@?$standard_base@DV?$stream_output_adapter@D@__crt_stdio_output@@@__crt_stdio_output@@IAE_NAA_J@Z 10023a6e f i libucrt:output.obj
 0001:00022a96       ??$extract_argument_from_va_list@_K_J@?$standard_base@DV?$string_output_adapter@D@__crt_stdio_output@@@__crt_stdio_output@@IAE_NAA_J@Z 10023a96 f i libucrt:output.obj
 0001:00022abe       ??$extract_argument_from_va_list@_K_J@?$standard_base@_WV?$stream_output_adapter@_W@__crt_stdio_output@@@__crt_stdio_output@@IAE_NAA_J@Z 10023abe f i libucrt:output.obj
 0001:00022ae6       ??$extract_argument_from_va_list@_K_J@?$standard_base@_WV?$string_output_adapter@_W@__crt_stdio_output@@@__crt_stdio_output@@IAE_NAA_J@Z 10023ae6 f i libucrt:output.obj
[...]
 0003:000068e0       _CANAC2_2_send_mb3         100788e0     <common>
 0003:00006c00       _CANAC2_1_receive_mb3      10078c00     <common>
 0003:00006f20       _CANAC2_1_send_mb3         10078f20     <common>
 0003:00007240       _CANAC2_2_receiveindex_mb2 10079240     <common>
 0003:00007560       _CANAC2_2_receivemaxindex_mb2 10079560     <common>
 0003:00007580       _CANAC2_2_sendindex_mb2    10079580     <common>
 0003:000078a0       _CANAC2_2_sendmaxindex_mb2 100798a0     <common>
 0003:000078c0       _CANAC2_1_receiveindex_mb2 100798c0     <common>
 0003:00007be0       _CANAC2_1_receivemaxindex_mb2 10079be0     <common>
 0003:00007c00       _CANAC2_1_sendindex_mb2    10079c00     <common>
 0003:00007f20       _CANAC2_1_sendmaxindex_mb2 10079f20     <common>
 0003:00007f40       _CANAC2_2_receive_mb2      10079f40     <common>
 0003:00008260       _CANAC2_2_send_mb2         1007a260     <common>
 0003:00008580       _CANAC2_1_receive_mb2      1007a580     <common>
 0003:000088a0       _CANAC2_1_send_mb2         1007a8a0     <common>
 0003:00008bc0       _CANAC2_2_receiveindex_mb1 1007abc0     <common>
 0003:00008ee0       _CANAC2_2_receivemaxindex_mb1 1007aee0     <common>
 0003:00008f00       _CANAC2_2_sendindex_mb1    1007af00     <common>
 0003:00009220       _CANAC2_2_sendmaxindex_mb1 1007b220     <common>
 0003:00009240       _CANAC2_1_receiveindex_mb1 1007b240     <common>
 0003:00009560       _CANAC2_1_receivemaxindex_mb1 1007b560     <common>
 0003:00009580       _CANAC2_1_sendindex_mb1    1007b580     <common>
 0003:000098a0       _CANAC2_1_sendmaxindex_mb1 1007b8a0     <common>
 0003:000098c0       _CANAC2_2_receive_mb1      1007b8c0     <common>
 0003:00009be0       _CANAC2_2_send_mb1         1007bbe0     <common>
 0003:00009f00       _CANAC2_1_receive_mb1      1007bf00     <common>
 0003:0000a220       _CANAC2_1_send_mb1         1007c220     <common>
 0003:0000a540       _CANAC2_2_receiveindex     1007c540     <common>
 0003:0000a860       _CANAC2_2_receivemaxindex  1007c860     <common>
 0003:0000a880       _CANAC2_2_sendindex        1007c880     <common>
 0003:0000aba0       _CANAC2_2_sendmaxindex     1007cba0     <common>
 0003:0000abc0       _CANAC2_1_receiveindex     1007cbc0     <common>
 0003:0000aee0       _CANAC2_1_receivemaxindex  1007cee0     <common>
 0003:0000af00       _CANAC2_1_sendindex        1007cf00     <common>
 0003:0000b220       _CANAC2_1_sendmaxindex     1007d220     <common>
 0003:0000b240       _CANAC2_2_receive          1007d240     <common>
 0003:0000b560       _CANAC2_2_send             1007d560     <common>
 0003:0000b880       _CANAC2_1_receive          1007d880     <common>
 0003:0000bba0       _CANAC2_1_send             1007dba0     <common>
 0003:0000bec0       _siepowercan_can_object_buffer_port2 1007dec0     <common>
 0003:0000fee0       _siepowercan_can_object_buffer_port1 10081ee0     <common>
 0003:00013ee0       _rtNaNF                    10085ee0     <common>
 0003:00013ef4       _rtMinusInfF               10085ef4     <common>
 0003:00013ef8       _rtInfF                    10085ef8     <common>
 0003:00013f00       _rtNaN                     10085f00     <common>
 0003:00013f08       _rtMinusInf                10085f08     <common>
 0003:00013f10       _rtInf                     10085f10     <common>
 0003:00013f18       ?_OptionsStorage@?1??__local_stdio_printf_options@@9@9 10085f18     <common>
 0003:000141c0       _E_stopnew_M_              100861c0     <common>
 0003:00014de0       _E_stopnew_DW              10086de0     <common>
 0003:00014e80       _E_stopnew_B               10086e80     <common>
 0003:00014e98       _CloseClientSocket         10086e98     <common>
 0003:00014f00       _ConnectClientSocket       10086f00     <common>
 0003:00014f04       _BindClientSocket          10086f04     <common>
 0003:00014f08       _CreateClientSocket        10086f08     <common>
 0003:00014f0c       _CloseServerSocket         10086f0c     <common>
 0003:00014f10       _ConnectServerSocket       10086f10     <common>
 0003:00014f14       _OpenServerListen          10086f14     <common>
 0003:00014f18       _CreateServerSocket        10086f18     <common>
 0003:00014f1c       _SocketReceive             10086f1c     <common>
 0003:00014f20       _SocketSend                10086f20     <common>
 0003:00014f24       _GetSocketState            10086f24     <common>
 0003:00014f28       _GetSocket                 10086f28     <common>
 0003:00014f2c       _socket                    10086f2c     <common>
 0003:00014f30       _inet_addr                 10086f30     <common>
 0003:00014f34       _sendto                    10086f34     <common>
 0003:00014f38       _recvfrom                  10086f38     <common>
 0003:00014f3c       _listen                    10086f3c     <common>
 0003:00014f40       _ioctlsocket               10086f40     <common>
 0003:00014f44       _connect                   10086f44     <common>
 0003:00014f48       _closesocket               10086f48     <common>
 0003:00014f4c       _setsockopt                10086f4c     <common>
 0003:00014f50       _bind                      10086f50     <common>
 0003:00014f54       _accept                    10086f54     <common>
 0003:00014f58       _GetHostTarIPAdd           10086f58     <common>
 0003:00014f5c       _GetDCUUsage               10086f5c     <common>
 0003:00014f60       _DeleteRoute               10086f60     <common>
 0003:00014f64       _AddGatewayRoute           10086f64     <common>
 0003:00014f68       _SetIP                     10086f68     <common>
 0003:00014f6c       _CloseInterface            10086f6c     <common>
 0003:00014f70       _OpenInterface             10086f70     <common>
 0003:00014f74       _SetIPTASKPriority         10086f74     <common>
 0003:00014f78       _isUsedByRTIP              10086f78     <common>
 0003:00014f7c       _slrtWarning               10086f7c     <common>
 0003:00014f80       _slrtGetCPUTCelsius        10086f80     <common>
 0003:00014f84       _geterrorstring            10086f84     <common>
 0003:00014f88       _getlasterror              10086f88     <common>
 0003:00014f8c       _slrtLogEvent              10086f8c     <common>
 0003:00014f90       _slrtGetDefaultDrive       10086f90     <common>
 0003:00014f94       _slrtfsFread               10086f94     <common>
 0003:00014f98       _slrtfsGetFileStatus       10086f98     <common>
 0003:00014f9c       _slrtfsOpenFileAsync       10086f9c     <common>
 0003:00014fa0       _slrtfsCloseFileAsync      10086fa0     <common>
 0003:00014fa4       _slrtfsGetFileErrorMessage 10086fa4     <common>
 0003:00014fa8       _slrtfsGetFileError        10086fa8     <common>
 0003:00014fac       _slrtfsWriteToFile         10086fac     <common>
 0003:00014fb0       _slrtfsCloseFile           10086fb0     <common>
 0003:00014fb4       _slrtfsOpenFile            10086fb4     <common>
 0003:00014fb8       _slrtGetSgCRBSpace         10086fb8     <common>
 0003:00014fbc       _slrtGetCRBScratchSpace    10086fbc     <common>
 0003:00014fc0       _slrteSetupMSI             10086fc0     <common>
 0003:00014fc4       _slTestRegAssessment       10086fc4     <common>
 0003:00014fc8       _slTestTerminate           10086fc8     <common>
 0003:00014fcc       _slTestEvalOnFail          10086fcc     <common>
 0003:00014fd0       _slTestLogAssessments      10086fd0     <common>
 0003:00014fd4       _slTestInitialize          10086fd4     <common>
 0003:00014fd8       _unRegisterPTPTimeRead     10086fd8     <common>
 0003:00014fdc       _registerPTPTimeRead       10086fdc     <common>
 0003:00014fe0       _slrteGetCurrentStepSize   10086fe0     <common>
 0003:00014fe4       _slrteSetStepSizeDelta     10086fe4     <common>
 0003:00014fe8       _xpceGetIntTimerGranularityNS 10086fe8     <common>
 0003:00014fec       _xpceDAQUpdateTimeStamp    10086fec     <common>
 0003:00014ff0       _xpceDAQPostEvent          10086ff0     <common>
 0003:00014ff4       _StreamVideo               10086ff4     <common>
 0003:00014ff8       _StopVideoDisplay          10086ff8     <common>
 0003:00014ffc       _StartVideoDisplay         10086ffc     <common>
 0003:00015000       _DestroyVideoDisplay       10087000     <common>
 0003:00015004       _CreateVideoDisplay        10087004     <common>
 0003:00015008       _ConvertUImage             10087008     <common>
 0003:0001500c       _StopVideo                 1008700c     <common>
 0003:00015010       _ReadFrameBuffer           10087010     <common>
 0003:00015014       _StartVideo                10087014     <common>
 0003:00015018       _GetVideoConfigs           10087018     <common>
 0003:0001501c       _FindUsbVideoDevice        1008701c     <common>
 0003:00015020       _xpceDeleteSemaphore       10087020     <common>
 0003:00015024       _xpceSignalSemaphore       10087024     <common>
 0003:00015028       _xpceWaitSemaphore         10087028     <common>
 0003:0001502c       _xpceCreateSemaphore       1008702c     <common>
 0003:00015030       _TBGiveSpinFast            10087030     <common>
 0003:00015034       _TBTakeSpinFast            10087034     <common>
 0003:00015038       _TBDeleteSpin              10087038     <common>
 0003:0001503c       _TBCreateSpin              1008703c     <common>
 0003:00015040       _xpceScopeAcqOK            10087040     <common>
 0003:00015044       _rl32eRestartAcquisition   10087044     <common>
 0003:00015048       _rl32eSetTargetScopeSigFt  10087048     <common>
 0003:0001504c       _rl32eSetTargetScope       1008704c     <common>
 0003:00015050       _xpceFSScopeSet            10087050     <common>
 0003:00015054       _rl32eSetScope             10087054     <common>
 0003:00015058       _rl32eAddSignal            10087058     <common>
 0003:0001505c       _rl32eGetSignalNo          1008705c     <common>
 0003:00015060       _rl32eDefScope             10087060     <common>
 0003:00015064       _rl32eScopeExists          10087064     <common>
 0003:00015068       _xpceGetParamDims          10087068     <common>
 0003:0001506c       _xpceGetParameter          1008706c     <common>
 0003:00015070       _xpceSetParameter          10087070     <common>
 0003:00015074       _xpceGetSignalValue        10087074     <common>
 0003:00015078       _xpceAssignPCIInterrupt    10087078     <common>
 0003:0001507c       _rl32eGetPCIInfoAtSlot     1008707c     <common>
 0003:00015080       _rl32eGetPCIInfo           10087080     <common>
 0003:00015084       _rl32eShowPCIInfo          10087084     <common>
 0003:00015088       _rl32eShowPCIDev           10087088     <common>
 0003:0001508c       _xpceGetTET                1008708c     <common>
 0003:00015090       _xpceaddEvent              10087090     <common>
 0003:00015094       _xpceDeRegisterISR         10087094     <common>
 0003:00015098       _xpceRegisterISR           10087098     <common>
 0003:0001509c       _xpcIsModelInit            1008709c     <common>
 0003:000150a0       _xpcGetElapsedTime         100870a0     <common>
 0003:000150a4       _xpcBusyWait               100870a4     <common>
 0003:000150a8       _xpcFreePhysicalMemory     100870a8     <common>
 0003:000150ac       _xpcAllocPhysicalMemory    100870ac     <common>
 0003:000150b0       _xpcReserveMemoryRegion    100870b0     <common>
 0003:000150b4       _xpcOutpB                  100870b4     <common>
 0003:000150b8       _xpcOutpW                  100870b8     <common>
 0003:000150bc       _xpcOutpDW                 100870bc     <common>
 0003:000150c0       _xpcInpB                   100870c0     <common>
 0003:000150c4       _xpcInpW                   100870c4     <common>
 0003:000150c8       _xpcInpDW                  100870c8     <common>
 0003:000150cc       ___scrt_ucrt_dll_is_in_use 100870cc     <common>
 0003:000150d8       ___dyn_tls_init_callback   100870d8     <common>
 0003:000150e4       __pDestructExceptionObject 100870e4     <common>
 0003:000150f0       __pmatherr                 100870f0     <common>
 0003:000150fc       ___use_sse2_mathfcns       100870fc     <common>
 0004:00000000       __imp__GetModuleHandleA@4  10088000     kernel32:KERNEL32.dll
 0004:00000004       __imp__GetProcAddress@8    10088004     kernel32:KERNEL32.dll
 0004:00000008       __imp__UnhandledExceptionFilter@4 10088008     kernel32:KERNEL32.dll
 0004:0000000c       __imp__SetUnhandledExceptionFilter@4 1008800c     kernel32:KERNEL32.dll
 0004:00000010       __imp__GetCurrentProcess@0 10088010     kernel32:KERNEL32.dll
 0004:00000014       __imp__TerminateProcess@8  10088014     kernel32:KERNEL32.dll
 0004:00000018       __imp__IsProcessorFeaturePresent@4 10088018     kernel32:KERNEL32.dll
 0004:0000001c       __imp__QueryPerformanceCounter@4 1008801c     kernel32:KERNEL32.dll
 0004:00000020       __imp__GetCurrentProcessId@0 10088020     kernel32:KERNEL32.dll
 0004:00000024       __imp__GetCurrentThreadId@0 10088024     kernel32:KERNEL32.dll
 0004:00000028       __imp__GetSystemTimeAsFileTime@4 10088028     kernel32:KERNEL32.dll
 0004:0000002c       __imp__InitializeSListHead@4 1008802c     kernel32:KERNEL32.dll
 0004:00000030       __imp__IsDebuggerPresent@0 10088030     kernel32:KERNEL32.dll
 0004:00000034       __imp__GetStartupInfoW@4   10088034     kernel32:KERNEL32.dll
 0004:00000038       __imp__GetModuleHandleW@4  10088038     kernel32:KERNEL32.dll
 0004:0000003c       __imp__InterlockedPushEntrySList@8 1008803c     kernel32:KERNEL32.dll
 0004:00000040       __imp__InterlockedFlushSList@4 10088040     kernel32:KERNEL32.dll
 0004:00000044       __imp__RtlUnwind@16        10088044     kernel32:KERNEL32.dll
 0004:00000048       __imp__GetLastError@0      10088048     kernel32:KERNEL32.dll
 0004:0000004c       __imp__SetLastError@4      1008804c     kernel32:KERNEL32.dll
 0004:00000050       __imp__EnterCriticalSection@4 10088050     kernel32:KERNEL32.dll
 0004:00000054       __imp__LeaveCriticalSection@4 10088054     kernel32:KERNEL32.dll
 0004:00000058       __imp__DeleteCriticalSection@4 10088058     kernel32:KERNEL32.dll
 0004:0000005c       __imp__InitializeCriticalSectionAndSpinCount@8 1008805c     kernel32:KERNEL32.dll
 0004:00000060       __imp__TlsAlloc@0          10088060     kernel32:KERNEL32.dll
 0004:00000064       __imp__TlsGetValue@4       10088064     kernel32:KERNEL32.dll
 0004:00000068       __imp__TlsSetValue@8       10088068     kernel32:KERNEL32.dll
 0004:0000006c       __imp__TlsFree@4           1008806c     kernel32:KERNEL32.dll
 0004:00000070       __imp__FreeLibrary@4       10088070     kernel32:KERNEL32.dll
 0004:00000074       __imp__LoadLibraryExW@12   10088074     kernel32:KERNEL32.dll
 0004:00000078       __imp__GetStdHandle@4      10088078     kernel32:KERNEL32.dll
 0004:0000007c       __imp__GetFileType@4       1008807c     kernel32:KERNEL32.dll
 0004:00000080       __imp__GetModuleFileNameA@12 10088080     kernel32:KERNEL32.dll
 0004:00000084       __imp__GetModuleFileNameW@12 10088084     kernel32:KERNEL32.dll
 0004:00000088       __imp__GetModuleHandleExW@12 10088088     kernel32:KERNEL32.dll
 0004:0000008c       __imp__WriteConsoleW@20    1008808c     kernel32:KERNEL32.dll
 0004:00000090       __imp__ExitProcess@4       10088090     kernel32:KERNEL32.dll
 0004:00000094       __imp__RaiseException@16   10088094     kernel32:KERNEL32.dll
 0004:00000098       __imp__MultiByteToWideChar@24 10088098     kernel32:KERNEL32.dll
 0004:0000009c       __imp__WideCharToMultiByte@32 1008809c     kernel32:KERNEL32.dll
 0004:000000a0       __imp__HeapFree@12         100880a0     kernel32:KERNEL32.dll
 0004:000000a4       __imp__HeapAlloc@12        100880a4     kernel32:KERNEL32.dll
 0004:000000a8       __imp__GetDateFormatW@24   100880a8     kernel32:KERNEL32.dll
 0004:000000ac       __imp__GetTimeFormatW@24   100880ac     kernel32:KERNEL32.dll
 0004:000000b0       __imp__CompareStringW@24   100880b0     kernel32:KERNEL32.dll
 0004:000000b4       __imp__LCMapStringW@24     100880b4     kernel32:KERNEL32.dll
 0004:000000b8       __imp__GetLocaleInfoW@16   100880b8     kernel32:KERNEL32.dll
 0004:000000bc       __imp__IsValidLocale@8     100880bc     kernel32:KERNEL32.dll
 0004:000000c0       __imp__GetUserDefaultLCID@0 100880c0     kernel32:KERNEL32.dll
 0004:000000c4       __imp__EnumSystemLocalesW@8 100880c4     kernel32:KERNEL32.dll
 0004:000000c8       __imp__GetCurrentThread@0  100880c8     kernel32:KERNEL32.dll
 0004:000000cc       __imp__GetACP@0            100880cc     kernel32:KERNEL32.dll
 0004:000000d0       __imp__WriteFile@20        100880d0     kernel32:KERNEL32.dll
 0004:000000d4       __imp__OutputDebugStringA@4 100880d4     kernel32:KERNEL32.dll
 0004:000000d8       __imp__OutputDebugStringW@4 100880d8     kernel32:KERNEL32.dll
 0004:000000dc       __imp__CloseHandle@4       100880dc     kernel32:KERNEL32.dll
 0004:000000e0       __imp__WaitForSingleObjectEx@12 100880e0     kernel32:KERNEL32.dll
 0004:000000e4       __imp__CreateThread@24     100880e4     kernel32:KERNEL32.dll
 0004:000000e8       __imp__SetConsoleCtrlHandler@8 100880e8     kernel32:KERNEL32.dll
 0004:000000ec       __imp__HeapReAlloc@16      100880ec     kernel32:KERNEL32.dll
 0004:000000f0       __imp__ReadFile@20         100880f0     kernel32:KERNEL32.dll
 0004:000000f4       __imp__GetConsoleMode@8    100880f4     kernel32:KERNEL32.dll
 0004:000000f8       __imp__ReadConsoleW@20     100880f8     kernel32:KERNEL32.dll
 0004:000000fc       __imp__GetConsoleCP@0      100880fc     kernel32:KERNEL32.dll
 0004:00000100       __imp__DeleteFileW@4       10088100     kernel32:KERNEL32.dll
 0004:00000104       __imp__SetFilePointerEx@20 10088104     kernel32:KERNEL32.dll
 0004:00000108       __imp__FindClose@4         10088108     kernel32:KERNEL32.dll
 0004:0000010c       __imp__FindFirstFileExA@24 1008810c     kernel32:KERNEL32.dll
 0004:00000110       __imp__FindFirstFileExW@24 10088110     kernel32:KERNEL32.dll
 0004:00000114       __imp__FindNextFileA@8     10088114     kernel32:KERNEL32.dll
 0004:00000118       __imp__FindNextFileW@8     10088118     kernel32:KERNEL32.dll
 0004:0000011c       __imp__IsValidCodePage@4   1008811c     kernel32:KERNEL32.dll
 0004:00000120       __imp__GetOEMCP@0          10088120     kernel32:KERNEL32.dll
 0004:00000124       __imp__GetCPInfo@8         10088124     kernel32:KERNEL32.dll
 0004:00000128       __imp__GetCommandLineA@0   10088128     kernel32:KERNEL32.dll
 0004:0000012c       __imp__GetCommandLineW@0   1008812c     kernel32:KERNEL32.dll
 0004:00000130       __imp__GetEnvironmentStringsW@0 10088130     kernel32:KERNEL32.dll
 0004:00000134       __imp__FreeEnvironmentStringsW@4 10088134     kernel32:KERNEL32.dll
 0004:00000138       __imp__SetEnvironmentVariableA@8 10088138     kernel32:KERNEL32.dll
 0004:0000013c       __imp__SetEnvironmentVariableW@8 1008813c     kernel32:KERNEL32.dll
 0004:00000140       __imp__GetProcessHeap@0    10088140     kernel32:KERNEL32.dll
 0004:00000144       __imp__GetStringTypeW@16   10088144     kernel32:KERNEL32.dll
 0004:00000148       __imp__FlushFileBuffers@4  10088148     kernel32:KERNEL32.dll
 0004:0000014c       __imp__SetStdHandle@8      1008814c     kernel32:KERNEL32.dll
 0004:00000150       __imp__CreateFileW@28      10088150     kernel32:KERNEL32.dll
 0004:00000154       __imp__HeapSize@12         10088154     kernel32:KERNEL32.dll
 0004:00000158       __imp__SetEndOfFile@4      10088158     kernel32:KERNEL32.dll
 0004:0000015c       __imp__EncodePointer@4     1008815c     kernel32:KERNEL32.dll
 0004:00000160       __imp__DecodePointer@4     10088160     kernel32:KERNEL32.dll
 0004:00000164       \177KERNEL32_NULL_THUNK_DATA 10088164     kernel32:KERNEL32.dll
 0004:000001d4       __IMPORT_DESCRIPTOR_KERNEL32 100881d4     kernel32:KERNEL32.dll
 0004:000001e8       __NULL_IMPORT_DESCRIPTOR   100881e8     kernel32:KERNEL32.dll
 0006:00000000       ___guard_check_icall_fptr  1008a000     LIBCMT:guard_support.obj
